Component: ARM Compiler 5.06 update 6 (build 750) Tool: armlink [4d35ed]

==============================================================================

Section Cross References

    startup_stm32f407xx.o(STACK) refers (Special) to heapauxi.o(.text) for __use_two_region_memory
    startup_stm32f407xx.o(HEAP) refers (Special) to heapauxi.o(.text) for __use_two_region_memory
    startup_stm32f407xx.o(RESET) refers (Special) to heapauxi.o(.text) for __use_two_region_memory
    startup_stm32f407xx.o(RESET) refers to startup_stm32f407xx.o(STACK) for __initial_sp
    startup_stm32f407xx.o(RESET) refers to startup_stm32f407xx.o(.text) for Reset_Handler
    startup_stm32f407xx.o(RESET) refers to stm32f4xx_it.o(i.NMI_Handler) for NMI_Handler
    startup_stm32f407xx.o(RESET) refers to stm32f4xx_it.o(i.HardFault_Handler) for HardFault_Handler
    startup_stm32f407xx.o(RESET) refers to stm32f4xx_it.o(i.MemManage_Handler) for MemManage_Handler
    startup_stm32f407xx.o(RESET) refers to stm32f4xx_it.o(i.BusFault_Handler) for BusFault_Handler
    startup_stm32f407xx.o(RESET) refers to stm32f4xx_it.o(i.UsageFault_Handler) for UsageFault_Handler
    startup_stm32f407xx.o(RESET) refers to stm32f4xx_it.o(i.SVC_Handler) for SVC_Handler
    startup_stm32f407xx.o(RESET) refers to stm32f4xx_it.o(i.DebugMon_Handler) for DebugMon_Handler
    startup_stm32f407xx.o(RESET) refers to stm32f4xx_it.o(i.PendSV_Handler) for PendSV_Handler
    startup_stm32f407xx.o(RESET) refers to stm32f4xx_it.o(i.SysTick_Handler) for SysTick_Handler
    startup_stm32f407xx.o(RESET) refers to stm32f4xx_it.o(i.DMA1_Stream5_IRQHandler) for DMA1_Stream5_IRQHandler
    startup_stm32f407xx.o(RESET) refers to stm32f4xx_it.o(i.DMA1_Stream6_IRQHandler) for DMA1_Stream6_IRQHandler
    startup_stm32f407xx.o(RESET) refers to stm32f4xx_it.o(i.ADC_IRQHandler) for ADC_IRQHandler
    startup_stm32f407xx.o(RESET) refers to stm32f4xx_it.o(i.TIM1_UP_TIM10_IRQHandler) for TIM1_UP_TIM10_IRQHandler
    startup_stm32f407xx.o(RESET) refers to stm32f4xx_it.o(i.TIM7_IRQHandler) for TIM7_IRQHandler
    startup_stm32f407xx.o(.text) refers (Special) to heapauxi.o(.text) for __use_two_region_memory
    startup_stm32f407xx.o(.text) refers to system_stm32f4xx.o(i.SystemInit) for SystemInit
    startup_stm32f407xx.o(.text) refers to __main.o(!!!main) for __main
    startup_stm32f407xx.o(.text) refers to startup_stm32f407xx.o(HEAP) for Heap_Mem
    startup_stm32f407xx.o(.text) refers to startup_stm32f407xx.o(STACK) for Stack_Mem
    control.o(i.PWM_Disable) refers to foc_lib.o(.bss) for current_PI_params
    control.o(i.PWM_Disable) refers to foc_lib.o(.data) for err_int_q_is
    control.o(i.PWM_Disable) refers to foc_lib.o(.data) for err_int_d_is
    control.o(i.PWM_Disable) refers to foc_lib.o(.data) for U_desired
    control.o(i.PWM_Disable) refers to foc_lib.o(.data) for i_Sdq_desired
    control.o(i.PWM_Disable) refers to foc_lib.o(.data) for u_Sdq
    control.o(i.PWM_Disable) refers to foc_lib.o(.data) for u_Sabc
    control.o(i.PWM_Disable) refers to foc_lib.o(.data) for sector
    control.o(i.PWM_Disable) refers to foc_lib.o(.data) for dir_step
    control.o(i.PWM_Disable) refers to foc_lib.o(.data) for omega_desired
    control.o(i.PWM_Load) refers to foc_lib.o(i.mult_r) for mult_r
    control.o(i.PWM_Load) refers to foc_lib.o(.data) for u_Sabc
    control.o(i.check_faults) refers to control.o(i.PWM_Disable) for PWM_Disable
    control.o(i.check_faults) refers to adc.o(.data) for adc_init
    control.o(i.check_faults) refers to tim.o(.bss) for htim1
    control.o(i.check_faults) refers to foc_lib.o(.data) for overcurrent
    control.o(i.check_faults) refers to foc_lib.o(.data) for power
    control.o(i.check_faults) refers to foc_lib.o(.data) for overvolt
    control.o(i.check_faults) refers to foc_lib.o(.data) for undervolt
    control.o(i.check_faults) refers to foc_lib.o(.data) for overload
    control.o(i.check_faults) refers to foc_lib.o(.data) for sensor_fault
    control.o(i.check_faults) refers to foc_lib.o(.data) for status_flag
    control.o(i.check_faults) refers to foc_lib.o(.data) for Command
    control.o(i.check_faults) refers to foc_lib.o(.data) for i_Sdq_desired
    control.o(i.check_faults) refers to foc_lib.o(.data) for i_sdq_max
    control.o(i.get_speed_encoder) refers to stm32f4xx_hal_gpio.o(i.HAL_GPIO_WritePin) for HAL_GPIO_WritePin
    control.o(i.get_speed_encoder) refers to foc_lib.o(.data) for Enc_in
    control.o(i.get_speed_encoder) refers to foc_lib.o(.data) for Enc_in_old
    control.o(i.get_speed_encoder) refers to foc_lib.o(.data) for delta_theta
    control.o(i.get_speed_encoder) refers to control.o(.data) for .data
    control.o(i.get_speed_encoder) refers to foc_lib.o(.data) for omega_actual
    control.o(i.motor_control) refers to control.o(i.PWM_Disable) for PWM_Disable
    control.o(i.motor_control) refers to control.o(i.PWM_Enable) for PWM_Enable
    control.o(i.motor_control) refers to foc_lib.o(i.PI_reg) for PI_reg
[...]
    i.TIM_ITRx_SetConfig                     0x08003a10   Section        0  stm32f4xx_hal_tim.o(i.TIM_ITRx_SetConfig)
    TIM_ITRx_SetConfig                       0x08003a11   Thumb Code    16  stm32f4xx_hal_tim.o(i.TIM_ITRx_SetConfig)
    i.TIM_OC1_SetConfig                      0x08003a20   Section        0  stm32f4xx_hal_tim.o(i.TIM_OC1_SetConfig)
    TIM_OC1_SetConfig                        0x08003a21   Thumb Code    96  stm32f4xx_hal_tim.o(i.TIM_OC1_SetConfig)
    i.TIM_OC2_SetConfig                      0x08003a88   Section        0  stm32f4xx_hal_tim.o(i.TIM_OC2_SetConfig)
    i.TIM_OC3_SetConfig                      0x08003afc   Section        0  stm32f4xx_hal_tim.o(i.TIM_OC3_SetConfig)
    TIM_OC3_SetConfig                        0x08003afd   Thumb Code   104  stm32f4xx_hal_tim.o(i.TIM_OC3_SetConfig)
    i.TIM_OC4_SetConfig                      0x08003b6c   Section        0  stm32f4xx_hal_tim.o(i.TIM_OC4_SetConfig)
    TIM_OC4_SetConfig                        0x08003b6d   Thumb Code    74  stm32f4xx_hal_tim.o(i.TIM_OC4_SetConfig)
    i.TIM_TI1_ConfigInputStage               0x08003bc0   Section        0  stm32f4xx_hal_tim.o(i.TIM_TI1_ConfigInputStage)
    TIM_TI1_ConfigInputStage                 0x08003bc1   Thumb Code    34  stm32f4xx_hal_tim.o(i.TIM_TI1_ConfigInputStage)
    i.TIM_TI2_ConfigInputStage               0x08003be2   Section        0  stm32f4xx_hal_tim.o(i.TIM_TI2_ConfigInputStage)
    TIM_TI2_ConfigInputStage                 0x08003be3   Thumb Code    36  stm32f4xx_hal_tim.o(i.TIM_TI2_ConfigInputStage)
    i.UART_SetConfig                         0x08003c08   Section        0  stm32f4xx_hal_uart.o(i.UART_SetConfig)
    UART_SetConfig                           0x08003c09   Thumb Code   266  stm32f4xx_hal_uart.o(i.UART_SetConfig)
    i.USER_Init                              0x08003d1c   Section        0  main.o(i.USER_Init)
    i.UsageFault_Handler                     0x08003d84   Section        0  stm32f4xx_it.o(i.UsageFault_Handler)
    i.__NVIC_SetPriority                     0x08003d86   Section        0  stm32f4xx_hal_cortex.o(i.__NVIC_SetPriority)
    __NVIC_SetPriority                       0x08003d87   Thumb Code    32  stm32f4xx_hal_cortex.o(i.__NVIC_SetPriority)
    i.check_faults                           0x08003da8   Section        0  control.o(i.check_faults)
    i.form_SinCos                            0x08003e8c   Section        0  foc_lib.o(i.form_SinCos)
    i.get_speed_encoder                      0x08003ecc   Section        0  control.o(i.get_speed_encoder)
    i.invPark                                0x08003f70   Section        0  foc_lib.o(i.invPark)
    i.main                                   0x08003fd0   Section        0  main.o(i.main)
    i.motor_control                          0x08004008   Section        0  control.o(i.motor_control)
    i.motor_control_add                      0x08004208   Section        0  control.o(i.motor_control_add)
    i.mult_r                                 0x08004294   Section        0  foc_lib.o(i.mult_r)
    x$fpl$fpinit                             0x0800429c   Section       10  fpinit.o(x$fpl$fpinit)
    $v0                                      0x0800429c   Number         0  fpinit.o(x$fpl$fpinit)
    .constdata                               0x080042a6   Section      514  foc_lib.o(.constdata)
    .constdata                               0x080044a8   Section        8  stm32f4xx_hal_dma.o(.constdata)
    flagBitshiftOffset                       0x080044a8   Data           8  stm32f4xx_hal_dma.o(.constdata)
    .constdata                               0x080044b0   Section       16  system_stm32f4xx.o(.constdata)
    .constdata                               0x080044c0   Section        8  system_stm32f4xx.o(.constdata)
    .data                                    0x20000000   Section        4  control.o(.data)
    t_i                                      0x20000000   Data           2  control.o(.data)
    .data                                    0x20000004   Section        1  foc_lib.o(.data)
    .data                                    0x20000006   Section        4  foc_lib.o(.data)
    .data                                    0x2000000a   Section        2  foc_lib.o(.data)
    .data                                    0x2000000c   Section        2  foc_lib.o(.data)
    .data                                    0x2000000e   Section        1  foc_lib.o(.data)
    .data                                    0x2000000f   Section        1  foc_lib.o(.data)
    .data                                    0x20000010   Section        1  foc_lib.o(.data)
    .data                                    0x20000011   Section        1  foc_lib.o(.data)
    .data                                    0x20000012   Section        1  foc_lib.o(.data)
    .data                                    0x20000013   Section        1  foc_lib.o(.data)
    .data                                    0x20000014   Section        2  foc_lib.o(.data)
    .data                                    0x20000016   Section        2  foc_lib.o(.data)
    .data                                    0x20000018   Section        2  foc_lib.o(.data)
    .data                                    0x2000001a   Section        2  foc_lib.o(.data)
    .data                                    0x2000001c   Section        2  foc_lib.o(.data)
    .data                                    0x2000001e   Section        2  foc_lib.o(.data)
    .data                                    0x20000020   Section        2  foc_lib.o(.data)
    .data                                    0x20000022   Section        6  foc_lib.o(.data)
    .data                                    0x20000028   Section        4  foc_lib.o(.data)
    .data                                    0x2000002c   Section        4  foc_lib.o(.data)
    .data                                    0x20000030   Section        2  foc_lib.o(.data)
    .data                                    0x20000032   Section        6  foc_lib.o(.data)
    .data                                    0x20000038   Section        6  foc_lib.o(.data)
    .data                                    0x2000003e   Section        4  foc_lib.o(.data)
    .data                                    0x20000042   Section        4  foc_lib.o(.data)
    .data                                    0x20000046   Section        2  foc_lib.o(.data)
    .data                                    0x20000048   Section        2  foc_lib.o(.data)
    .data                                    0x2000004a   Section        2  foc_lib.o(.data)
    .data                                    0x2000004c   Section        2  foc_lib.o(.data)
    .data                                    0x2000004e   Section        2  foc_lib.o(.data)
    .data                                    0x20000050   Section        2  foc_lib.o(.data)
    .data                                    0x20000052   Section        2  foc_lib.o(.data)
    .data                                    0x20000054   Section        2  foc_lib.o(.data)
    .data                                    0x20000056   Section        2  foc_lib.o(.data)
    .data                                    0x20000058   Section        2  foc_lib.o(.data)
    .data                                    0x2000005a   Section        2  foc_lib.o(.data)
    .data                                    0x2000005c   Section        2  foc_lib.o(.data)
    .data                                    0x2000005e   Section        2  foc_lib.o(.data)
    .data                                    0x20000060   Section        4  foc_lib.o(.data)
    .data                                    0x20000064   Section        4  foc_lib.o(.data)
    .data                                    0x20000068   Section        2  foc_lib.o(.data)
    .data                                    0x2000006a   Section        2  foc_lib.o(.data)
    .data                                    0x2000006c   Section        2  foc_lib.o(.data)
    .data                                    0x2000006e   Section        2  foc_lib.o(.data)
    .data                                    0x20000070   Section        1  foc_lib.o(.data)
    .data                                    0x20000072   Section        2  foc_lib.o(.data)
    .data                                    0x20000074   Section        4  foc_lib.o(.data)
    .data                                    0x20000078   Section       12  adc.o(.data)
    .data                                    0x20000084   Section        4  stm32f4xx_it.o(.data)
    .data                                    0x20000088   Section       12  stm32f4xx_hal.o(.data)
    .data                                    0x20000094   Section        4  system_stm32f4xx.o(.data)
    .data                                    0x20000098   Section        2  pe_freemaster_56f8xxx.o(.data)
    pcm_bUseExAddr                           0x20000098   Data           2  pe_freemaster_56f8xxx.o(.data)
    .data                                    0x2000009c   Section       48  pe_freemaster_rec.o(.data)
    pcm_nTrgVarSize                          0x2000009e   Data           1  pe_freemaster_rec.o(.data)
    pcm_bTrgVarSigned                        0x2000009f   Data           1  pe_freemaster_rec.o(.data)
    pcm_wRecBuffSize                         0x200000ac   Data           2  pe_freemaster_rec.o(.data)
    pcm_nTrgVarAddr                          0x200000bc   Data           4  pe_freemaster_rec.o(.data)
    pcm_uTrgThreshold                        0x200000c0   Data           4  pe_freemaster_rec.o(.data)
    pcm_nRecBuffAddr                         0x200000c4   Data           4  pe_freemaster_rec.o(.data)
    pcm_pCompareFunc                         0x200000c8   Data           4  pe_freemaster_rec.o(.data)
    .data                                    0x200000cc   Section        1  pe_freemaster_scope.o(.data)
    pcm_nScopeVarCount                       0x200000cc   Data           1  pe_freemaster_scope.o(.data)
    .data                                    0x200000d0   Section       20  pe_freemaster_serial.o(.data)
    pcm_nRxCheckSum                          0x200000d0   Data           1  pe_freemaster_serial.o(.data)
    pcm_nTxTodo                              0x200000d2   Data           2  pe_freemaster_serial.o(.data)
    pcm_nRxTodo                              0x200000d4   Data           2  pe_freemaster_serial.o(.data)
    pcm_wFlags                               0x200000d8   Data           4  pe_freemaster_serial.o(.data)
    pcm_pTxBuff                              0x200000dc   Data           4  pe_freemaster_serial.o(.data)
    pcm_pRxBuff                              0x200000e0   Data           4  pe_freemaster_serial.o(.data)
    .data                                    0x200000e4   Section        9  serial.o(.data)
    .bss                                     0x200000f0   Section       12  foc_lib.o(.bss)
    .bss                                     0x200000fc   Section       12  foc_lib.o(.bss)
    .bss                                     0x20000108   Section      216  adc.o(.bss)
    .bss                                     0x200001e0   Section       88  spi.o(.bss)
    .bss                                     0x20000238   Section      144  tim.o(.bss)
    .bss                                     0x200002c8   Section      264  usart.o(.bss)
    .bss                                     0x200003d0   Section     4144  pe_freemaster_rec.o(.bss)
    pcm_pOwnRecBuffer                        0x20000400   Data        4096  pe_freemaster_rec.o(.bss)
    .bss                                     0x20001400   Section       48  pe_freemaster_scope.o(.bss)
    pcm_pScopeVarAddr                        0x20001400   Data          32  pe_freemaster_scope.o(.bss)
    pcm_pScopeVarSize                        0x20001420   Data          16  pe_freemaster_scope.o(.bss)
    .bss                                     0x20001430   Section       67  pe_freemaster_serial.o(.bss)
    pcm_pCommBuffer                          0x20001430   Data          67  pe_freemaster_serial.o(.bss)
    .bss                                     0x20001473   Section     1024  serial.o(.bss)
    .bss                                     0x20001874   Section       96  libspace.o(.bss)
    HEAP                                     0x200018d8   Section     1024  startup_stm32f407xx.o(HEAP)
    Heap_Mem                                 0x200018d8   Data        1024  startup_stm32f407xx.o(HEAP)
    STACK                                    0x20001cd8   Section     2048  startup_stm32f407xx.o(STACK)
    Stack_Mem                                0x20001cd8   Data        2048  startup_stm32f407xx.o(STACK)
    __initial_sp                             0x200024d8   Data           0  startup_stm32f407xx.o(STACK)

    Global Symbols

    Symbol Name                              Value     Ov Type        Size  Object(Section)

    BuildAttributes$$THM_ISAv4$E$P$D$K$B$S$7EM$VFPi3$EXTD16$VFPS$VFMA$PE$A:L22UL41UL21$X:L11$S22US41US21$IEEE1$IW$USESV6$~STKCKD$USESV7$~SHL$OSPACE$ROPI$EBA8$UX$STANDARDLIB$REQ8$PRES8$EABIv2 0x00000000   Number         0  anon$$obj.o ABSOLUTE
    __ARM_use_no_argv                        0x00000000   Number         0  main.o ABSOLUTE
    __ARM_exceptions_init                     - Undefined Weak Reference
    __alloca_initialize                       - Undefined Weak Reference
    __arm_preinit_                            - Undefined Weak Reference
    __cpp_initialize__aeabi_                  - Undefined Weak Reference
    __cxa_finalize                            - Undefined Weak Reference
    __rt_locale                               - Undefined Weak Reference
    __sigvec_lookup                           - Undefined Weak Reference
    _atexit_init                              - Undefined Weak Reference
    _call_atexit_fns                          - Undefined Weak Reference
    _clock_init                               - Undefined Weak Reference
    _fp_trap_init                             - Undefined Weak Reference
    _fp_trap_shutdown                         - Undefined Weak Reference
    _get_lc_collate                           - Undefined Weak Reference
    _get_lc_ctype                             - Undefined Weak Reference
    _get_lc_monetary                          - Undefined Weak Reference
    _get_lc_numeric                           - Undefined Weak Reference
    _get_lc_time                              - Undefined Weak Reference
    _getenv_init                              - Undefined Weak Reference
    _handle_redirection                       - Undefined Weak Reference
    _init_alloc                               - Undefined Weak Reference
    _init_user_alloc                          - Undefined Weak Reference
    _initio                                   - Undefined Weak Reference
    _rand_init                                - Undefined Weak Reference
    _signal_finish                            - Undefined Weak Reference
    _signal_init                              - Undefined Weak Reference
    _terminate_alloc                          - Undefined Weak Reference
    _terminate_user_alloc                     - Undefined Weak Reference
    _terminateio                              - Undefined Weak Reference
    __Vectors_Size                           0x00000188   Number         0  startup_stm32f407xx.o ABSOLUTE
    __Vectors                                0x08000000   Data           4  startup_stm32f407xx.o(RESET)
    __Vectors_End                            0x08000188   Data           0  startup_stm32f407xx.o(RESET)
    __main                                   0x08000189   Thumb Code     8  __main.o(!!!main)
    __scatterload                            0x08000191   Thumb Code     0  __scatter.o(!!!scatter)
    __scatterload_rt2                        0x08000191   Thumb Code    44  __scatter.o(!!!scatter)
    __scatterload_rt2_thumb_only             0x08000191   Thumb Code     0  __scatter.o(!!!scatter)
    __scatterload_null                       0x0800019f   Thumb Code     0  __scatter.o(!!!scatter)
    __scatterload_copy                       0x080001c5   Thumb Code    26  __scatter_copy.o(!!handler_copy)
    __scatterload_zeroinit                   0x080001e1   Thumb Code    28  __scatter_zi.o(!!handler_zi)
    __rt_lib_init                            0x080001fd   Thumb Code     0  libinit.o(.ARM.Collect$$libinit$$00000000)
    __rt_lib_init_fp_1                       0x080001ff   Thumb Code     0  libinit2.o(.ARM.Collect$$libinit$$00000001)
    __rt_lib_init_alloca_1                   0x08000203   Thumb Code     0  libinit2.o(.ARM.Collect$$libinit$$0000002E)
    __rt_lib_init_argv_1                     0x08000203   Thumb Code     0  libinit2.o(.ARM.Collect$$libinit$$0000002C)
    __rt_lib_init_atexit_1                   0x08000203   Thumb Code     0  libinit2.o(.ARM.Collect$$libinit$$0000001B)
    __rt_lib_init_clock_1                    0x08000203   Thumb Code     0  libinit2.o(.ARM.Collect$$libinit$$00000021)
    __rt_lib_init_cpp_1                      0x08000203   Thumb Code     0  libinit2.o(.ARM.Collect$$libinit$$00000032)
    __rt_lib_init_exceptions_1               0x08000203   Thumb Code     0  libinit2.o(.ARM.Collect$$libinit$$00000030)
    __rt_lib_init_fp_trap_1                  0x08000203   Thumb Code     0  libinit2.o(.ARM.Collect$$libinit$$0000001F)
    __rt_lib_init_getenv_1                   0x08000203   Thumb Code     0  libinit2.o(.ARM.Collect$$libinit$$00000023)
    __rt_lib_init_heap_1                     0x08000203   Thumb Code     0  libinit2.o(.ARM.Collect$$libinit$$0000000A)
    __rt_lib_init_lc_collate_1               0x08000203   Thumb Code     0  libinit2.o(.ARM.Collect$$libinit$$00000011)
    __rt_lib_init_lc_ctype_1                 0x08000203   Thumb Code     0  libinit2.o(.ARM.Collect$$libinit$$00000013)
    __rt_lib_init_lc_monetary_1              0x08000203   Thumb Code     0  libinit2.o(.ARM.Collect$$libinit$$00000015)
    __rt_lib_init_lc_numeric_1               0x08000203   Thumb Code     0  libinit2.o(.ARM.Collect$$libinit$$00000017)
    __rt_lib_init_lc_time_1                  0x08000203   Thumb Code     0  libinit2.o(.ARM.Collect$$libinit$$00000019)
    __rt_lib_init_preinit_1                  0x08000203   Thumb Code     0  libinit2.o(.ARM.Collect$$libinit$$00000004)
    __rt_lib_init_rand_1                     0x08000203   Thumb Code     0  libinit2.o(.ARM.Collect$$libinit$$0000000E)
    __rt_lib_init_return                     0x08000203   Thumb Code     0  libinit2.o(.ARM.Collect$$libinit$$00000033)
    __rt_lib_init_signal_1                   0x08000203   Thumb Code     0  libinit2.o(.ARM.Collect$$libinit$$0000001D)
    __rt_lib_init_stdio_1                    0x08000203   Thumb Code     0  libinit2.o(.ARM.Collect$$libinit$$00000025)
    __rt_lib_init_user_alloc_1               0x08000203   Thumb Code     0  libinit2.o(.ARM.Collect$$libinit$$0000000C)
    __rt_lib_shutdown                        0x08000205   Thumb Code     0  libshutdown.o(.ARM.Collect$$libshutdown$$00000000)
    __rt_lib_shutdown_cpp_1                  0x08000207   Thumb Code     0  libshutdown2.o(.ARM.Collect$$libshutdown$$00000002)
    __rt_lib_shutdown_fp_trap_1              0x08000207   Thumb Code     0  libshutdown2.o(.ARM.Collect$$libshutdown$$00000007)
    __rt_lib_shutdown_heap_1                 0x08000207   Thumb Code     0  libshutdown2.o(.ARM.Collect$$libshutdown$$0000000F)
    __rt_lib_shutdown_return                 0x08000207   Thumb Code     0  libshutdown2.o(.ARM.Collect$$libshutdown$$00000010)
    __rt_lib_shutdown_signal_1               0x08000207   Thumb Code     0  libshutdown2.o(.ARM.Collect$$libshutdown$$0000000A)
    __rt_lib_shutdown_stdio_1                0x08000207   Thumb Code     0  libshutdown2.o(.ARM.Collect$$libshutdown$$00000004)
    __rt_lib_shutdown_user_alloc_1           0x08000207   Thumb Code     0  libshutdown2.o(.ARM.Collect$$libshutdown$$0000000C)
    __rt_entry                               0x08000209   Thumb Code     0  __rtentry.o(.ARM.Collect$$rtentry$$00000000)
    __rt_entry_presh_1                       0x08000209   Thumb Code     0  __rtentry2.o(.ARM.Collect$$rtentry$$00000002)
    __rt_entry_sh                            0x08000209   Thumb Code     0  __rtentry4.o(.ARM.Collect$$rtentry$$00000004)
    __rt_entry_li                            0x0800020f   Thumb Code     0  __rtentry2.o(.ARM.Collect$$rtentry$$0000000A)
    __rt_entry_postsh_1                      0x0800020f   Thumb Code     0  __rtentry2.o(.ARM.Collect$$rtentry$$00000009)
    __rt_entry_main                          0x08000213   Thumb Code     0  __rtentry2.o(.ARM.Collect$$rtentry$$0000000D)
    __rt_entry_postli_1                      0x08000213   Thumb Code     0  __rtentry2.o(.ARM.Collect$$rtentry$$0000000C)
    __rt_exit                                0x0800021b   Thumb Code     0  rtexit.o(.ARM.Collect$$rtexit$$00000000)
    __rt_exit_ls                             0x0800021d   Thumb Code     0  rtexit2.o(.ARM.Collect$$rtexit$$00000003)
    __rt_exit_prels_1                        0x0800021d   Thumb Code     0  rtexit2.o(.ARM.Collect$$rtexit$$00000002)
    __rt_exit_exit                           0x08000221   Thumb Code     0  rtexit2.o(.ARM.Collect$$rtexit$$00000004)
    Reset_Handler                            0x08000229   Thumb Code     8  startup_stm32f407xx.o(.text)
    CAN1_RX0_IRQHandler                      0x08000243   Thumb Code     0  startup_stm32f407xx.o(.text)
    CAN1_RX1_IRQHandler                      0x08000243   Thumb Code     0  startup_stm32f407xx.o(.text)
    CAN1_SCE_IRQHandler                      0x08000243   Thumb Code     0  startup_stm32f407xx.o(.text)
    CAN1_TX_IRQHandler                       0x08000243   Thumb Code     0  startup_stm32f407xx.o(.text)
    CAN2_RX0_IRQHandler                      0x08000243   Thumb Code     0  startup_stm32f407xx.o(.text)
    CAN2_RX1_IRQHandler                      0x08000243   Thumb Code     0  startup_stm32f407xx.o(.text)
    CAN2_SCE_IRQHandler                      0x08000243   Thumb Code     0  startup_stm32f407xx.o(.text)
    CAN2_TX_IRQHandler                       0x08000243   Thumb Code     0  startup_stm32f407xx.o(.text)
    DCMI_IRQHandler                          0x08000243   Thumb Code     0  startup_stm32f407xx.o(.text)
    DMA1_Stream0_IRQHandler                  0x08000243   Thumb Code     0  startup_stm32f407xx.o(.text)
    DMA1_Stream1_IRQHandler                  0x08000243   Thumb Code     0  startup_stm32f407xx.o(.text)
    DMA1_Stream2_IRQHandler                  0x08000243   Thumb Code     0  startup_stm32f407xx.o(.text)
    DMA1_Stream3_IRQHandler                  0x08000243   Thumb Code     0  startup_stm32f407xx.o(.text)
    DMA1_Stream4_IRQHandler                  0x08000243   Thumb Code     0  startup_stm32f407xx.o(.text)
    DMA1_Stream7_IRQHandler                  0x08000243   Thumb Code     0  startup_stm32f407xx.o(.text)
    DMA2_Stream0_IRQHandler                  0x08000243   Thumb Code     0  startup_stm32f407xx.o(.text)
    DMA2_Stream1_IRQHandler                  0x08000243   Thumb Code     0  startup_stm32f407xx.o(.text)
    DMA2_Stream2_IRQHandler                  0x08000243   Thumb Code     0  startup_stm32f407xx.o(.text)
    DMA2_Stream3_IRQHandler                  0x08000243   Thumb Code     0  startup_stm32f407xx.o(.text)
    DMA2_Stream4_IRQHandler                  0x08000243   Thumb Code     0  startup_stm32f407xx.o(.text)
    DMA2_Stream5_IRQHandler                  0x08000243   Thumb Code     0  startup_stm32f407xx.o(.text)
    DMA2_Stream6_IRQHandler                  0x08000243   Thumb Code     0  startup_stm32f407xx.o(.text)
    DMA2_Stream7_IRQHandler                  0x08000243   Thumb Code     0  startup_stm32f407xx.o(.text)
    ETH_IRQHandler                           0x08000243   Thumb Code     0  startup_stm32f407xx.o(.text)
    ETH_WKUP_IRQHandler                      0x08000243   Thumb Code     0  startup_stm32f407xx.o(.text)
    EXTI0_IRQHandler                         0x08000243   Thumb Code     0  startup_stm32f407xx.o(.text)
    EXTI15_10_IRQHandler                     0x08000243   Thumb Code     0  startup_stm32f407xx.o(.text)
    EXTI1_IRQHandler                         0x08000243   Thumb Code     0  startup_stm32f407xx.o(.text)
    EXTI2_IRQHandler                         0x08000243   Thumb Code     0  startup_stm32f407xx.o(.text)
    EXTI3_IRQHandler                         0x08000243   Thumb Code     0  startup_stm32f407xx.o(.text)
    EXTI4_IRQHandler                         0x08000243   Thumb Code     0  startup_stm32f407xx.o(.text)
    EXTI9_5_IRQHandler                       0x08000243   Thumb Code     0  startup_stm32f407xx.o(.text)
    FLASH_IRQHandler                         0x08000243   Thumb Code     0  startup_stm32f407xx.o(.text)
    FMC_IRQHandler                           0x08000243   Thumb Code     0  startup_stm32f407xx.o(.text)
    FPU_IRQHandler                           0x08000243   Thumb Code     0  startup_stm32f407xx.o(.text)
    HASH_RNG_IRQHandler                      0x08000243   Thumb Code     0  startup_stm32f407xx.o(.text)
    I2C1_ER_IRQHandler                       0x08000243   Thumb Code     0  startup_stm32f407xx.o(.text)
    I2C1_EV_IRQHandler                       0x08000243   Thumb Code     0  startup_stm32f407xx.o(.text)
    I2C2_ER_IRQHandler                       0x08000243   Thumb Code     0  startup_stm32f407xx.o(.text)
    I2C2_EV_IRQHandler                       0x08000243   Thumb Code     0  startup_stm32f407xx.o(.text)
    I2C3_ER_IRQHandler                       0x08000243   Thumb Code     0  startup_stm32f407xx.o(.text)
    I2C3_EV_IRQHandler                       0x08000243   Thumb Code     0  startup_stm32f407xx.o(.text)
    OTG_FS_IRQHandler                        0x08000243   Thumb Code     0  startup_stm32f407xx.o(.text)
    OTG_FS_WKUP_IRQHandler                   0x08000243   Thumb Code     0  startup_stm32f407xx.o(.text)
    OTG_HS_EP1_IN_IRQHandler                 0x08000243   Thumb Code     0  startup_stm32f407xx.o(.text)
    OTG_HS_EP1_OUT_IRQHandler                0x08000243   Thumb Code     0  startup_stm32f407xx.o(.text)
    OTG_HS_IRQHandler                        0x08000243   Thumb Code     0  startup_stm32f407xx.o(.text)
    OTG_HS_WKUP_IRQHandler                   0x08000243   Thumb Code     0  startup_stm32f407xx.o(.text)
    PVD_IRQHandler                           0x08000243   Thumb Code     0  startup_stm32f407xx.o(.text)
    RCC_IRQHandler                           0x08000243   Thumb Code     0  startup_stm32f407xx.o(.text)
    RTC_Alarm_IRQHandler                     0x08000243   Thumb Code     0  startup_stm32f407xx.o(.text)
    RTC_WKUP_IRQHandler                      0x08000243   Thumb Code     0  startup_stm32f407xx.o(.text)
    SDIO_IRQHandler                          0x08000243   Thumb Code     0  startup_stm32f407xx.o(.text)
    SPI1_IRQHandler                          0x08000243   Thumb Code     0  startup_stm32f407xx.o(.text)
    SPI2_IRQHandler                          0x08000243   Thumb Code     0  startup_stm32f407xx.o(.text)
    SPI3_IRQHandler                          0x08000243   Thumb Code     0  startup_stm32f407xx.o(.text)
    TAMP_STAMP_IRQHandler                    0x08000243   Thumb Code     0  startup_stm32f407xx.o(.text)
    TIM1_BRK_TIM9_IRQHandler                 0x08000243   Thumb Code     0  startup_stm32f407xx.o(.text)
    TIM1_CC_IRQHandler                       0x08000243   Thumb Code     0  startup_stm32f407xx.o(.text)
    TIM1_TRG_COM_TIM11_IRQHandler            0x08000243   Thumb Code     0  startup_stm32f407xx.o(.text)
    TIM2_IRQHandler                          0x08000243   Thumb Code     0  startup_stm32f407xx.o(.text)
    TIM3_IRQHandler                          0x08000243   Thumb Code     0  startup_stm32f407xx.o(.text)
    TIM4_IRQHandler                          0x08000243   Thumb Code     0  startup_stm32f407xx.o(.text)
    TIM5_IRQHandler                          0x08000243   Thumb Code     0  startup_stm32f407xx.o(.text)
    TIM6_DAC_IRQHandler                      0x08000243   Thumb Code     0  startup_stm32f407xx.o(.text)
    TIM8_BRK_TIM12_IRQHandler                0x08000243   Thumb Code     0  startup_stm32f407xx.o(.text)
    TIM8_CC_IRQHandler                       0x08000243   Thumb Code     0  startup_stm32f407xx.o(.text)
    TIM8_TRG_COM_TIM14_IRQHandler            0x08000243   Thumb Code     0  startup_stm32f407xx.o(.text)
    TIM8_UP_TIM13_IRQHandler                 0x08000243   Thumb Code     0  startup_stm32f407xx.o(.text)
    UART4_IRQHandler                         0x08000243   Thumb Code     0  startup_stm32f407xx.o(.text)
    UART5_IRQHandler                         0x08000243   Thumb Code     0  startup_stm32f407xx.o(.text)
    USART1_IRQHandler                        0x08000243   Thumb Code     0  startup_stm32f407xx.o(.text)
    USART2_IRQHandler                        0x08000243   Thumb Code     0  startup_stm32f407xx.o(.text)
    USART3_IRQHandler                        0x08000243   Thumb Code     0  startup_stm32f407xx.o(.text)
    USART6_IRQHandler                        0x08000243   Thumb Code     0  startup_stm32f407xx.o(.text)
    WWDG_IRQHandler                          0x08000243   Thumb Code     0  startup_stm32f407xx.o(.text)
    __user_initial_stackheap                 0x08000245   Thumb Code     0  startup_stm32f407xx.o(.text)
    __aeabi_uldivmod                         0x08000269   Thumb Code     0  lludivv7m.o(.text)
    _ll_udiv                                 0x08000269   Thumb Code   238  lludivv7m.o(.text)
    __aeabi_memclr4                          0x08000357   Thumb Code     0  rt_memclr_w.o(.text)
    __aeabi_memclr8                          0x08000357   Thumb Code     0  rt_memclr_w.o(.text)
    __rt_memclr_w                            0x08000357   Thumb Code    78  rt_memclr_w.o(.text)
    _memset_w                                0x0800035b   Thumb Code     0  rt_memclr_w.o(.text)
    __use_two_region_memory                  0x080003a5   Thumb Code     2  heapauxi.o(.text)
    __rt_heap_escrow$2region                 0x080003a7   Thumb Code     2  heapauxi.o(.text)
    __rt_heap_expand$2region                 0x080003a9   Thumb Code     2  heapauxi.o(.text)
    __user_setup_stackheap                   0x080003ab   Thumb Code    74  sys_stackheap_outer.o(.text)
    exit                                     0x080003f5   Thumb Code    18  exit.o(.text)
    __user_libspace                          0x08000409   Thumb Code     8  libspace.o(.text)
    __user_perproc_libspace                  0x08000409   Thumb Code     0  libspace.o(.text)
    __user_perthread_libspace                0x08000409   Thumb Code     0  libspace.o(.text)
    _sys_exit                                0x08000411   Thumb Code     8  sys_exit.o(.text)
    __I$use$semihosting                      0x0800041d   Thumb Code     0  use_no_semi.o(.text)
    __use_no_semihosting_swi                 0x0800041d   Thumb Code     2  use_no_semi.o(.text)
    __semihosting_library_function           0x0800041f   Thumb Code     0  indicate_semi.o(.text)
    ADC_IRQHandler                           0x08000421   Thumb Code    54  stm32f4xx_it.o(i.ADC_IRQHandler)
    ADC_callback                             0x0800059d   Thumb Code    26  adc.o(i.ADC_callback)
    ADC_callback_add                         0x080005bd   Thumb Code    14  adc.o(i.ADC_callback_add)
    ADC_read                                 0x080005cd   Thumb Code   188  adc.o(i.ADC_read)
    BusFault_Handler                         0x080006a1   Thumb Code     2  stm32f4xx_it.o(i.BusFault_Handler)
    Clarke                                   0x080006a3   Thumb Code    58  foc_lib.o(i.Clarke)
    DMA1_Stream5_IRQHandler                  0x080006dd   Thumb Code     6  stm32f4xx_it.o(i.DMA1_Stream5_IRQHandler)
    DMA1_Stream6_IRQHandler                  0x080006e9   Thumb Code     6  stm32f4xx_it.o(i.DMA1_Stream6_IRQHandler)
    DebugMon_Handler                         0x08000799   Thumb Code     2  stm32f4xx_it.o(i.DebugMon_Handler)
    Error_Handler                            0x0800079b   Thumb Code     4  main.o(i.Error_Handler)
    FMSTR_AbortRec                           0x080007a1   Thumb Code     8  pe_freemaster_rec.o(i.FMSTR_AbortRec)
    FMSTR_AddressFromBuffer                  0x080007ad   Thumb Code    42  pe_freemaster_56f8xxx.o(i.FMSTR_AddressFromBuffer)
    FMSTR_AddressToBuffer                    0x080007dd   Thumb Code    34  pe_freemaster_56f8xxx.o(i.FMSTR_AddressToBuffer)
    FMSTR_CopyFromBuffer                     0x080008b5   Thumb Code    22  pe_freemaster_56f8xxx.o(i.FMSTR_CopyFromBuffer)
    FMSTR_CopyFromBufferWithMask             0x080008cb   Thumb Code    34  pe_freemaster_56f8xxx.o(i.FMSTR_CopyFromBufferWithMask)
    FMSTR_CopyMemory                         0x080008ed   Thumb Code    18  pe_freemaster_56f8xxx.o(i.FMSTR_CopyMemory)
    FMSTR_CopyToBuffer                       0x080008ff   Thumb Code    18  pe_freemaster_56f8xxx.o(i.FMSTR_CopyToBuffer)
    FMSTR_GetBoardInfo                       0x08000911   Thumb Code    88  pe_freemaster_protocol.o(i.FMSTR_GetBoardInfo)
    FMSTR_GetRecBuff                         0x08000985   Thumb Code    62  pe_freemaster_rec.o(i.FMSTR_GetRecBuff)
    FMSTR_GetRecBuffSize                     0x080009c9   Thumb Code     6  pe_freemaster_rec.o(i.FMSTR_GetRecBuffSize)
    FMSTR_GetRecStatus                       0x080009d1   Thumb Code    34  pe_freemaster_rec.o(i.FMSTR_GetRecStatus)
    FMSTR_Poll                               0x08000a25   Thumb Code     4  pe_freemaster_serial.o(i.FMSTR_Poll)
    FMSTR_ProcessSCI                         0x08000a29   Thumb Code    54  pe_freemaster_serial.o(i.FMSTR_ProcessSCI)
    FMSTR_ProtocolDecoder                    0x08000a65   Thumb Code   316  pe_freemaster_protocol.o(i.FMSTR_ProtocolDecoder)
    FMSTR_ReadMem                            0x08000ba1   Thumb Code    50  pe_freemaster_protocol.o(i.FMSTR_ReadMem)
    FMSTR_ReadScope                          0x08000bd5   Thumb Code    62  pe_freemaster_scope.o(i.FMSTR_ReadScope)
    FMSTR_ReadVar                            0x08000c1d   Thumb Code    34  pe_freemaster_protocol.o(i.FMSTR_ReadVar)
    FMSTR_Recorder                           0x08000c41   Thumb Code    14  pe_freemaster_rec.o(i.FMSTR_Recorder)
    FMSTR_SCI_GETCHAR                        0x08000ded   Thumb Code    50  serial.o(i.FMSTR_SCI_GETCHAR)
    FMSTR_SCI_PUTCHAR                        0x08000e31   Thumb Code    52  serial.o(i.FMSTR_SCI_PUTCHAR)
    FMSTR_SCI_RD                             0x08000e75   Thumb Code    22  serial.o(i.FMSTR_SCI_RD)
    FMSTR_SCI_RDCLRSR                        0x08000e95   Thumb Code   114  serial.o(i.FMSTR_SCI_RDCLRSR)
    FMSTR_SCI_RE                             0x08000f11   Thumb Code    32  serial.o(i.FMSTR_SCI_RE)
    FMSTR_SCI_TD                             0x08000f3d   Thumb Code    14  serial.o(i.FMSTR_SCI_TD)
    FMSTR_SCI_TE                             0x08000f51   Thumb Code    32  serial.o(i.FMSTR_SCI_TE)
    FMSTR_SendResponse                       0x08000f8d   Thumb Code    86  pe_freemaster_serial.o(i.FMSTR_SendResponse)
    FMSTR_SetExAddr                          0x08000fe9   Thumb Code     6  pe_freemaster_56f8xxx.o(i.FMSTR_SetExAddr)
    FMSTR_SetUpRec                           0x08000ff5   Thumb Code   358  pe_freemaster_rec.o(i.FMSTR_SetUpRec)
    FMSTR_SetUpScope                         0x0800117d   Thumb Code   114  pe_freemaster_scope.o(i.FMSTR_SetUpScope)
    FMSTR_StartRec                           0x080011f9   Thumb Code    82  pe_freemaster_rec.o(i.FMSTR_StartRec)
    FMSTR_StopRec                            0x08001251   Thumb Code    52  pe_freemaster_rec.o(i.FMSTR_StopRec)
    FMSTR_TriggerRec                         0x08001289   Thumb Code    24  pe_freemaster_rec.o(i.FMSTR_TriggerRec)
    FMSTR_WriteMem                           0x080012f9   Thumb Code    36  pe_freemaster_protocol.o(i.FMSTR_WriteMem)
    FMSTR_WriteMemMask                       0x0800131d   Thumb Code    36  pe_freemaster_protocol.o(i.FMSTR_WriteMemMask)
    HAL_ADCEx_InjectedConfigChannel          0x08001341   Thumb Code   456  stm32f4xx_hal_adc_ex.o(i.HAL_ADCEx_InjectedConfigChannel)
    HAL_ADCEx_InjectedConvCpltCallback       0x08001515   Thumb Code     2  stm32f4xx_hal_adc_ex.o(i.HAL_ADCEx_InjectedConvCpltCallback)
    HAL_ADCEx_InjectedStart                  0x08001519   Thumb Code   222  stm32f4xx_hal_adc_ex.o(i.HAL_ADCEx_InjectedStart)
    HAL_ADCEx_InjectedStart_IT               0x08001609   Thumb Code   232  stm32f4xx_hal_adc_ex.o(i.HAL_ADCEx_InjectedStart_IT)
    HAL_ADC_ConfigChannel                    0x08001701   Thumb Code   326  stm32f4xx_hal_adc.o(i.HAL_ADC_ConfigChannel)
    HAL_ADC_ConvCpltCallback                 0x08001859   Thumb Code     2  stm32f4xx_hal_adc.o(i.HAL_ADC_ConvCpltCallback)
    HAL_ADC_ErrorCallback                    0x0800185b   Thumb Code     2  stm32f4xx_hal_adc.o(i.HAL_ADC_ErrorCallback)
    HAL_ADC_IRQHandler                       0x0800185d   Thumb Code   306  stm32f4xx_hal_adc.o(i.HAL_ADC_IRQHandler)
    HAL_ADC_Init                             0x0800198f   Thumb Code    84  stm32f4xx_hal_adc.o(i.HAL_ADC_Init)
    HAL_ADC_LevelOutOfWindowCallback         0x080019e3   Thumb Code     2  stm32f4xx_hal_adc.o(i.HAL_ADC_LevelOutOfWindowCallback)
    HAL_ADC_MspInit                          0x080019e5   Thumb Code   240  adc.o(i.HAL_ADC_MspInit)
    HAL_ADC_Start                            0x08001ae9   Thumb Code   252  stm32f4xx_hal_adc.o(i.HAL_ADC_Start)
    HAL_DMA_IRQHandler                       0x08001bfd   Thumb Code   460  stm32f4xx_hal_dma.o(i.HAL_DMA_IRQHandler)
    HAL_DMA_Init                             0x08001dcd   Thumb Code   208  stm32f4xx_hal_dma.o(i.HAL_DMA_Init)
    HAL_GPIO_Init                            0x08001ea1   Thumb Code   420  stm32f4xx_hal_gpio.o(i.HAL_GPIO_Init)
    HAL_GPIO_WritePin                        0x08002071   Thumb Code    14  stm32f4xx_hal_gpio.o(i.HAL_GPIO_WritePin)
    HAL_GetTick                              0x08002081   Thumb Code     6  stm32f4xx_hal.o(i.HAL_GetTick)
    HAL_IncTick                              0x0800208d   Thumb Code    12  stm32f4xx_hal.o(i.HAL_IncTick)
    HAL_Init                                 0x0800209d   Thumb Code    48  stm32f4xx_hal.o(i.HAL_Init)
    HAL_InitTick                             0x080020d1   Thumb Code    58  stm32f4xx_hal.o(i.HAL_InitTick)
    HAL_MspInit                              0x08002115   Thumb Code    42  stm32f4xx_hal_msp.o(i.HAL_MspInit)
    HAL_NVIC_EnableIRQ                       0x08002145   Thumb Code    26  stm32f4xx_hal_cortex.o(i.HAL_NVIC_EnableIRQ)
    HAL_NVIC_SetPriority                     0x08002161   Thumb Code    60  stm32f4xx_hal_cortex.o(i.HAL_NVIC_SetPriority)
    HAL_NVIC_SetPriorityGrouping             0x080021a1   Thumb Code    26  stm32f4xx_hal_cortex.o(i.HAL_NVIC_SetPriorityGrouping)
    HAL_RCC_ClockConfig                      0x080021c5   Thumb Code   310  stm32f4xx_hal_rcc.o(i.HAL_RCC_ClockConfig)
    HAL_RCC_GetHCLKFreq                      0x08002311   Thumb Code     6  stm32f4xx_hal_rcc.o(i.HAL_RCC_GetHCLKFreq)
    HAL_RCC_GetPCLK1Freq                     0x0800231d   Thumb Code    22  stm32f4xx_hal_rcc.o(i.HAL_RCC_GetPCLK1Freq)
    HAL_RCC_GetPCLK2Freq                     0x0800233d   Thumb Code    22  stm32f4xx_hal_rcc.o(i.HAL_RCC_GetPCLK2Freq)
    HAL_RCC_GetSysClockFreq                  0x0800235d   Thumb Code    94  stm32f4xx_hal_rcc.o(i.HAL_RCC_GetSysClockFreq)
    HAL_RCC_OscConfig                        0x080023c5   Thumb Code   942  stm32f4xx_hal_rcc.o(i.HAL_RCC_OscConfig)
    HAL_SPI_Init                             0x08002785   Thumb Code   190  stm32f4xx_hal_spi.o(i.HAL_SPI_Init)
    HAL_SPI_MspInit                          0x08002845   Thumb Code    94  spi.o(i.HAL_SPI_MspInit)
    HAL_SYSTICK_Config                       0x080028b1   Thumb Code    40  stm32f4xx_hal_cortex.o(i.HAL_SYSTICK_Config)
    HAL_TIMEx_ConfigBreakDeadTime            0x080028d9   Thumb Code    84  stm32f4xx_hal_tim_ex.o(i.HAL_TIMEx_ConfigBreakDeadTime)
    HAL_TIMEx_MasterConfigSynchronization    0x0800292d   Thumb Code   114  stm32f4xx_hal_tim_ex.o(i.HAL_TIMEx_MasterConfigSynchronization)
    HAL_TIM_Base_Init                        0x080029bd   Thumb Code    74  stm32f4xx_hal_tim.o(i.HAL_TIM_Base_Init)
    HAL_TIM_Base_MspInit                     0x08002a09   Thumb Code   172  tim.o(i.HAL_TIM_Base_MspInit)
    HAL_TIM_Base_Start_IT                    0x08002ac5   Thumb Code   110  stm32f4xx_hal_tim.o(i.HAL_TIM_Base_Start_IT)
    HAL_TIM_ConfigClockSource                0x08002b51   Thumb Code   232  stm32f4xx_hal_tim.o(i.HAL_TIM_ConfigClockSource)
    HAL_TIM_ConfigOCrefClear                 0x08002c39   Thumb Code   234  stm32f4xx_hal_tim.o(i.HAL_TIM_ConfigOCrefClear)
    HAL_TIM_MspPostInit                      0x08002d25   Thumb Code    94  tim.o(i.HAL_TIM_MspPostInit)
    HAL_TIM_PWM_ConfigChannel                0x08002d91   Thumb Code   216  stm32f4xx_hal_tim.o(i.HAL_TIM_PWM_ConfigChannel)
    HAL_TIM_PWM_Init                         0x08002e69   Thumb Code    74  stm32f4xx_hal_tim.o(i.HAL_TIM_PWM_Init)
    HAL_TIM_PWM_MspInit                      0x08002eb3   Thumb Code     2  stm32f4xx_hal_tim.o(i.HAL_TIM_PWM_MspInit)
    HAL_UART_Init                            0x08002eb5   Thumb Code   102  stm32f4xx_hal_uart.o(i.HAL_UART_Init)
    HAL_UART_MspInit                         0x08002f1d   Thumb Code   194  usart.o(i.HAL_UART_MspInit)
    HardFault_Handler                        0x08002ff5   Thumb Code     2  stm32f4xx_it.o(i.HardFault_Handler)
    MX_ADC1_Init                             0x08002ff9   Thumb Code   270  adc.o(i.MX_ADC1_Init)
    MX_ADC2_Init                             0x0800315d   Thumb Code   142  adc.o(i.MX_ADC2_Init)
    MX_ADC3_Init                             0x080031f9   Thumb Code   160  adc.o(i.MX_ADC3_Init)
    MX_DMA_Init                              0x080032a5   Thumb Code    56  dma.o(i.MX_DMA_Init)
    MX_GPIO_Init                             0x080032e1   Thumb Code   198  gpio.o(i.MX_GPIO_Init)
    MX_SPI2_Init                             0x080033b9   Thumb Code    66  spi.o(i.MX_SPI2_Init)
    MX_TIM1_Init                             0x08003405   Thumb Code   280  tim.o(i.MX_TIM1_Init)
    MX_TIM7_Init                             0x08003525   Thumb Code    60  tim.o(i.MX_TIM7_Init)
    MX_USART2_UART_Init                      0x08003569   Thumb Code    48  usart.o(i.MX_USART2_UART_Init)
    MemManage_Handler                        0x080035a1   Thumb Code     2  stm32f4xx_it.o(i.MemManage_Handler)
    NMI_Handler                              0x080035a3   Thumb Code     2  stm32f4xx_it.o(i.NMI_Handler)
    PI_reg                                   0x080035a5   Thumb Code   102  foc_lib.o(i.PI_reg)
    PWM_Disable                              0x0800360d   Thumb Code    88  control.o(i.PWM_Disable)
    PWM_Enable                               0x08003695   Thumb Code    22  control.o(i.PWM_Enable)
    PWM_Load                                 0x080036b1   Thumb Code    50  control.o(i.PWM_Load)
    Park                                     0x080036ed   Thumb Code    92  foc_lib.o(i.Park)
    PendSV_Handler                           0x08003749   Thumb Code     2  stm32f4xx_it.o(i.PendSV_Handler)
    SVC_Handler                              0x0800374b   Thumb Code     2  stm32f4xx_it.o(i.SVC_Handler)
    SVPWM                                    0x0800374d   Thumb Code   246  foc_lib.o(i.SVPWM)
    SysTick_Handler                          0x08003843   Thumb Code     4  stm32f4xx_it.o(i.SysTick_Handler)
    SystemClock_Config                       0x08003849   Thumb Code   140  main.o(i.SystemClock_Config)
    SystemInit                               0x080038dd   Thumb Code    12  system_stm32f4xx.o(i.SystemInit)
    TIM1_UP_TIM10_IRQHandler                 0x080038ed   Thumb Code    16  stm32f4xx_it.o(i.TIM1_UP_TIM10_IRQHandler)
    TIM7_IRQHandler                          0x08003905   Thumb Code    18  stm32f4xx_it.o(i.TIM7_IRQHandler)
    TIM_Base_SetConfig                       0x08003921   Thumb Code   174  stm32f4xx_hal_tim.o(i.TIM_Base_SetConfig)
    TIM_ETR_SetConfig                        0x080039fd   Thumb Code    20  stm32f4xx_hal_tim.o(i.TIM_ETR_SetConfig)
    TIM_OC2_SetConfig                        0x08003a89   Thumb Code   106  stm32f4xx_hal_tim.o(i.TIM_OC2_SetConfig)
    USER_Init                                0x08003d1d   Thumb Code    80  main.o(i.USER_Init)
    UsageFault_Handler                       0x08003d85   Thumb Code     2  stm32f4xx_it.o(i.UsageFault_Handler)
    check_faults                             0x08003da9   Thumb Code   176  control.o(i.check_faults)
    form_SinCos                              0x08003e8d   Thumb Code    64  foc_lib.o(i.form_SinCos)
    get_speed_encoder                        0x08003ecd   Thumb Code   126  control.o(i.get_speed_encoder)
    invPark                                  0x08003f71   Thumb Code    96  foc_lib.o(i.invPark)
    main                                     0x08003fd1   Thumb Code    54  main.o(i.main)
    motor_control                            0x08004009   Thumb Code   384  control.o(i.motor_control)
    motor_control_add                        0x08004209   Thumb Code   100  control.o(i.motor_control_add)
    mult_r                                   0x08004295   Thumb Code     8  foc_lib.o(i.mult_r)
    _fp_init                                 0x0800429d   Thumb Code    10  fpinit.o(x$fpl$fpinit)
    __fplib_config_fpu_vfp                   0x080042a5   Thumb Code     0  fpinit.o(x$fpl$fpinit)
    __fplib_config_pureend_doubles           0x080042a5   Thumb Code     0  fpinit.o(x$fpl$fpinit)
    sin_table                                0x080042a6   Data         514  foc_lib.o(.constdata)
    AHBPrescTable                            0x080044b0   Data          16  system_stm32f4xx.o(.constdata)
    APBPrescTable                            0x080044c0   Data           8  system_stm32f4xx.o(.constdata)
    Region$$Table$$Base                      0x080044c8   Number         0  anon$$obj.o(Region$$Table)
    Region$$Table$$Limit                     0x080044e8   Number         0  anon$$obj.o(Region$$Table)
    delta_theta_filt                         0x20000002   Data           2  control.o(.data)
    Command                                  0x20000004   Data           1  foc_lib.o(.data)
    i_Sdq_desired                            0x20000006   Data           4  foc_lib.o(.data)
    dir_step                                 0x2000000a   Data           2  foc_lib.o(.data)
    theta_el_deg                             0x2000000c   Data           2  foc_lib.o(.data)
    overcurrent                              0x2000000e   Data           1  foc_lib.o(.data)
    overvolt                                 0x2000000f   Data           1  foc_lib.o(.data)
    undervolt                                0x20000010   Data           1  foc_lib.o(.data)
    status_flag                              0x20000011   Data           1  foc_lib.o(.data)
    overload                                 0x20000012   Data           1  foc_lib.o(.data)
    sensor_fault                             0x20000013   Data           1  foc_lib.o(.data)
    scale_power                              0x20000014   Data           2  foc_lib.o(.data)
    power                                    0x20000016   Data           2  foc_lib.o(.data)
    power_min                                0x20000018   Data           2  foc_lib.o(.data)
    power_over                               0x2000001a   Data           2  foc_lib.o(.data)
    power_max                                0x2000001c   Data           2  foc_lib.o(.data)
    power_nominal                            0x2000001e   Data           2  foc_lib.o(.data)
    power_fault                              0x20000020   Data           2  foc_lib.o(.data)
    u_Sabc                                   0x20000022   Data           6  foc_lib.o(.data)
    u_SAlphaBeta                             0x20000028   Data           4  foc_lib.o(.data)
    u_Sdq                                    0x2000002c   Data           4  foc_lib.o(.data)
    U_desired                                0x20000030   Data           2  foc_lib.o(.data)
    i_Sabc_adc                               0x20000032   Data           6  foc_lib.o(.data)
    i_Sabc                                   0x20000038   Data           6  foc_lib.o(.data)
    i_SAlphaBeta                             0x2000003e   Data           4  foc_lib.o(.data)
    i_Sdq                                    0x20000042   Data           4  foc_lib.o(.data)
    i_sdq_max                                0x20000046   Data           2  foc_lib.o(.data)
    i_sdq_max_cont                           0x20000048   Data           2  foc_lib.o(.data)
    i_sd_alignment                           0x2000004a   Data           2  foc_lib.o(.data)
    i_sd_fault                               0x2000004c   Data           2  foc_lib.o(.data)
    scale_current                            0x2000004e   Data           2  foc_lib.o(.data)
    omega_max                                0x20000050   Data           2  foc_lib.o(.data)
    omega_ramp                               0x20000052   Data           2  foc_lib.o(.data)
    scale_omega                              0x20000054   Data           2  foc_lib.o(.data)
    Enc_in                                   0x20000056   Data           2  foc_lib.o(.data)
    Enc_in_old                               0x20000058   Data           2  foc_lib.o(.data)
    delta_theta                              0x2000005a   Data           2  foc_lib.o(.data)
    omega_desired                            0x2000005c   Data           2  foc_lib.o(.data)
    omega_actual                             0x2000005e   Data           2  foc_lib.o(.data)
    err_int_q_is                             0x20000060   Data           4  foc_lib.o(.data)
    err_int_d_is                             0x20000064   Data           4  foc_lib.o(.data)
    pi_p_gain_is                             0x20000068   Data           2  foc_lib.o(.data)
    pi_i_gain_is                             0x2000006a   Data           2  foc_lib.o(.data)
    pi_p_gain_omega                          0x2000006c   Data           2  foc_lib.o(.data)
    pi_i_gain_omega                          0x2000006e   Data           2  foc_lib.o(.data)
    sector                                   0x20000070   Data           1  foc_lib.o(.data)
    step                                     0x20000072   Data           2  foc_lib.o(.data)
    sinCos_theta_el                          0x20000074   Data           4  foc_lib.o(.data)
    adc_init                                 0x20000078   Data           1  adc.o(.data)
    adc_event                                0x2000007a   Data           2  adc.o(.data)
    adc_cnt                                  0x2000007c   Data           2  adc.o(.data)
    adc                                      0x2000007e   Data           6  adc.o(.data)
    tim7_event                               0x20000084   Data           2  stm32f4xx_it.o(.data)
    tim1_event                               0x20000086   Data           2  stm32f4xx_it.o(.data)
    uwTickFreq                               0x20000088   Data           1  stm32f4xx_hal.o(.data)
    uwTickPrio                               0x2000008c   Data           4  stm32f4xx_hal.o(.data)
    uwTick                                   0x20000090   Data           4  stm32f4xx_hal.o(.data)
    SystemCoreClock                          0x20000094   Data           4  system_stm32f4xx.o(.data)
    pcm_nRecTriggerMode                      0x2000009c   Data           1  pe_freemaster_rec.o(.data)
    pcm_nRecVarCount                         0x2000009d   Data           1  pe_freemaster_rec.o(.data)
    pcm_wRecTotalSmps                        0x200000a0   Data           2  pe_freemaster_rec.o(.data)
    pcm_wRecPostTrigger                      0x200000a2   Data           2  pe_freemaster_rec.o(.data)
    pcm_wRecTimeDiv                          0x200000a4   Data           2  pe_freemaster_rec.o(.data)
    pcm_wRecBuffStartIx                      0x200000a6   Data           2  pe_freemaster_rec.o(.data)
    pcm_wRecTimeDivCtr                       0x200000a8   Data           2  pe_freemaster_rec.o(.data)
    pcm_wStoprecCountDown                    0x200000aa   Data           2  pe_freemaster_rec.o(.data)
    pcm_dwRecWritePtr                        0x200000b0   Data           4  pe_freemaster_rec.o(.data)
    pcm_dwRecEndBuffPtr                      0x200000b4   Data           4  pe_freemaster_rec.o(.data)
    pcm_wRecFlags                            0x200000b8   Data           4  pe_freemaster_rec.o(.data)
    FreemasterOver                           0x200000e4   Data           1  serial.o(.data)
    PointerDataInFreemasterCAN               0x200000e5   Data           1  serial.o(.data)
    PointerDataInReadFreemasterCAN           0x200000e6   Data           1  serial.o(.data)
    PointerDataOutFreemasterCAN              0x200000e7   Data           1  serial.o(.data)
    PointerDataOutWriteFreemasterCAN         0x200000e8   Data           1  serial.o(.data)
    PointerDataInFreemasterUSB               0x200000e9   Data           1  serial.o(.data)
    PointerDataInReadFreemasterUSB           0x200000ea   Data           1  serial.o(.data)
    PointerDataOutFreemasterUSB              0x200000eb   Data           1  serial.o(.data)
    PointerDataOutWriteFreemasterUSB         0x200000ec   Data           1  serial.o(.data)
    current_PI_params                        0x200000f0   Data          12  foc_lib.o(.bss)
    omega_PI_params                          0x200000fc   Data          12  foc_lib.o(.bss)
    hadc1                                    0x20000108   Data          72  adc.o(.bss)
    hadc2                                    0x20000150   Data          72  adc.o(.bss)
    hadc3                                    0x20000198   Data          72  adc.o(.bss)
    hspi2                                    0x200001e0   Data          88  spi.o(.bss)
    htim1                                    0x20000238   Data          72  tim.o(.bss)
    htim7                                    0x20000280   Data          72  tim.o(.bss)
    huart2                                   0x200002c8   Data          72  usart.o(.bss)
    hdma_usart2_rx                           0x20000310   Data          96  usart.o(.bss)
    hdma_usart2_tx                           0x20000370   Data          96  usart.o(.bss)
    pcm_pRecVarAddr                          0x200003d0   Data          32  pe_freemaster_rec.o(.bss)
    pcm_pRecVarSize                          0x200003f0   Data          16  pe_freemaster_rec.o(.bss)
    DataInFreemasterCAN                      0x20001473   Data         256  serial.o(.bss)
    DataOutFreemasterCAN                     0x20001573   Data         256  serial.o(.bss)
    DataInFreemasterUSB                      0x20001673   Data         256  serial.o(.bss)
    DataOutFreemasterUSB                     0x20001773   Data         256  serial.o(.bss)
    __libspace_start                         0x20001874   Data          96  libspace.o(.bss)
    __temporary_stack_top$libspace           0x200018d4   Data           0  libspace.o(.bss)



==============================================================================

Memory Map of the image

  Image Entry point : 0x08000189

  Load Region LR_IROM1 (Base: 0x08000000, Size: 0x000045d8, Max: 0x00100000, ABSOLUTE)

    Execution Region ER_IROM1 (Exec base: 0x08000000, Load base: 0x08000000, Size: 0x000044e8, Max: 0x00100000, ABSOLUTE)

    Exec Addr    Load Addr    Size         Type   Attr      Idx    E Section Name        Object

    0x08000000   0x08000000   0x00000188   Data   RO            3    RESET               startup_stm32f407xx.o
    0x08000188   0x08000188   0x00000008   Code   RO         4662  * !!!main             c_w.l(__main.o)
    0x08000190   0x08000190   0x00000034   Code   RO         4829    !!!scatter          c_w.l(__scatter.o)
    0x080001c4   0x080001c4   0x0000001a   Code   RO         4831    !!handler_copy      c_w.l(__scatter_copy.o)
    0x080001de   0x080001de   0x00000002   PAD
    0x080001e0   0x080001e0   0x0000001c   Code   RO         4833    !!handler_zi        c_w.l(__scatter_zi.o)
    0x080001fc   0x080001fc   0x00000002   Code   RO         4699    .ARM.Collect$$libinit$$00000000  c_w.l(libinit.o)
    0x080001fe   0x080001fe   0x00000004   Code   RO         4711    .ARM.Collect$$libinit$$00000001  c_w.l(libinit2.o)
    0x08000202   0x08000202   0x00000000   Code   RO         4714    .ARM.Collect$$libinit$$00000004  c_w.l(libinit2.o)
    0x08000202   0x08000202   0x00000000   Code   RO         4717    .ARM.Collect$$libinit$$0000000A  c_w.l(libinit2.o)
    0x08000202   0x08000202   0x00000000   Code   RO         4719    .ARM.Collect$$libinit$$0000000C  c_w.l(libinit2.o)
    0x08000202   0x08000202   0x00000000   Code   RO         4721    .ARM.Collect$$libinit$$0000000E  c_w.l(libinit2.o)
    0x08000202   0x08000202   0x00000000   Code   RO         4724    .ARM.Collect$$libinit$$00000011  c_w.l(libinit2.o)
    0x08000202   0x08000202   0x00000000   Code   RO         4726    .ARM.Collect$$libinit$$00000013  c_w.l(libinit2.o)
    0x08000202   0x08000202   0x00000000   Code   RO         4728    .ARM.Collect$$libinit$$00000015  c_w.l(libinit2.o)
    0x08000202   0x08000202   0x00000000   Code   RO         4730    .ARM.Collect$$libinit$$00000017  c_w.l(libinit2.o)
    0x08000202   0x08000202   0x00000000   Code   RO         4732    .ARM.Collect$$libinit$$00000019  c_w.l(libinit2.o)
    0x08000202   0x08000202   0x00000000   Code   RO         4734    .ARM.Collect$$libinit$$0000001B  c_w.l(libinit2.o)
    0x08000202   0x08000202   0x00000000   Code   RO         4736    .ARM.Collect$$libinit$$0000001D  c_w.l(libinit2.o)
    0x08000202   0x08000202   0x00000000   Code   RO         4738    .ARM.Collect$$libinit$$0000001F  c_w.l(libinit2.o)
    0x08000202   0x08000202   0x00000000   Code   RO         4740    .ARM.Collect$$libinit$$00000021  c_w.l(libinit2.o)
    0x08000202   0x08000202   0x00000000   Code   RO         4742    .ARM.Collect$$libinit$$00000023  c_w.l(libinit2.o)
    0x08000202   0x08000202   0x00000000   Code   RO         4744    .ARM.Collect$$libinit$$00000025  c_w.l(libinit2.o)
    0x08000202   0x08000202   0x00000000   Code   RO         4748    .ARM.Collect$$libinit$$0000002C  c_w.l(libinit2.o)
    0x08000202   0x08000202   0x00000000   Code   RO         4750    .ARM.Collect$$libinit$$0000002E  c_w.l(libinit2.o)
    0x08000202   0x08000202   0x00000000   Code   RO         4752    .ARM.Collect$$libinit$$00000030  c_w.l(libinit2.o)
    0x08000202   0x08000202   0x00000000   Code   RO         4754    .ARM.Collect$$libinit$$00000032  c_w.l(libinit2.o)
    0x08000202   0x08000202   0x00000002   Code   RO         4755    .ARM.Collect$$libinit$$00000033  c_w.l(libinit2.o)
    0x08000204   0x08000204   0x00000002   Code   RO         4786    .ARM.Collect$$libshutdown$$00000000  c_w.l(libshutdown.o)
    0x08000206   0x08000206   0x00000000   Code   RO         4812    .ARM.Collect$$libshutdown$$00000002  c_w.l(libshutdown2.o)
    0x08000206   0x08000206   0x00000000   Code   RO         4814    .ARM.Collect$$libshutdown$$00000004  c_w.l(libshutdown2.o)
    0x08000206   0x08000206   0x00000000   Code   RO         4817    .ARM.Collect$$libshutdown$$00000007  c_w.l(libshutdown2.o)
    0x08000206   0x08000206   0x00000000   Code   RO         4820    .ARM.Collect$$libshutdown$$0000000A  c_w.l(libshutdown2.o)
    0x08000206   0x08000206   0x00000000   Code   RO         4822    .ARM.Collect$$libshutdown$$0000000C  c_w.l(libshutdown2.o)
    0x08000206   0x08000206   0x00000000   Code   RO         4825    .ARM.Collect$$libshutdown$$0000000F  c_w.l(libshutdown2.o)
    0x08000206   0x08000206   0x00000002   Code   RO         4826    .ARM.Collect$$libshutdown$$00000010  c_w.l(libshutdown2.o)
    0x08000208   0x08000208   0x00000000   Code   RO         4664    .ARM.Collect$$rtentry$$00000000  c_w.l(__rtentry.o)
    0x08000208   0x08000208   0x00000000   Code   RO         4670    .ARM.Collect$$rtentry$$00000002  c_w.l(__rtentry2.o)
    0x08000208   0x08000208   0x00000006   Code   RO         4682    .ARM.Collect$$rtentry$$00000004  c_w.l(__rtentry4.o)
    0x0800020e   0x0800020e   0x00000000   Code   RO         4672    .ARM.Collect$$rtentry$$00000009  c_w.l(__rtentry2.o)
    0x0800020e   0x0800020e   0x00000004   Code   RO         4673    .ARM.Collect$$rtentry$$0000000A  c_w.l(__rtentry2.o)
    0x08000212   0x08000212   0x00000000   Code   RO         4675    .ARM.Collect$$rtentry$$0000000C  c_w.l(__rtentry2.o)
    0x08000212   0x08000212   0x00000008   Code   RO         4676    .ARM.Collect$$rtentry$$0000000D  c_w.l(__rtentry2.o)
    0x0800021a   0x0800021a   0x00000002   Code   RO         4703    .ARM.Collect$$rtexit$$00000000  c_w.l(rtexit.o)
    0x0800021c   0x0800021c   0x00000000   Code   RO         4759    .ARM.Collect$$rtexit$$00000002  c_w.l(rtexit2.o)
    0x0800021c   0x0800021c   0x00000004   Code   RO         4760    .ARM.Collect$$rtexit$$00000003  c_w.l(rtexit2.o)
    0x08000220   0x08000220   0x00000006   Code   RO         4761    .ARM.Collect$$rtexit$$00000004  c_w.l(rtexit2.o)
    0x08000226   0x08000226   0x00000002   PAD
    0x08000228   0x08000228   0x00000040   Code   RO            4    .text               startup_stm32f407xx.o
    0x08000268   0x08000268   0x000000ee   Code   RO         4656    .text               c_w.l(lludivv7m.o)
    0x08000356   0x08000356   0x0000004e   Code   RO         4658    .text               c_w.l(rt_memclr_w.o)
    0x080003a4   0x080003a4   0x00000006   Code   RO         4660    .text               c_w.l(heapauxi.o)
    0x080003aa   0x080003aa   0x0000004a   Code   RO         4686    .text               c_w.l(sys_stackheap_outer.o)
    0x080003f4   0x080003f4   0x00000012   Code   RO         4688    .text               c_w.l(exit.o)
    0x08000406   0x08000406   0x00000002   PAD
    0x08000408   0x08000408   0x00000008   Code   RO         4700    .text               c_w.l(libspace.o)
    0x08000410   0x08000410   0x0000000c   Code   RO         4756    .text               c_w.l(sys_exit.o)
    0x0800041c   0x0800041c   0x00000002   Code   RO         4775    .text               c_w.l(use_no_semi.o)
    0x0800041e   0x0800041e   0x00000000   Code   RO         4777    .text               c_w.l(indicate_semi.o)
    0x0800041e   0x0800041e   0x00000002   PAD
    0x08000420   0x08000420   0x0000004c   Code   RO          788    i.ADC_IRQHandler    stm32f4xx_it.o
    0x0800046c   0x0800046c   0x00000130   Code   RO          924    i.ADC_Init          stm32f4xx_hal_adc.o
    0x0800059c   0x0800059c   0x00000020   Code   RO          433    i.ADC_callback      adc.o
    0x080005bc   0x080005bc   0x0000000e   Code   RO          434    i.ADC_callback_add  adc.o
    0x080005ca   0x080005ca   0x00000002   PAD
    0x080005cc   0x080005cc   0x000000d4   Code   RO          435    i.ADC_read          adc.o
    0x080006a0   0x080006a0   0x00000002   Code   RO          789    i.BusFault_Handler  stm32f4xx_it.o
    0x080006a2   0x080006a2   0x0000003a   Code   RO          213    i.Clarke            foc_lib.o
    0x080006dc   0x080006dc   0x0000000c   Code   RO          790    i.DMA1_Stream5_IRQHandler  stm32f4xx_it.o
    0x080006e8   0x080006e8   0x0000000c   Code   RO          791    i.DMA1_Stream6_IRQHandler  stm32f4xx_it.o
    0x080006f4   0x080006f4   0x0000002c   Code   RO         1703    i.DMA_CalcBaseAndBitshift  stm32f4xx_hal_dma.o
    0x08000720   0x08000720   0x00000078   Code   RO         1704    i.DMA_CheckFifoParam  stm32f4xx_hal_dma.o
    0x08000798   0x08000798   0x00000002   Code   RO          792    i.DebugMon_Handler  stm32f4xx_it.o
    0x0800079a   0x0800079a   0x00000004   Code   RO          345    i.Error_Handler     main.o
    0x0800079e   0x0800079e   0x00000002   PAD
    0x080007a0   0x080007a0   0x0000000c   Code   RO         4311    i.FMSTR_AbortRec    pe_freemaster_rec.o
    0x080007ac   0x080007ac   0x00000030   Code   RO         4096    i.FMSTR_AddressFromBuffer  pe_freemaster_56f8xxx.o
    0x080007dc   0x080007dc   0x00000028   Code   RO         4097    i.FMSTR_AddressToBuffer  pe_freemaster_56f8xxx.o
    0x08000804   0x08000804   0x00000020   Code   RO         4312    i.FMSTR_Compare16S  pe_freemaster_rec.o
    0x08000824   0x08000824   0x0000001c   Code   RO         4313    i.FMSTR_Compare16U  pe_freemaster_rec.o
    0x08000840   0x08000840   0x0000001c   Code   RO         4314    i.FMSTR_Compare32S  pe_freemaster_rec.o
    0x0800085c   0x0800085c   0x0000001c   Code   RO         4315    i.FMSTR_Compare32U  pe_freemaster_rec.o
    0x08000878   0x08000878   0x00000020   Code   RO         4316    i.FMSTR_Compare8S   pe_freemaster_rec.o
    0x08000898   0x08000898   0x0000001c   Code   RO         4317    i.FMSTR_Compare8U   pe_freemaster_rec.o
    0x080008b4   0x080008b4   0x00000016   Code   RO         4098    i.FMSTR_CopyFromBuffer  pe_freemaster_56f8xxx.o
    0x080008ca   0x080008ca   0x00000022   Code   RO         4099    i.FMSTR_CopyFromBufferWithMask  pe_freemaster_56f8xxx.o
    0x080008ec   0x080008ec   0x00000012   Code   RO         4100    i.FMSTR_CopyMemory  pe_freemaster_56f8xxx.o
    0x080008fe   0x080008fe   0x00000012   Code   RO         4101    i.FMSTR_CopyToBuffer  pe_freemaster_56f8xxx.o
    0x08000910   0x08000910   0x00000074   Code   RO         4226    i.FMSTR_GetBoardInfo  pe_freemaster_protocol.o
    0x08000984   0x08000984   0x00000044   Code   RO         4318    i.FMSTR_GetRecBuff  pe_freemaster_rec.o
    0x080009c8   0x080009c8   0x00000006   Code   RO         4319    i.FMSTR_GetRecBuffSize  pe_freemaster_rec.o
    0x080009ce   0x080009ce   0x00000002   PAD
    0x080009d0   0x080009d0   0x00000028   Code   RO         4320    i.FMSTR_GetRecStatus  pe_freemaster_rec.o
    0x080009f8   0x080009f8   0x0000002c   Code   RO         4491    i.FMSTR_Listen      pe_freemaster_serial.o
    0x08000a24   0x08000a24   0x00000004   Code   RO         4492    i.FMSTR_Poll        pe_freemaster_serial.o
    0x08000a28   0x08000a28   0x0000003c   Code   RO         4493    i.FMSTR_ProcessSCI  pe_freemaster_serial.o
    0x08000a64   0x08000a64   0x0000013c   Code   RO         4228    i.FMSTR_ProtocolDecoder  pe_freemaster_protocol.o
    0x08000ba0   0x08000ba0   0x00000032   Code   RO         4229    i.FMSTR_ReadMem     pe_freemaster_protocol.o
    0x08000bd2   0x08000bd2   0x00000002   PAD
    0x08000bd4   0x08000bd4   0x00000048   Code   RO         4451    i.FMSTR_ReadScope   pe_freemaster_scope.o
    0x08000c1c   0x08000c1c   0x00000022   Code   RO         4230    i.FMSTR_ReadVar     pe_freemaster_protocol.o
    0x08000c3e   0x08000c3e   0x00000002   PAD
    0x08000c40   0x08000c40   0x00000014   Code   RO         4323    i.FMSTR_Recorder    pe_freemaster_rec.o
    0x08000c54   0x08000c54   0x000000bc   Code   RO         4324    i.FMSTR_Recorder2   pe_freemaster_rec.o
    0x08000d10   0x08000d10   0x000000dc   Code   RO         4494    i.FMSTR_Rx          pe_freemaster_serial.o
    0x08000dec   0x08000dec   0x00000044   Code   RO         4576    i.FMSTR_SCI_GETCHAR  serial.o
    0x08000e30   0x08000e30   0x00000044   Code   RO         4577    i.FMSTR_SCI_PUTCHAR  serial.o
    0x08000e74   0x08000e74   0x00000020   Code   RO         4578    i.FMSTR_SCI_RD      serial.o
    0x08000e94   0x08000e94   0x0000007c   Code   RO         4579    i.FMSTR_SCI_RDCLRSR  serial.o
    0x08000f10   0x08000f10   0x0000002c   Code   RO         4580    i.FMSTR_SCI_RE      serial.o
    0x08000f3c   0x08000f3c   0x00000014   Code   RO         4581    i.FMSTR_SCI_TD      serial.o
    0x08000f50   0x08000f50   0x0000002c   Code   RO         4582    i.FMSTR_SCI_TE      serial.o
    0x08000f7c   0x08000f7c   0x00000010   Code   RO         4495    i.FMSTR_SendError   pe_freemaster_serial.o
    0x08000f8c   0x08000f8c   0x0000005c   Code   RO         4496    i.FMSTR_SendResponse  pe_freemaster_serial.o
    0x08000fe8   0x08000fe8   0x0000000c   Code   RO         4103    i.FMSTR_SetExAddr   pe_freemaster_56f8xxx.o
    0x08000ff4   0x08000ff4   0x00000188   Code   RO         4325    i.FMSTR_SetUpRec    pe_freemaster_rec.o
    0x0800117c   0x0800117c   0x0000007c   Code   RO         4452    i.FMSTR_SetUpScope  pe_freemaster_scope.o
    0x080011f8   0x080011f8   0x00000058   Code   RO         4327    i.FMSTR_StartRec    pe_freemaster_rec.o
    0x08001250   0x08001250   0x00000038   Code   RO         4328    i.FMSTR_StopRec     pe_freemaster_rec.o
    0x08001288   0x08001288   0x0000001c   Code   RO         4329    i.FMSTR_TriggerRec  pe_freemaster_rec.o
    0x080012a4   0x080012a4   0x00000054   Code   RO         4497    i.FMSTR_Tx          pe_freemaster_serial.o
    0x080012f8   0x080012f8   0x00000024   Code   RO         4231    i.FMSTR_WriteMem    pe_freemaster_protocol.o
    0x0800131c   0x0800131c   0x00000024   Code   RO         4232    i.FMSTR_WriteMemMask  pe_freemaster_protocol.o
    0x08001340   0x08001340   0x000001d4   Code   RO         1094    i.HAL_ADCEx_InjectedConfigChannel  stm32f4xx_hal_adc_ex.o
    0x08001514   0x08001514   0x00000002   Code   RO         1095    i.HAL_ADCEx_InjectedConvCpltCallback  stm32f4xx_hal_adc_ex.o
    0x08001516   0x08001516   0x00000002   PAD
    0x08001518   0x08001518   0x000000f0   Code   RO         1098    i.HAL_ADCEx_InjectedStart  stm32f4xx_hal_adc_ex.o
    0x08001608   0x08001608   0x000000f8   Code   RO         1099    i.HAL_ADCEx_InjectedStart_IT  stm32f4xx_hal_adc_ex.o
    0x08001700   0x08001700   0x00000158   Code   RO          926    i.HAL_ADC_ConfigChannel  stm32f4xx_hal_adc.o
    0x08001858   0x08001858   0x00000002   Code   RO          927    i.HAL_ADC_ConvCpltCallback  stm32f4xx_hal_adc.o
    0x0800185a   0x0800185a   0x00000002   Code   RO          930    i.HAL_ADC_ErrorCallback  stm32f4xx_hal_adc.o
    0x0800185c   0x0800185c   0x00000132   Code   RO          934    i.HAL_ADC_IRQHandler  stm32f4xx_hal_adc.o
    0x0800198e   0x0800198e   0x00000054   Code   RO          935    i.HAL_ADC_Init      stm32f4xx_hal_adc.o
    0x080019e2   0x080019e2   0x00000002   Code   RO          936    i.HAL_ADC_LevelOutOfWindowCallback  stm32f4xx_hal_adc.o
    0x080019e4   0x080019e4   0x00000104   Code   RO          437    i.HAL_ADC_MspInit   adc.o
    0x08001ae8   0x08001ae8   0x00000114   Code   RO          941    i.HAL_ADC_Start     stm32f4xx_hal_adc.o
    0x08001bfc   0x08001bfc   0x000001d0   Code   RO         1711    i.HAL_DMA_IRQHandler  stm32f4xx_hal_dma.o
    0x08001dcc   0x08001dcc   0x000000d4   Code   RO         1712    i.HAL_DMA_Init      stm32f4xx_hal_dma.o
    0x08001ea0   0x08001ea0   0x000001d0   Code   RO         1599    i.HAL_GPIO_Init     stm32f4xx_hal_gpio.o
    0x08002070   0x08002070   0x0000000e   Code   RO         1603    i.HAL_GPIO_WritePin  stm32f4xx_hal_gpio.o
    0x0800207e   0x0800207e   0x00000002   PAD
    0x08002080   0x08002080   0x0000000c   Code   RO         2137    i.HAL_GetTick       stm32f4xx_hal.o
    0x0800208c   0x0800208c   0x00000010   Code   RO         2143    i.HAL_IncTick       stm32f4xx_hal.o
    0x0800209c   0x0800209c   0x00000034   Code   RO         2144    i.HAL_Init          stm32f4xx_hal.o
    0x080020d0   0x080020d0   0x00000044   Code   RO         2145    i.HAL_InitTick      stm32f4xx_hal.o
    0x08002114   0x08002114   0x00000030   Code   RO          897    i.HAL_MspInit       stm32f4xx_hal_msp.o
    0x08002144   0x08002144   0x0000001a   Code   RO         1989    i.HAL_NVIC_EnableIRQ  stm32f4xx_hal_cortex.o
    0x0800215e   0x0800215e   0x00000002   PAD
    0x08002160   0x08002160   0x00000040   Code   RO         1995    i.HAL_NVIC_SetPriority  stm32f4xx_hal_cortex.o
    0x080021a0   0x080021a0   0x00000024   Code   RO         1996    i.HAL_NVIC_SetPriorityGrouping  stm32f4xx_hal_cortex.o
    0x080021c4   0x080021c4   0x0000014c   Code   RO         1200    i.HAL_RCC_ClockConfig  stm32f4xx_hal_rcc.o
    0x08002310   0x08002310   0x0000000c   Code   RO         1205    i.HAL_RCC_GetHCLKFreq  stm32f4xx_hal_rcc.o
    0x0800231c   0x0800231c   0x00000020   Code   RO         1207    i.HAL_RCC_GetPCLK1Freq  stm32f4xx_hal_rcc.o
    0x0800233c   0x0800233c   0x00000020   Code   RO         1208    i.HAL_RCC_GetPCLK2Freq  stm32f4xx_hal_rcc.o
    0x0800235c   0x0800235c   0x00000068   Code   RO         1209    i.HAL_RCC_GetSysClockFreq  stm32f4xx_hal_rcc.o
    0x080023c4   0x080023c4   0x000003c0   Code   RO         1212    i.HAL_RCC_OscConfig  stm32f4xx_hal_rcc.o
    0x08002784   0x08002784   0x000000be   Code   RO         2393    i.HAL_SPI_Init      stm32f4xx_hal_spi.o
    0x08002842   0x08002842   0x00000002   PAD
    0x08002844   0x08002844   0x0000006c   Code   RO          532    i.HAL_SPI_MspInit   spi.o
    0x080028b0   0x080028b0   0x00000028   Code   RO         2000    i.HAL_SYSTICK_Config  stm32f4xx_hal_cortex.o
    0x080028d8   0x080028d8   0x00000054   Code   RO         3424    i.HAL_TIMEx_ConfigBreakDeadTime  stm32f4xx_hal_tim_ex.o
    0x0800292c   0x0800292c   0x00000090   Code   RO         3440    i.HAL_TIMEx_MasterConfigSynchronization  stm32f4xx_hal_tim_ex.o
    0x080029bc   0x080029bc   0x0000004a   Code   RO         2706    i.HAL_TIM_Base_Init  stm32f4xx_hal_tim.o
    0x08002a06   0x08002a06   0x00000002   PAD
    0x08002a08   0x08002a08   0x000000bc   Code   RO          574    i.HAL_TIM_Base_MspInit  tim.o
    0x08002ac4   0x08002ac4   0x0000008c   Code   RO         2711    i.HAL_TIM_Base_Start_IT  stm32f4xx_hal_tim.o
    0x08002b50   0x08002b50   0x000000e8   Code   RO         2715    i.HAL_TIM_ConfigClockSource  stm32f4xx_hal_tim.o
    0x08002c38   0x08002c38   0x000000ea   Code   RO         2716    i.HAL_TIM_ConfigOCrefClear  stm32f4xx_hal_tim.o
    0x08002d22   0x08002d22   0x00000002   PAD
    0x08002d24   0x08002d24   0x0000006c   Code   RO          575    i.HAL_TIM_MspPostInit  tim.o
    0x08002d90   0x08002d90   0x000000d8   Code   RO         2778    i.HAL_TIM_PWM_ConfigChannel  stm32f4xx_hal_tim.o
    0x08002e68   0x08002e68   0x0000004a   Code   RO         2781    i.HAL_TIM_PWM_Init  stm32f4xx_hal_tim.o
    0x08002eb2   0x08002eb2   0x00000002   Code   RO         2783    i.HAL_TIM_PWM_MspInit  stm32f4xx_hal_tim.o
    0x08002eb4   0x08002eb4   0x00000066   Code   RO         3718    i.HAL_UART_Init     stm32f4xx_hal_uart.o
    0x08002f1a   0x08002f1a   0x00000002   PAD
    0x08002f1c   0x08002f1c   0x000000d8   Code   RO          628    i.HAL_UART_MspInit  usart.o
    0x08002ff4   0x08002ff4   0x00000002   Code   RO          793    i.HardFault_Handler  stm32f4xx_it.o
    0x08002ff6   0x08002ff6   0x00000002   PAD
    0x08002ff8   0x08002ff8   0x00000164   Code   RO          438    i.MX_ADC1_Init      adc.o
    0x0800315c   0x0800315c   0x0000009c   Code   RO          439    i.MX_ADC2_Init      adc.o
    0x080031f8   0x080031f8   0x000000ac   Code   RO          440    i.MX_ADC3_Init      adc.o
    0x080032a4   0x080032a4   0x0000003c   Code   RO          507    i.MX_DMA_Init       dma.o
    0x080032e0   0x080032e0   0x000000d8   Code   RO          409    i.MX_GPIO_Init      gpio.o
    0x080033b8   0x080033b8   0x0000004c   Code   RO          533    i.MX_SPI2_Init      spi.o
    0x08003404   0x08003404   0x00000120   Code   RO          576    i.MX_TIM1_Init      tim.o
    0x08003524   0x08003524   0x00000044   Code   RO          577    i.MX_TIM7_Init      tim.o
    0x08003568   0x08003568   0x00000038   Code   RO          629    i.MX_USART2_UART_Init  usart.o
    0x080035a0   0x080035a0   0x00000002   Code   RO          794    i.MemManage_Handler  stm32f4xx_it.o
    0x080035a2   0x080035a2   0x00000002   Code   RO          795    i.NMI_Handler       stm32f4xx_it.o
    0x080035a4   0x080035a4   0x00000066   Code   RO          214    i.PI_reg            foc_lib.o
    0x0800360a   0x0800360a   0x00000002   PAD
    0x0800360c   0x0800360c   0x00000088   Code   RO           13    i.PWM_Disable       control.o
    0x08003694   0x08003694   0x0000001c   Code   RO           14    i.PWM_Enable        control.o
    0x080036b0   0x080036b0   0x0000003c   Code   RO           15    i.PWM_Load          control.o
    0x080036ec   0x080036ec   0x0000005c   Code   RO          215    i.Park              foc_lib.o
    0x08003748   0x08003748   0x00000002   Code   RO          796    i.PendSV_Handler    stm32f4xx_it.o
    0x0800374a   0x0800374a   0x00000002   Code   RO          797    i.SVC_Handler       stm32f4xx_it.o
    0x0800374c   0x0800374c   0x000000f6   Code   RO          217    i.SVPWM             foc_lib.o
    0x08003842   0x08003842   0x00000004   Code   RO          798    i.SysTick_Handler   stm32f4xx_it.o
    0x08003846   0x08003846   0x00000002   PAD
    0x08003848   0x08003848   0x00000094   Code   RO          346    i.SystemClock_Config  main.o
    0x080038dc   0x080038dc   0x00000010   Code   RO         4062    i.SystemInit        system_stm32f4xx.o
    0x080038ec   0x080038ec   0x00000018   Code   RO          799    i.TIM1_UP_TIM10_IRQHandler  stm32f4xx_it.o
    0x08003904   0x08003904   0x0000001c   Code   RO          800    i.TIM7_IRQHandler   stm32f4xx_it.o
    0x08003920   0x08003920   0x000000dc   Code   RO         2799    i.TIM_Base_SetConfig  stm32f4xx_hal_tim.o
    0x080039fc   0x080039fc   0x00000014   Code   RO         2810    i.TIM_ETR_SetConfig  stm32f4xx_hal_tim.o
    0x08003a10   0x08003a10   0x00000010   Code   RO         2811    i.TIM_ITRx_SetConfig  stm32f4xx_hal_tim.o
    0x08003a20   0x08003a20   0x00000068   Code   RO         2812    i.TIM_OC1_SetConfig  stm32f4xx_hal_tim.o
    0x08003a88   0x08003a88   0x00000074   Code   RO         2813    i.TIM_OC2_SetConfig  stm32f4xx_hal_tim.o
    0x08003afc   0x08003afc   0x00000070   Code   RO         2814    i.TIM_OC3_SetConfig  stm32f4xx_hal_tim.o
    0x08003b6c   0x08003b6c   0x00000054   Code   RO         2815    i.TIM_OC4_SetConfig  stm32f4xx_hal_tim.o
    0x08003bc0   0x08003bc0   0x00000022   Code   RO         2817    i.TIM_TI1_ConfigInputStage  stm32f4xx_hal_tim.o
    0x08003be2   0x08003be2   0x00000024   Code   RO         2819    i.TIM_TI2_ConfigInputStage  stm32f4xx_hal_tim.o
    0x08003c06   0x08003c06   0x00000002   PAD
    0x08003c08   0x08003c08   0x00000114   Code   RO         3745    i.UART_SetConfig    stm32f4xx_hal_uart.o
    0x08003d1c   0x08003d1c   0x00000068   Code   RO          347    i.USER_Init         main.o
    0x08003d84   0x08003d84   0x00000002   Code   RO          801    i.UsageFault_Handler  stm32f4xx_it.o
    0x08003d86   0x08003d86   0x00000020   Code   RO         2002    i.__NVIC_SetPriority  stm32f4xx_hal_cortex.o
    0x08003da6   0x08003da6   0x00000002   PAD
    0x08003da8   0x08003da8   0x000000e4   Code   RO           16    i.check_faults      control.o
    0x08003e8c   0x08003e8c   0x00000040   Code   RO          218    i.form_SinCos       foc_lib.o
    0x08003ecc   0x08003ecc   0x000000a4   Code   RO           17    i.get_speed_encoder  control.o
    0x08003f70   0x08003f70   0x00000060   Code   RO          219    i.invPark           foc_lib.o
    0x08003fd0   0x08003fd0   0x00000036   Code   RO          348    i.main              main.o
    0x08004006   0x08004006   0x00000002   PAD
    0x08004008   0x08004008   0x00000200   Code   RO           18    i.motor_control     control.o
    0x08004208   0x08004208   0x0000008c   Code   RO           19    i.motor_control_add  control.o
    0x08004294   0x08004294   0x00000008   Code   RO          220    i.mult_r            foc_lib.o
    0x0800429c   0x0800429c   0x0000000a   Code   RO         4771    x$fpl$fpinit        fz_wm.l(fpinit.o)
    0x080042a6   0x080042a6   0x00000202   Data   RO          223    .constdata          foc_lib.o
    0x080044a8   0x080044a8   0x00000008   Data   RO         1718    .constdata          stm32f4xx_hal_dma.o
    0x080044b0   0x080044b0   0x00000010   Data   RO         4063    .constdata          system_stm32f4xx.o
    0x080044c0   0x080044c0   0x00000008   Data   RO         4064    .constdata          system_stm32f4xx.o
    0x080044c8   0x080044c8   0x00000020   Data   RO         4827    Region$$Table       anon$$obj.o


    Execution Region RW_IRAM1 (Exec base: 0x20000000, Load base: 0x080044e8, Size: 0x000024d8, Max: 0x0001c000, ABSOLUTE)

    Exec Addr    Load Addr    Size         Type   Attr      Idx    E Section Name        Object

    0x20000000   0x080044e8   0x00000004   Data   RW           20    .data               control.o
    0x20000004   0x080044ec   0x00000001   Data   RW          224    .data               foc_lib.o
    0x20000005   0x080044ed   0x00000001   PAD
    0x20000006   0x080044ee   0x00000004   Data   RW          225    .data               foc_lib.o
    0x2000000a   0x080044f2   0x00000002   Data   RW          227    .data               foc_lib.o
    0x2000000c   0x080044f4   0x00000002   Data   RW          228    .data               foc_lib.o
    0x2000000e   0x080044f6   0x00000001   Data   RW          229    .data               foc_lib.o
    0x2000000f   0x080044f7   0x00000001   Data   RW          230    .data               foc_lib.o
    0x20000010   0x080044f8   0x00000001   Data   RW          231    .data               foc_lib.o
    0x20000011   0x080044f9   0x00000001   Data   RW          232    .data               foc_lib.o
    0x20000012   0x080044fa   0x00000001   Data   RW          233    .data               foc_lib.o
    0x20000013   0x080044fb   0x00000001   Data   RW          234    .data               foc_lib.o
    0x20000014   0x080044fc   0x00000002   Data   RW          235    .data               foc_lib.o
    0x20000016   0x080044fe   0x00000002   Data   RW          236    .data               foc_lib.o
    0x20000018   0x08004500   0x00000002   Data   RW          237    .data               foc_lib.o
    0x2000001a   0x08004502   0x00000002   Data   RW          238    .data               foc_lib.o
    0x2000001c   0x08004504   0x00000002   Data   RW          239    .data               foc_lib.o
    0x2000001e   0x08004506   0x00000002   Data   RW          240    .data               foc_lib.o
    0x20000020   0x08004508   0x00000002   Data   RW          241    .data               foc_lib.o
    0x20000022   0x0800450a   0x00000006   Data   RW          242    .data               foc_lib.o
    0x20000028   0x08004510   0x00000004   Data   RW          243    .data               foc_lib.o
    0x2000002c   0x08004514   0x00000004   Data   RW          244    .data               foc_lib.o
    0x20000030   0x08004518   0x00000002   Data   RW          246    .data               foc_lib.o
    0x20000032   0x0800451a   0x00000006   Data   RW          248    .data               foc_lib.o
    0x20000038   0x08004520   0x00000006   Data   RW          249    .data               foc_lib.o
    0x2000003e   0x08004526   0x00000004   Data   RW          250    .data               foc_lib.o
    0x20000042   0x0800452a   0x00000004   Data   RW          251    .data               foc_lib.o
    0x20000046   0x0800452e   0x00000002   Data   RW          252    .data               foc_lib.o
    0x20000048   0x08004530   0x00000002   Data   RW          253    .data               foc_lib.o
    0x2000004a   0x08004532   0x00000002   Data   RW          254    .data               foc_lib.o
    0x2000004c   0x08004534   0x00000002   Data   RW          255    .data               foc_lib.o
    0x2000004e   0x08004536   0x00000002   Data   RW          256    .data               foc_lib.o
    0x20000050   0x08004538   0x00000002   Data   RW          257    .data               foc_lib.o
    0x20000052   0x0800453a   0x00000002   Data   RW          258    .data               foc_lib.o
    0x20000054   0x0800453c   0x00000002   Data   RW          259    .data               foc_lib.o
    0x20000056   0x0800453e   0x00000002   Data   RW          260    .data               foc_lib.o
    0x20000058   0x08004540   0x00000002   Data   RW          261    .data               foc_lib.o
    0x2000005a   0x08004542   0x00000002   Data   RW          262    .data               foc_lib.o
    0x2000005c   0x08004544   0x00000002   Data   RW          263    .data               foc_lib.o
    0x2000005e   0x08004546   0x00000002   Data   RW          264    .data               foc_lib.o
    0x20000060   0x08004548   0x00000004   Data   RW          266    .data               foc_lib.o
    0x20000064   0x0800454c   0x00000004   Data   RW          267    .data               foc_lib.o
    0x20000068   0x08004550   0x00000002   Data   RW          271    .data               foc_lib.o
    0x2000006a   0x08004552   0x00000002   Data   RW          272    .data               foc_lib.o
    0x2000006c   0x08004554   0x00000002   Data   RW          273    .data               foc_lib.o
    0x2000006e   0x08004556   0x00000002   Data   RW          274    .data               foc_lib.o
    0x20000070   0x08004558   0x00000001   Data   RW          275    .data               foc_lib.o
    0x20000071   0x08004559   0x00000001   PAD
    0x20000072   0x0800455a   0x00000002   Data   RW          276    .data               foc_lib.o
    0x20000074   0x0800455c   0x00000004   Data   RW          283    .data               foc_lib.o
    0x20000078   0x08004560   0x0000000c   Data   RW          442    .data               adc.o
    0x20000084   0x0800456c   0x00000004   Data   RW          802    .data               stm32f4xx_it.o
    0x20000088   0x08004570   0x0000000c   Data   RW         2151    .data               stm32f4xx_hal.o
    0x20000094   0x0800457c   0x00000004   Data   RW         4065    .data               system_stm32f4xx.o
    0x20000098   0x08004580   0x00000002   Data   RW         4104    .data               pe_freemaster_56f8xxx.o
    0x2000009a   0x08004582   0x00000002   PAD
    0x2000009c   0x08004584   0x00000030   Data   RW         4331    .data               pe_freemaster_rec.o
    0x200000cc   0x080045b4   0x00000001   Data   RW         4454    .data               pe_freemaster_scope.o
    0x200000cd   0x080045b5   0x00000003   PAD
    0x200000d0   0x080045b8   0x00000014   Data   RW         4499    .data               pe_freemaster_serial.o
    0x200000e4   0x080045cc   0x00000009   Data   RW         4585    .data               serial.o
    0x200000ed   0x080045d5   0x00000003   PAD
    0x200000f0        -       0x0000000c   Zero   RW          221    .bss                foc_lib.o
    0x200000fc        -       0x0000000c   Zero   RW          222    .bss                foc_lib.o
    0x20000108        -       0x000000d8   Zero   RW          441    .bss                adc.o
    0x200001e0        -       0x00000058   Zero   RW          534    .bss                spi.o
    0x20000238        -       0x00000090   Zero   RW          578    .bss                tim.o
    0x200002c8        -       0x00000108   Zero   RW          630    .bss                usart.o
    0x200003d0        -       0x00001030   Zero   RW         4330    .bss                pe_freemaster_rec.o
    0x20001400        -       0x00000030   Zero   RW         4453    .bss                pe_freemaster_scope.o
    0x20001430        -       0x00000043   Zero   RW         4498    .bss                pe_freemaster_serial.o
    0x20001473        -       0x00000400   Zero   RW         4583    .bss                serial.o
    0x20001873   0x080045d5   0x00000001   PAD
    0x20001874        -       0x00000060   Zero   RW         4701    .bss                c_w.l(libspace.o)
    0x200018d4   0x080045d5   0x00000004   PAD
    0x200018d8        -       0x00000400   Zero   RW            2    HEAP                startup_stm32f407xx.o
    0x20001cd8        -       0x00000800   Zero   RW            1    STACK               startup_stm32f407xx.o


    Execution Region RW_IRAM2 (Exec base: 0x2001c000, Load base: 0x080045d8, Size: 0x00000000, Max: 0x00004000, ABSOLUTE)

    **** No section assigned to this execution region ****


==============================================================================

Image component sizes


      Code (inc. data)   RO Data    RW Data    ZI Data      Debug   Object Name

      1202        170          0         12        216       6259   adc.o
      1268        322          0          4          0     714731   control.o
        60          4          0          0          0        790   dma.o
       666          0        514        114         24       8554   foc_lib.o
       216         18          0          0          0       1063   gpio.o
       310         32          0          0          0       2624   main.o
       192         18          0          2          0      11908   pe_freemaster_56f8xxx.o
         0          0          0          0          0       4344   pe_freemaster_appcmd.o
       588         34          0          0          0      12803   pe_freemaster_protocol.o
      1074        102          0         48       4144      19609   pe_freemaster_rec.o
       196         20          0          1         48       7734   pe_freemaster_scope.o
       520         32          0         20         67      10899   pe_freemaster_serial.o
       400         84          0          9       1024       5467   serial.o
       184         24          0          0         88       1717   spi.o
        64         26        392          0       3072        848   startup_stm32f407xx.o
       148         24          0         12          0       8797   stm32f4xx_hal.o
      1320         48          0          0          0       6530   stm32f4xx_hal_adc.o
       958         46          0          0          0       4054   stm32f4xx_hal_adc_ex.o
       198         14          0          0          0      33935   stm32f4xx_hal_cortex.o
       840         14          8          0          0       4328   stm32f4xx_hal_dma.o
       478         44          0          0          0       2316   stm32f4xx_hal_gpio.o
        48          6          0          0          0        854   stm32f4xx_hal_msp.o
      1472         76          0          0          0       6352   stm32f4xx_hal_rcc.o
       190          0          0          0          0       1211   stm32f4xx_hal_spi.o
      1714        112          0          0          0      13205   stm32f4xx_hal_tim.o
       228         30          0          0          0       2248   stm32f4xx_hal_tim_ex.o
       378         10          0          0          0       1912   stm32f4xx_hal_uart.o
       172         52          0          4          0       6996   stm32f4xx_it.o
        16          4         24          4          0       1139   system_stm32f4xx.o
       652         46          0          0        144       3389   tim.o
       272         30          0          0        264     715396   usart.o

    ----------------------------------------------------------------------
     16060       1442        970        240       9092    1622012   Object Totals
         0          0         32          0          0          0   (incl. Generated)
        36          0          0         10          1          0   (incl. Padding)

    ----------------------------------------------------------------------

      Code (inc. data)   RO Data    RW Data    ZI Data      Debug   Library Member Name

         8          0          0          0          0         68   __main.o
         0          0          0          0          0          0   __rtentry.o
        12          0          0          0          0          0   __rtentry2.o
         6          0          0          0          0          0   __rtentry4.o
        52          8          0          0          0          0   __scatter.o
        26          0          0          0          0          0   __scatter_copy.o
        28          0          0          0          0          0   __scatter_zi.o
        18          0          0          0          0         80   exit.o
         6          0          0          0          0        152   heapauxi.o
         0          0          0          0          0          0   indicate_semi.o
         2          0          0          0          0          0   libinit.o
         6          0          0          0          0          0   libinit2.o
         2          0          0          0          0          0   libshutdown.o
         2          0          0          0          0          0   libshutdown2.o
         8          4          0          0         96         68   libspace.o
       238          0          0          0          0        100   lludivv7m.o
        78          0          0          0          0         80   rt_memclr_w.o
         2          0          0          0          0          0   rtexit.o
        10          0          0          0          0          0   rtexit2.o
        12          4          0          0          0         68   sys_exit.o
        74          0          0          0          0         80   sys_stackheap_outer.o
         2          0          0          0          0         68   use_no_semi.o
        10          0          0          0          0        116   fpinit.o

    ----------------------------------------------------------------------
       610         16          0          0        100        880   Library Totals
         8          0          0          0          4          0   (incl. Padding)

    ----------------------------------------------------------------------

      Code (inc. data)   RO Data    RW Data    ZI Data      Debug   Library Name

       592         16          0          0         96        764   c_w.l
        10          0          0          0          0        116   fz_wm.l

    ----------------------------------------------------------------------
       610         16          0          0        100        880   Library Totals

    ----------------------------------------------------------------------

==============================================================================


      Code (inc. data)   RO Data    RW Data    ZI Data      Debug   

     16670       1458        970        240       9192    1608332   Grand Totals
     16670       1458        970        240       9192    1608332   ELF Image Totals
     16670       1458        970        240          0          0   ROM Totals

==============================================================================

    Total RO  Size (Code + RO Data)                17640 (  17.23kB)
    Total RW  Size (RW Data + ZI Data)              9432 (   9.21kB)
    Total ROM Size (Code + RO Data + RW Data)      17880 (  17.46kB)

==============================================================================

