Component: ARM Compiler 5.06 update 6 (build 750) Tool: armlink [4d35ed]

==============================================================================

Section Cross References

    startup_stm32f407xx.o(STACK) refers (Special) to heapauxi.o(.text) for __use_two_region_memory
    startup_stm32f407xx.o(HEAP) refers (Special) to heapauxi.o(.text) for __use_two_region_memory
    startup_stm32f407xx.o(RESET) refers (Special) to heapauxi.o(.text) for __use_two_region_memory
    startup_stm32f407xx.o(RESET) refers to startup_stm32f407xx.o(STACK) for __initial_sp
    startup_stm32f407xx.o(RESET) refers to startup_stm32f407xx.o(.text) for Reset_Handler
    startup_stm32f407xx.o(RESET) refers to stm32f4xx_it.o(i.NMI_Handler) for NMI_Handler
    startup_stm32f407xx.o(RESET) refers to stm32f4xx_it.o(i.HardFault_Handler) for HardFault_Handler
    startup_stm32f407xx.o(RESET) refers to stm32f4xx_it.o(i.MemManage_Handler) for MemManage_Handler
    startup_stm32f407xx.o(RESET) refers to stm32f4xx_it.o(i.BusFault_Handler) for BusFault_Handler
    startup_stm32f407xx.o(RESET) refers to stm32f4xx_it.o(i.UsageFault_Handler) for UsageFault_Handler
    startup_stm32f407xx.o(RESET) refers to stm32f4xx_it.o(i.SVC_Handler) for SVC_Handler
    startup_stm32f407xx.o(RESET) refers to stm32f4xx_it.o(i.DebugMon_Handler) for DebugMon_Handler
    startup_stm32f407xx.o(RESET) refers to stm32f4xx_it.o(i.PendSV_Handler) for PendSV_Handler
    startup_stm32f407xx.o(RESET) refers to stm32f4xx_it.o(i.SysTick_Handler) for SysTick_Handler
    startup_stm32f407xx.o(RESET) refers to stm32f4xx_it.o(i.DMA1_Stream5_IRQHandler) for DMA1_Stream5_IRQHandler
    startup_stm32f407xx.o(RESET) refers to stm32f4xx_it.o(i.DMA1_Stream6_IRQHandler) for DMA1_Stream6_IRQHandler
    startup_stm32f407xx.o(RESET) refers to stm32f4xx_it.o(i.ADC_IRQHandler) for ADC_IRQHandler
    startup_stm32f407xx.o(RESET) refers to stm32f4xx_it.o(i.CAN1_TX_IRQHandler) for CAN1_TX_IRQHandler
    startup_stm32f407xx.o(RESET) refers to stm32f4xx_it.o(i.CAN1_RX0_IRQHandler) for CAN1_RX0_IRQHandler
    startup_stm32f407xx.o(RESET) refers to stm32f4xx_it.o(i.CAN1_RX1_IRQHandler) for CAN1_RX1_IRQHandler
    startup_stm32f407xx.o(RESET) refers to stm32f4xx_it.o(i.TIM1_UP_TIM10_IRQHandler) for TIM1_UP_TIM10_IRQHandler
    startup_stm32f407xx.o(RESET) refers to stm32f4xx_it.o(i.TIM8_UP_TIM13_IRQHandler) for TIM8_UP_TIM13_IRQHandler
    startup_stm32f407xx.o(RESET) refers to stm32f4xx_it.o(i.TIM7_IRQHandler) for TIM7_IRQHandler
    startup_stm32f407xx.o(RESET) refers to stm32f4xx_it.o(i.CAN2_TX_IRQHandler) for CAN2_TX_IRQHandler
    startup_stm32f407xx.o(RESET) refers to stm32f4xx_it.o(i.CAN2_RX0_IRQHandler) for CAN2_RX0_IRQHandler
    startup_stm32f407xx.o(RESET) refers to stm32f4xx_it.o(i.CAN2_RX1_IRQHandler) for CAN2_RX1_IRQHandler
    startup_stm32f407xx.o(.text) refers (Special) to heapauxi.o(.text) for __use_two_region_memory
    startup_stm32f407xx.o(.text) refers to system_stm32f4xx.o(i.SystemInit) for SystemInit
    startup_stm32f407xx.o(.text) refers to __main.o(!!!main) for __main
    startup_stm32f407xx.o(.text) refers to startup_stm32f407xx.o(HEAP) for Heap_Mem
    startup_stm32f407xx.o(.text) refers to startup_stm32f407xx.o(STACK) for Stack_Mem
    control.o(i.PWM_Disable) refers to foc_lib.o(.bss) for current_PI_params
    control.o(i.PWM_Disable) refers to foc_lib.o(.data) for err_int_q_is
    control.o(i.PWM_Disable) refers to foc_lib.o(.data) for err_int_d_is
    control.o(i.PWM_Disable) refers to foc_lib.o(.data) for U_desired
    control.o(i.PWM_Disable) refers to foc_lib.o(.data) for i_Sdq_desired
    control.o(i.PWM_Disable) refers to foc_lib.o(.data) for u_Sdq
    control.o(i.PWM_Disable) refers to foc_lib.o(.data) for u_Sabc
    control.o(i.PWM_Disable) refers to foc_lib.o(.data) for sector
    control.o(i.PWM_Disable) refers to foc_lib.o(.data) for dir_step
    control.o(i.PWM_Disable) refers to foc_lib.o(.data) for omega_desired
    control.o(i.PWM_Load) refers to foc_lib.o(i.mult_r) for mult_r
    control.o(i.PWM_Load) refers to foc_lib.o(.data) for u_Sabc
    control.o(i.check_faults) refers to control.o(i.PWM_Disable) for PWM_Disable
    control.o(i.check_faults) refers to adc.o(.data) for adc_init
    control.o(i.check_faults) refers to tim.o(.bss) for htim1
    control.o(i.check_faults) refers to foc_lib.o(.data) for overcurrent
    control.o(i.check_faults) refers to foc_lib.o(.data) for power
    control.o(i.check_faults) refers to foc_lib.o(.data) for overvolt
    control.o(i.check_faults) refers to foc_lib.o(.data) for undervolt
    control.o(i.check_faults) refers to foc_lib.o(.data) for overload
    control.o(i.check_faults) refers to foc_lib.o(.data) for sensor_fault
    control.o(i.check_faults) refers to foc_lib.o(.data) for status_flag
    control.o(i.check_faults) refers to foc_lib.o(.data) for Command
    control.o(i.check_faults) refers to foc_lib.o(.data) for i_Sdq_desired
    control.o(i.check_faults) refers to foc_lib.o(.data) for i_sdq_max
[...]
    .data                                    0x200000f8   Section       20  pe_freemaster_serial.o(.data)
    pcm_nRxCheckSum                          0x200000f8   Data           1  pe_freemaster_serial.o(.data)
    pcm_nTxTodo                              0x200000fa   Data           2  pe_freemaster_serial.o(.data)
    pcm_nRxTodo                              0x200000fc   Data           2  pe_freemaster_serial.o(.data)
    pcm_wFlags                               0x20000100   Data           4  pe_freemaster_serial.o(.data)
    pcm_pTxBuff                              0x20000104   Data           4  pe_freemaster_serial.o(.data)
    pcm_pRxBuff                              0x20000108   Data           4  pe_freemaster_serial.o(.data)
    .data                                    0x2000010c   Section        9  serial.o(.data)
    .bss                                     0x20000118   Section       12  foc_lib.o(.bss)
    .bss                                     0x20000124   Section       12  foc_lib.o(.bss)
    .bss                                     0x20000130   Section      216  adc.o(.bss)
    .bss                                     0x20000208   Section      172  can.o(.bss)
    .bss                                     0x200002b4   Section       88  spi.o(.bss)
    .bss                                     0x2000030c   Section      216  tim.o(.bss)
    .bss                                     0x200003e4   Section      264  usart.o(.bss)
    .bss                                     0x200004ec   Section     4144  pe_freemaster_rec.o(.bss)
    pcm_pOwnRecBuffer                        0x2000051c   Data        4096  pe_freemaster_rec.o(.bss)
    .bss                                     0x2000151c   Section       48  pe_freemaster_scope.o(.bss)
    pcm_pScopeVarAddr                        0x2000151c   Data          32  pe_freemaster_scope.o(.bss)
    pcm_pScopeVarSize                        0x2000153c   Data          16  pe_freemaster_scope.o(.bss)
    .bss                                     0x2000154c   Section       67  pe_freemaster_serial.o(.bss)
    pcm_pCommBuffer                          0x2000154c   Data          67  pe_freemaster_serial.o(.bss)
    .bss                                     0x2000158f   Section     1024  serial.o(.bss)
    .bss                                     0x20001990   Section       96  libspace.o(.bss)
    HEAP                                     0x200019f0   Section     1024  startup_stm32f407xx.o(HEAP)
    Heap_Mem                                 0x200019f0   Data        1024  startup_stm32f407xx.o(HEAP)
    STACK                                    0x20001df0   Section     2048  startup_stm32f407xx.o(STACK)
    Stack_Mem                                0x20001df0   Data        2048  startup_stm32f407xx.o(STACK)
    __initial_sp                             0x200025f0   Data           0  startup_stm32f407xx.o(STACK)

    Global Symbols

    Symbol Name                              Value     Ov Type        Size  Object(Section)

    BuildAttributes$$THM_ISAv4$E$P$D$K$B$S$7EM$VFPi3$EXTD16$VFPS$VFMA$PE$A:L22UL41UL21$X:L11$S22US41US21$IEEE1$IW$USESV6$~STKCKD$USESV7$~SHL$OSPACE$ROPI$EBA8$UX$STANDARDLIB$REQ8$PRES8$EABIv2 0x00000000   Number         0  anon$$obj.o ABSOLUTE
    __ARM_use_no_argv                        0x00000000   Number         0  main.o ABSOLUTE
    __ARM_exceptions_init                     - Undefined Weak Reference
    __alloca_initialize                       - Undefined Weak Reference
    __arm_preinit_                            - Undefined Weak Reference
    __cpp_initialize__aeabi_                  - Undefined Weak Reference
    __cxa_finalize                            - Undefined Weak Reference
    __rt_locale                               - Undefined Weak Reference
    __sigvec_lookup                           - Undefined Weak Reference
    _atexit_init                              - Undefined Weak Reference
    _call_atexit_fns                          - Undefined Weak Reference
    _clock_init                               - Undefined Weak Reference
    _fp_trap_init                             - Undefined Weak Reference
    _fp_trap_shutdown                         - Undefined Weak Reference
    _get_lc_collate                           - Undefined Weak Reference
    _get_lc_ctype                             - Undefined Weak Reference
    _get_lc_monetary                          - Undefined Weak Reference
    _get_lc_numeric                           - Undefined Weak Reference
    _get_lc_time                              - Undefined Weak Reference
    _getenv_init                              - Undefined Weak Reference
    _handle_redirection                       - Undefined Weak Reference
    _init_alloc                               - Undefined Weak Reference
    _init_user_alloc                          - Undefined Weak Reference
    _initio                                   - Undefined Weak Reference
    _rand_init                                - Undefined Weak Reference
    _signal_finish                            - Undefined Weak Reference
    _signal_init                              - Undefined Weak Reference
    _terminate_alloc                          - Undefined Weak Reference
    _terminate_user_alloc                     - Undefined Weak Reference
    _terminateio                              - Undefined Weak Reference
    __Vectors_Size                           0x00000188   Number         0  startup_stm32f407xx.o ABSOLUTE
    __Vectors                                0x08000000   Data           4  startup_stm32f407xx.o(RESET)
    __Vectors_End                            0x08000188   Data           0  startup_stm32f407xx.o(RESET)
    __main                                   0x08000189   Thumb Code     8  __main.o(!!!main)
    __scatterload                            0x08000191   Thumb Code     0  __scatter.o(!!!scatter)
    __scatterload_rt2                        0x08000191   Thumb Code    44  __scatter.o(!!!scatter)
    __scatterload_rt2_thumb_only             0x08000191   Thumb Code     0  __scatter.o(!!!scatter)
    __scatterload_null                       0x0800019f   Thumb Code     0  __scatter.o(!!!scatter)
    __scatterload_copy                       0x080001c5   Thumb Code    26  __scatter_copy.o(!!handler_copy)
    __scatterload_zeroinit                   0x080001e1   Thumb Code    28  __scatter_zi.o(!!handler_zi)
    __rt_lib_init                            0x080001fd   Thumb Code     0  libinit.o(.ARM.Collect$$libinit$$00000000)
    __rt_lib_init_fp_1                       0x080001ff   Thumb Code     0  libinit2.o(.ARM.Collect$$libinit$$00000001)
    __rt_lib_init_alloca_1                   0x08000203   Thumb Code     0  libinit2.o(.ARM.Collect$$libinit$$0000002E)
    __rt_lib_init_argv_1                     0x08000203   Thumb Code     0  libinit2.o(.ARM.Collect$$libinit$$0000002C)
    __rt_lib_init_atexit_1                   0x08000203   Thumb Code     0  libinit2.o(.ARM.Collect$$libinit$$0000001B)
    __rt_lib_init_clock_1                    0x08000203   Thumb Code     0  libinit2.o(.ARM.Collect$$libinit$$00000021)
    __rt_lib_init_cpp_1                      0x08000203   Thumb Code     0  libinit2.o(.ARM.Collect$$libinit$$00000032)
    __rt_lib_init_exceptions_1               0x08000203   Thumb Code     0  libinit2.o(.ARM.Collect$$libinit$$00000030)
    __rt_lib_init_fp_trap_1                  0x08000203   Thumb Code     0  libinit2.o(.ARM.Collect$$libinit$$0000001F)
    __rt_lib_init_getenv_1                   0x08000203   Thumb Code     0  libinit2.o(.ARM.Collect$$libinit$$00000023)
    __rt_lib_init_heap_1                     0x08000203   Thumb Code     0  libinit2.o(.ARM.Collect$$libinit$$0000000A)
    __rt_lib_init_lc_collate_1               0x08000203   Thumb Code     0  libinit2.o(.ARM.Collect$$libinit$$00000011)
    __rt_lib_init_lc_ctype_1                 0x08000203   Thumb Code     0  libinit2.o(.ARM.Collect$$libinit$$00000013)
    __rt_lib_init_lc_monetary_1              0x08000203   Thumb Code     0  libinit2.o(.ARM.Collect$$libinit$$00000015)
    __rt_lib_init_lc_numeric_1               0x08000203   Thumb Code     0  libinit2.o(.ARM.Collect$$libinit$$00000017)
    __rt_lib_init_lc_time_1                  0x08000203   Thumb Code     0  libinit2.o(.ARM.Collect$$libinit$$00000019)
    __rt_lib_init_preinit_1                  0x08000203   Thumb Code     0  libinit2.o(.ARM.Collect$$libinit$$00000004)
    __rt_lib_init_rand_1                     0x08000203   Thumb Code     0  libinit2.o(.ARM.Collect$$libinit$$0000000E)
    __rt_lib_init_return                     0x08000203   Thumb Code     0  libinit2.o(.ARM.Collect$$libinit$$00000033)
    __rt_lib_init_signal_1                   0x08000203   Thumb Code     0  libinit2.o(.ARM.Collect$$libinit$$0000001D)
    __rt_lib_init_stdio_1                    0x08000203   Thumb Code     0  libinit2.o(.ARM.Collect$$libinit$$00000025)
    __rt_lib_init_user_alloc_1               0x08000203   Thumb Code     0  libinit2.o(.ARM.Collect$$libinit$$0000000C)
    __rt_lib_shutdown                        0x08000205   Thumb Code     0  libshutdown.o(.ARM.Collect$$libshutdown$$00000000)
    __rt_lib_shutdown_cpp_1                  0x08000207   Thumb Code     0  libshutdown2.o(.ARM.Collect$$libshutdown$$00000002)
    __rt_lib_shutdown_fp_trap_1              0x08000207   Thumb Code     0  libshutdown2.o(.ARM.Collect$$libshutdown$$00000007)
    __rt_lib_shutdown_heap_1                 0x08000207   Thumb Code     0  libshutdown2.o(.ARM.Collect$$libshutdown$$0000000F)
    __rt_lib_shutdown_return                 0x08000207   Thumb Code     0  libshutdown2.o(.ARM.Collect$$libshutdown$$00000010)
    __rt_lib_shutdown_signal_1               0x08000207   Thumb Code     0  libshutdown2.o(.ARM.Collect$$libshutdown$$0000000A)
    __rt_lib_shutdown_stdio_1                0x08000207   Thumb Code     0  libshutdown2.o(.ARM.Collect$$libshutdown$$00000004)
    __rt_lib_shutdown_user_alloc_1           0x08000207   Thumb Code     0  libshutdown2.o(.ARM.Collect$$libshutdown$$0000000C)
    __rt_entry                               0x08000209   Thumb Code     0  __rtentry.o(.ARM.Collect$$rtentry$$00000000)
    __rt_entry_presh_1                       0x08000209   Thumb Code     0  __rtentry2.o(.ARM.Collect$$rtentry$$00000002)
    __rt_entry_sh                            0x08000209   Thumb Code     0  __rtentry4.o(.ARM.Collect$$rtentry$$00000004)
    __rt_entry_li                            0x0800020f   Thumb Code     0  __rtentry2.o(.ARM.Collect$$rtentry$$0000000A)
    __rt_entry_postsh_1                      0x0800020f   Thumb Code     0  __rtentry2.o(.ARM.Collect$$rtentry$$00000009)
    __rt_entry_main                          0x08000213   Thumb Code     0  __rtentry2.o(.ARM.Collect$$rtentry$$0000000D)
    __rt_entry_postli_1                      0x08000213   Thumb Code     0  __rtentry2.o(.ARM.Collect$$rtentry$$0000000C)
    __rt_exit                                0x0800021b   Thumb Code     0  rtexit.o(.ARM.Collect$$rtexit$$00000000)
    __rt_exit_ls                             0x0800021d   Thumb Code     0  rtexit2.o(.ARM.Collect$$rtexit$$00000003)
    __rt_exit_prels_1                        0x0800021d   Thumb Code     0  rtexit2.o(.ARM.Collect$$rtexit$$00000002)
    __rt_exit_exit                           0x08000221   Thumb Code     0  rtexit2.o(.ARM.Collect$$rtexit$$00000004)
    Reset_Handler                            0x08000229   Thumb Code     8  startup_stm32f407xx.o(.text)
    CAN1_SCE_IRQHandler                      0x08000243   Thumb Code     0  startup_stm32f407xx.o(.text)
    CAN2_SCE_IRQHandler                      0x08000243   Thumb Code     0  startup_stm32f407xx.o(.text)
    DCMI_IRQHandler                          0x08000243   Thumb Code     0  startup_stm32f407xx.o(.text)
    DMA1_Stream0_IRQHandler                  0x08000243   Thumb Code     0  startup_stm32f407xx.o(.text)
    DMA1_Stream1_IRQHandler                  0x08000243   Thumb Code     0  startup_stm32f407xx.o(.text)
    DMA1_Stream2_IRQHandler                  0x08000243   Thumb Code     0  startup_stm32f407xx.o(.text)
    DMA1_Stream3_IRQHandler                  0x08000243   Thumb Code     0  startup_stm32f407xx.o(.text)
    DMA1_Stream4_IRQHandler                  0x08000243   Thumb Code     0  startup_stm32f407xx.o(.text)
    DMA1_Stream7_IRQHandler                  0x08000243   Thumb Code     0  startup_stm32f407xx.o(.text)
    DMA2_Stream0_IRQHandler                  0x08000243   Thumb Code     0  startup_stm32f407xx.o(.text)
    DMA2_Stream1_IRQHandler                  0x08000243   Thumb Code     0  startup_stm32f407xx.o(.text)
    DMA2_Stream2_IRQHandler                  0x08000243   Thumb Code     0  startup_stm32f407xx.o(.text)
    DMA2_Stream3_IRQHandler                  0x08000243   Thumb Code     0  startup_stm32f407xx.o(.text)
    DMA2_Stream4_IRQHandler                  0x08000243   Thumb Code     0  startup_stm32f407xx.o(.text)
    DMA2_Stream5_IRQHandler                  0x08000243   Thumb Code     0  startup_stm32f407xx.o(.text)
    DMA2_Stream6_IRQHandler                  0x08000243   Thumb Code     0  startup_stm32f407xx.o(.text)
    DMA2_Stream7_IRQHandler                  0x08000243   Thumb Code     0  startup_stm32f407xx.o(.text)
    ETH_IRQHandler                           0x08000243   Thumb Code     0  startup_stm32f407xx.o(.text)
    ETH_WKUP_IRQHandler                      0x08000243   Thumb Code     0  startup_stm32f407xx.o(.text)
    EXTI0_IRQHandler                         0x08000243   Thumb Code     0  startup_stm32f407xx.o(.text)
    EXTI15_10_IRQHandler                     0x08000243   Thumb Code     0  startup_stm32f407xx.o(.text)
    EXTI1_IRQHandler                         0x08000243   Thumb Code     0  startup_stm32f407xx.o(.text)
    EXTI2_IRQHandler                         0x08000243   Thumb Code     0  startup_stm32f407xx.o(.text)
    EXTI3_IRQHandler                         0x08000243   Thumb Code     0  startup_stm32f407xx.o(.text)
    EXTI4_IRQHandler                         0x08000243   Thumb Code     0  startup_stm32f407xx.o(.text)
    EXTI9_5_IRQHandler                       0x08000243   Thumb Code     0  startup_stm32f407xx.o(.text)
    FLASH_IRQHandler                         0x08000243   Thumb Code     0  startup_stm32f407xx.o(.text)
    FMC_IRQHandler                           0x08000243   Thumb Code     0  startup_stm32f407xx.o(.text)
    FPU_IRQHandler                           0x08000243   Thumb Code     0  startup_stm32f407xx.o(.text)
    HASH_RNG_IRQHandler                      0x08000243   Thumb Code     0  startup_stm32f407xx.o(.text)
    I2C1_ER_IRQHandler                       0x08000243   Thumb Code     0  startup_stm32f407xx.o(.text)
    I2C1_EV_IRQHandler                       0x08000243   Thumb Code     0  startup_stm32f407xx.o(.text)
    I2C2_ER_IRQHandler                       0x08000243   Thumb Code     0  startup_stm32f407xx.o(.text)
    I2C2_EV_IRQHandler                       0x08000243   Thumb Code     0  startup_stm32f407xx.o(.text)
    I2C3_ER_IRQHandler                       0x08000243   Thumb Code     0  startup_stm32f407xx.o(.text)
    I2C3_EV_IRQHandler                       0x08000243   Thumb Code     0  startup_stm32f407xx.o(.text)
    OTG_FS_IRQHandler                        0x08000243   Thumb Code     0  startup_stm32f407xx.o(.text)
    OTG_FS_WKUP_IRQHandler                   0x08000243   Thumb Code     0  startup_stm32f407xx.o(.text)
    OTG_HS_EP1_IN_IRQHandler                 0x08000243   Thumb Code     0  startup_stm32f407xx.o(.text)
    OTG_HS_EP1_OUT_IRQHandler                0x08000243   Thumb Code     0  startup_stm32f407xx.o(.text)
    OTG_HS_IRQHandler                        0x08000243   Thumb Code     0  startup_stm32f407xx.o(.text)
    OTG_HS_WKUP_IRQHandler                   0x08000243   Thumb Code     0  startup_stm32f407xx.o(.text)
    PVD_IRQHandler                           0x08000243   Thumb Code     0  startup_stm32f407xx.o(.text)
    RCC_IRQHandler                           0x08000243   Thumb Code     0  startup_stm32f407xx.o(.text)
    RTC_Alarm_IRQHandler                     0x08000243   Thumb Code     0  startup_stm32f407xx.o(.text)
    RTC_WKUP_IRQHandler                      0x08000243   Thumb Code     0  startup_stm32f407xx.o(.text)
    SDIO_IRQHandler                          0x08000243   Thumb Code     0  startup_stm32f407xx.o(.text)
    SPI1_IRQHandler                          0x08000243   Thumb Code     0  startup_stm32f407xx.o(.text)
    SPI2_IRQHandler                          0x08000243   Thumb Code     0  startup_stm32f407xx.o(.text)
    SPI3_IRQHandler                          0x08000243   Thumb Code     0  startup_stm32f407xx.o(.text)
    TAMP_STAMP_IRQHandler                    0x08000243   Thumb Code     0  startup_stm32f407xx.o(.text)
    TIM1_BRK_TIM9_IRQHandler                 0x08000243   Thumb Code     0  startup_stm32f407xx.o(.text)
    TIM1_CC_IRQHandler                       0x08000243   Thumb Code     0  startup_stm32f407xx.o(.text)
    TIM1_TRG_COM_TIM11_IRQHandler            0x08000243   Thumb Code     0  startup_stm32f407xx.o(.text)
    TIM2_IRQHandler                          0x08000243   Thumb Code     0  startup_stm32f407xx.o(.text)
    TIM3_IRQHandler                          0x08000243   Thumb Code     0  startup_stm32f407xx.o(.text)
    TIM4_IRQHandler                          0x08000243   Thumb Code     0  startup_stm32f407xx.o(.text)
    TIM5_IRQHandler                          0x08000243   Thumb Code     0  startup_stm32f407xx.o(.text)
    TIM6_DAC_IRQHandler                      0x08000243   Thumb Code     0  startup_stm32f407xx.o(.text)
    TIM8_BRK_TIM12_IRQHandler                0x08000243   Thumb Code     0  startup_stm32f407xx.o(.text)
    TIM8_CC_IRQHandler                       0x08000243   Thumb Code     0  startup_stm32f407xx.o(.text)
    TIM8_TRG_COM_TIM14_IRQHandler            0x08000243   Thumb Code     0  startup_stm32f407xx.o(.text)
    UART4_IRQHandler                         0x08000243   Thumb Code     0  startup_stm32f407xx.o(.text)
    UART5_IRQHandler                         0x08000243   Thumb Code     0  startup_stm32f407xx.o(.text)
    USART1_IRQHandler                        0x08000243   Thumb Code     0  startup_stm32f407xx.o(.text)
    USART2_IRQHandler                        0x08000243   Thumb Code     0  startup_stm32f407xx.o(.text)
    USART3_IRQHandler                        0x08000243   Thumb Code     0  startup_stm32f407xx.o(.text)
    USART6_IRQHandler                        0x08000243   Thumb Code     0  startup_stm32f407xx.o(.text)
    WWDG_IRQHandler                          0x08000243   Thumb Code     0  startup_stm32f407xx.o(.text)
    __user_initial_stackheap                 0x08000245   Thumb Code     0  startup_stm32f407xx.o(.text)
    __aeabi_uldivmod                         0x08000269   Thumb Code     0  lludivv7m.o(.text)
    _ll_udiv                                 0x08000269   Thumb Code   238  lludivv7m.o(.text)
    __aeabi_memclr4                          0x08000357   Thumb Code     0  rt_memclr_w.o(.text)
    __aeabi_memclr8                          0x08000357   Thumb Code     0  rt_memclr_w.o(.text)
    __rt_memclr_w                            0x08000357   Thumb Code    78  rt_memclr_w.o(.text)
    _memset_w                                0x0800035b   Thumb Code     0  rt_memclr_w.o(.text)
    __use_two_region_memory                  0x080003a5   Thumb Code     2  heapauxi.o(.text)
    __rt_heap_escrow$2region                 0x080003a7   Thumb Code     2  heapauxi.o(.text)
    __rt_heap_expand$2region                 0x080003a9   Thumb Code     2  heapauxi.o(.text)
    __user_setup_stackheap                   0x080003ab   Thumb Code    74  sys_stackheap_outer.o(.text)
    exit                                     0x080003f5   Thumb Code    18  exit.o(.text)
    __user_libspace                          0x08000409   Thumb Code     8  libspace.o(.text)
    __user_perproc_libspace                  0x08000409   Thumb Code     0  libspace.o(.text)
    __user_perthread_libspace                0x08000409   Thumb Code     0  libspace.o(.text)
    _sys_exit                                0x08000411   Thumb Code     8  sys_exit.o(.text)
    __I$use$semihosting                      0x0800041d   Thumb Code     0  use_no_semi.o(.text)
    __use_no_semihosting_swi                 0x0800041d   Thumb Code     2  use_no_semi.o(.text)
    __semihosting_library_function           0x0800041f   Thumb Code     0  indicate_semi.o(.text)
    ADC_IRQHandler                           0x08000421   Thumb Code    54  stm32f4xx_it.o(i.ADC_IRQHandler)
    ADC_callback                             0x0800059d   Thumb Code    26  adc.o(i.ADC_callback)
    ADC_callback_add                         0x080005bd   Thumb Code    14  adc.o(i.ADC_callback_add)
    ADC_read                                 0x080005cd   Thumb Code   188  adc.o(i.ADC_read)
    BusFault_Handler                         0x080006a1   Thumb Code     2  stm32f4xx_it.o(i.BusFault_Handler)
    CAN1_RX0_IRQHandler                      0x080006a5   Thumb Code     6  stm32f4xx_it.o(i.CAN1_RX0_IRQHandler)
    CAN1_RX1_IRQHandler                      0x080006b1   Thumb Code     6  stm32f4xx_it.o(i.CAN1_RX1_IRQHandler)
    CAN1_TX_IRQHandler                       0x080006bd   Thumb Code     6  stm32f4xx_it.o(i.CAN1_TX_IRQHandler)
    CAN2_RX0_IRQHandler                      0x080006c9   Thumb Code     6  stm32f4xx_it.o(i.CAN2_RX0_IRQHandler)
    CAN2_RX1_IRQHandler                      0x080006d5   Thumb Code     6  stm32f4xx_it.o(i.CAN2_RX1_IRQHandler)
    CAN2_TX_IRQHandler                       0x080006e1   Thumb Code     6  stm32f4xx_it.o(i.CAN2_TX_IRQHandler)
    CAN_Transmit                             0x080006ed   Thumb Code    28  can.o(i.CAN_Transmit)
    Clarke                                   0x08000711   Thumb Code    58  foc_lib.o(i.Clarke)
    DMA1_Stream5_IRQHandler                  0x0800074d   Thumb Code     6  stm32f4xx_it.o(i.DMA1_Stream5_IRQHandler)
    DMA1_Stream6_IRQHandler                  0x08000759   Thumb Code     6  stm32f4xx_it.o(i.DMA1_Stream6_IRQHandler)
    DebugMon_Handler                         0x08000809   Thumb Code     2  stm32f4xx_it.o(i.DebugMon_Handler)
    Error_Handler                            0x0800080b   Thumb Code     4  main.o(i.Error_Handler)
    FMSTR_AbortRec                           0x08000811   Thumb Code     8  pe_freemaster_rec.o(i.FMSTR_AbortRec)
    FMSTR_AddressFromBuffer                  0x0800081d   Thumb Code    42  pe_freemaster_56f8xxx.o(i.FMSTR_AddressFromBuffer)
    FMSTR_AddressToBuffer                    0x0800084d   Thumb Code    34  pe_freemaster_56f8xxx.o(i.FMSTR_AddressToBuffer)
    FMSTR_CopyFromBuffer                     0x08000925   Thumb Code    22  pe_freemaster_56f8xxx.o(i.FMSTR_CopyFromBuffer)
    FMSTR_CopyFromBufferWithMask             0x0800093b   Thumb Code    34  pe_freemaster_56f8xxx.o(i.FMSTR_CopyFromBufferWithMask)
    FMSTR_CopyMemory                         0x0800095d   Thumb Code    18  pe_freemaster_56f8xxx.o(i.FMSTR_CopyMemory)
    FMSTR_CopyToBuffer                       0x0800096f   Thumb Code    18  pe_freemaster_56f8xxx.o(i.FMSTR_CopyToBuffer)
    FMSTR_GetBoardInfo                       0x08000981   Thumb Code    88  pe_freemaster_protocol.o(i.FMSTR_GetBoardInfo)
    FMSTR_GetRecBuff                         0x080009f5   Thumb Code    62  pe_freemaster_rec.o(i.FMSTR_GetRecBuff)
    FMSTR_GetRecBuffSize                     0x08000a39   Thumb Code     6  pe_freemaster_rec.o(i.FMSTR_GetRecBuffSize)
    FMSTR_GetRecStatus                       0x08000a41   Thumb Code    34  pe_freemaster_rec.o(i.FMSTR_GetRecStatus)
    FMSTR_Poll                               0x08000a95   Thumb Code     4  pe_freemaster_serial.o(i.FMSTR_Poll)
    FMSTR_ProcessSCI                         0x08000a99   Thumb Code    54  pe_freemaster_serial.o(i.FMSTR_ProcessSCI)
    FMSTR_ProtocolDecoder                    0x08000ad5   Thumb Code   316  pe_freemaster_protocol.o(i.FMSTR_ProtocolDecoder)
    FMSTR_ReadMem                            0x08000c11   Thumb Code    50  pe_freemaster_protocol.o(i.FMSTR_ReadMem)
    FMSTR_ReadScope                          0x08000c45   Thumb Code    62  pe_freemaster_scope.o(i.FMSTR_ReadScope)
    FMSTR_ReadVar                            0x08000c8d   Thumb Code    34  pe_freemaster_protocol.o(i.FMSTR_ReadVar)
    FMSTR_Recorder                           0x08000cb1   Thumb Code    14  pe_freemaster_rec.o(i.FMSTR_Recorder)
    FMSTR_SCI_GETCHAR                        0x08000e5d   Thumb Code    50  serial.o(i.FMSTR_SCI_GETCHAR)
    FMSTR_SCI_PUTCHAR                        0x08000ea1   Thumb Code    52  serial.o(i.FMSTR_SCI_PUTCHAR)
    FMSTR_SCI_RD                             0x08000ee5   Thumb Code    22  serial.o(i.FMSTR_SCI_RD)
    FMSTR_SCI_RDCLRSR                        0x08000f05   Thumb Code   114  serial.o(i.FMSTR_SCI_RDCLRSR)
    FMSTR_SCI_RE                             0x08000f81   Thumb Code    32  serial.o(i.FMSTR_SCI_RE)
    FMSTR_SCI_TD                             0x08000fad   Thumb Code    14  serial.o(i.FMSTR_SCI_TD)
    FMSTR_SCI_TE                             0x08000fc1   Thumb Code    32  serial.o(i.FMSTR_SCI_TE)
    FMSTR_SendResponse                       0x08000ffd   Thumb Code    86  pe_freemaster_serial.o(i.FMSTR_SendResponse)
    FMSTR_SetExAddr                          0x08001059   Thumb Code     6  pe_freemaster_56f8xxx.o(i.FMSTR_SetExAddr)
    FMSTR_SetUpRec                           0x08001065   Thumb Code   358  pe_freemaster_rec.o(i.FMSTR_SetUpRec)
    FMSTR_SetUpScope                         0x080011ed   Thumb Code   114  pe_freemaster_scope.o(i.FMSTR_SetUpScope)
    FMSTR_StartRec                           0x08001269   Thumb Code    82  pe_freemaster_rec.o(i.FMSTR_StartRec)
    FMSTR_StopRec                            0x080012c1   Thumb Code    52  pe_freemaster_rec.o(i.FMSTR_StopRec)
    FMSTR_TriggerRec                         0x080012f9   Thumb Code    24  pe_freemaster_rec.o(i.FMSTR_TriggerRec)
    FMSTR_WriteMem                           0x08001369   Thumb Code    36  pe_freemaster_protocol.o(i.FMSTR_WriteMem)
    FMSTR_WriteMemMask                       0x0800138d   Thumb Code    36  pe_freemaster_protocol.o(i.FMSTR_WriteMemMask)
    HAL_ADCEx_InjectedConfigChannel          0x080013b1   Thumb Code   456  stm32f4xx_hal_adc_ex.o(i.HAL_ADCEx_InjectedConfigChannel)
    HAL_ADCEx_InjectedConvCpltCallback       0x08001585   Thumb Code     2  stm32f4xx_hal_adc_ex.o(i.HAL_ADCEx_InjectedConvCpltCallback)
    HAL_ADCEx_InjectedStart                  0x08001589   Thumb Code   222  stm32f4xx_hal_adc_ex.o(i.HAL_ADCEx_InjectedStart)
    HAL_ADCEx_InjectedStart_IT               0x08001679   Thumb Code   232  stm32f4xx_hal_adc_ex.o(i.HAL_ADCEx_InjectedStart_IT)
    HAL_ADC_ConfigChannel                    0x08001771   Thumb Code   326  stm32f4xx_hal_adc.o(i.HAL_ADC_ConfigChannel)
    HAL_ADC_ConvCpltCallback                 0x080018c9   Thumb Code     2  stm32f4xx_hal_adc.o(i.HAL_ADC_ConvCpltCallback)
    HAL_ADC_ErrorCallback                    0x080018cb   Thumb Code     2  stm32f4xx_hal_adc.o(i.HAL_ADC_ErrorCallback)
    HAL_ADC_IRQHandler                       0x080018cd   Thumb Code   306  stm32f4xx_hal_adc.o(i.HAL_ADC_IRQHandler)
    HAL_ADC_Init                             0x080019ff   Thumb Code    84  stm32f4xx_hal_adc.o(i.HAL_ADC_Init)
    HAL_ADC_LevelOutOfWindowCallback         0x08001a53   Thumb Code     2  stm32f4xx_hal_adc.o(i.HAL_ADC_LevelOutOfWindowCallback)
    HAL_ADC_MspInit                          0x08001a55   Thumb Code   240  adc.o(i.HAL_ADC_MspInit)
    HAL_ADC_Start                            0x08001b59   Thumb Code   252  stm32f4xx_hal_adc.o(i.HAL_ADC_Start)
    HAL_CAN_AddTxMessage                     0x08001c6d   Thumb Code   226  stm32f4xx_hal_can.o(i.HAL_CAN_AddTxMessage)
    HAL_CAN_ErrorCallback                    0x08001d4f   Thumb Code     2  stm32f4xx_hal_can.o(i.HAL_CAN_ErrorCallback)
    HAL_CAN_GetRxMessage                     0x08001d51   Thumb Code   274  stm32f4xx_hal_can.o(i.HAL_CAN_GetRxMessage)
    HAL_CAN_GetTxMailboxesFreeLevel          0x08001e63   Thumb Code    44  stm32f4xx_hal_can.o(i.HAL_CAN_GetTxMailboxesFreeLevel)
    HAL_CAN_IRQHandler                       0x08001e8f   Thumb Code   508  stm32f4xx_hal_can.o(i.HAL_CAN_IRQHandler)
    HAL_CAN_Init                             0x0800208b   Thumb Code   338  stm32f4xx_hal_can.o(i.HAL_CAN_Init)
    HAL_CAN_MspInit                          0x080021dd   Thumb Code   298  can.o(i.HAL_CAN_MspInit)
    HAL_CAN_RxFifo0FullCallback              0x08002321   Thumb Code     2  stm32f4xx_hal_can.o(i.HAL_CAN_RxFifo0FullCallback)
    HAL_CAN_RxFifo0MsgPendingCallback        0x08002325   Thumb Code    60  can.o(i.HAL_CAN_RxFifo0MsgPendingCallback)
    HAL_CAN_RxFifo1FullCallback              0x08002369   Thumb Code     2  stm32f4xx_hal_can.o(i.HAL_CAN_RxFifo1FullCallback)
    HAL_CAN_RxFifo1MsgPendingCallback        0x0800236b   Thumb Code     2  stm32f4xx_hal_can.o(i.HAL_CAN_RxFifo1MsgPendingCallback)
    HAL_CAN_SleepCallback                    0x0800236d   Thumb Code     2  stm32f4xx_hal_can.o(i.HAL_CAN_SleepCallback)
    HAL_CAN_TxMailbox0AbortCallback          0x0800236f   Thumb Code     2  stm32f4xx_hal_can.o(i.HAL_CAN_TxMailbox0AbortCallback)
    HAL_CAN_TxMailbox0CompleteCallback       0x08002371   Thumb Code     2  can.o(i.HAL_CAN_TxMailbox0CompleteCallback)
    HAL_CAN_TxMailbox1AbortCallback          0x08002373   Thumb Code     2  stm32f4xx_hal_can.o(i.HAL_CAN_TxMailbox1AbortCallback)
    HAL_CAN_TxMailbox1CompleteCallback       0x08002375   Thumb Code     2  stm32f4xx_hal_can.o(i.HAL_CAN_TxMailbox1CompleteCallback)
    HAL_CAN_TxMailbox2AbortCallback          0x08002377   Thumb Code     2  stm32f4xx_hal_can.o(i.HAL_CAN_TxMailbox2AbortCallback)
    HAL_CAN_TxMailbox2CompleteCallback       0x08002379   Thumb Code     2  stm32f4xx_hal_can.o(i.HAL_CAN_TxMailbox2CompleteCallback)
    HAL_CAN_WakeUpFromRxMsgCallback          0x0800237b   Thumb Code     2  stm32f4xx_hal_can.o(i.HAL_CAN_WakeUpFromRxMsgCallback)
    HAL_DMA_IRQHandler                       0x0800237d   Thumb Code   460  stm32f4xx_hal_dma.o(i.HAL_DMA_IRQHandler)
    HAL_DMA_Init                             0x0800254d   Thumb Code   208  stm32f4xx_hal_dma.o(i.HAL_DMA_Init)
    HAL_GPIO_Init                            0x08002621   Thumb Code   420  stm32f4xx_hal_gpio.o(i.HAL_GPIO_Init)
    HAL_GPIO_WritePin                        0x080027f1   Thumb Code    14  stm32f4xx_hal_gpio.o(i.HAL_GPIO_WritePin)
    HAL_GetTick                              0x08002801   Thumb Code     6  stm32f4xx_hal.o(i.HAL_GetTick)
    HAL_IncTick                              0x0800280d   Thumb Code    12  stm32f4xx_hal.o(i.HAL_IncTick)
    HAL_Init                                 0x0800281d   Thumb Code    48  stm32f4xx_hal.o(i.HAL_Init)
    HAL_InitTick                             0x08002851   Thumb Code    58  stm32f4xx_hal.o(i.HAL_InitTick)
    HAL_MspInit                              0x08002895   Thumb Code    42  stm32f4xx_hal_msp.o(i.HAL_MspInit)
    HAL_NVIC_EnableIRQ                       0x080028c5   Thumb Code    26  stm32f4xx_hal_cortex.o(i.HAL_NVIC_EnableIRQ)
    HAL_NVIC_SetPriority                     0x080028e1   Thumb Code    60  stm32f4xx_hal_cortex.o(i.HAL_NVIC_SetPriority)
    HAL_NVIC_SetPriorityGrouping             0x08002921   Thumb Code    26  stm32f4xx_hal_cortex.o(i.HAL_NVIC_SetPriorityGrouping)
    HAL_RCC_ClockConfig                      0x08002945   Thumb Code   310  stm32f4xx_hal_rcc.o(i.HAL_RCC_ClockConfig)
    HAL_RCC_GetHCLKFreq                      0x08002a91   Thumb Code     6  stm32f4xx_hal_rcc.o(i.HAL_RCC_GetHCLKFreq)
    HAL_RCC_GetPCLK1Freq                     0x08002a9d   Thumb Code    22  stm32f4xx_hal_rcc.o(i.HAL_RCC_GetPCLK1Freq)
    HAL_RCC_GetPCLK2Freq                     0x08002abd   Thumb Code    22  stm32f4xx_hal_rcc.o(i.HAL_RCC_GetPCLK2Freq)
    HAL_RCC_GetSysClockFreq                  0x08002add   Thumb Code    94  stm32f4xx_hal_rcc.o(i.HAL_RCC_GetSysClockFreq)
    HAL_RCC_OscConfig                        0x08002b45   Thumb Code   942  stm32f4xx_hal_rcc.o(i.HAL_RCC_OscConfig)
    HAL_SPI_Init                             0x08002f05   Thumb Code   190  stm32f4xx_hal_spi.o(i.HAL_SPI_Init)
    HAL_SPI_MspInit                          0x08002fc5   Thumb Code    94  spi.o(i.HAL_SPI_MspInit)
    HAL_SYSTICK_Config                       0x08003031   Thumb Code    40  stm32f4xx_hal_cortex.o(i.HAL_SYSTICK_Config)
    HAL_TIMEx_BreakCallback                  0x08003059   Thumb Code     2  stm32f4xx_hal_tim_ex.o(i.HAL_TIMEx_BreakCallback)
    HAL_TIMEx_CommutCallback                 0x0800305b   Thumb Code     2  stm32f4xx_hal_tim_ex.o(i.HAL_TIMEx_CommutCallback)
    HAL_TIMEx_ConfigBreakDeadTime            0x0800305d   Thumb Code    84  stm32f4xx_hal_tim_ex.o(i.HAL_TIMEx_ConfigBreakDeadTime)
    HAL_TIMEx_MasterConfigSynchronization    0x080030b1   Thumb Code   114  stm32f4xx_hal_tim_ex.o(i.HAL_TIMEx_MasterConfigSynchronization)
    HAL_TIM_Base_Init                        0x08003141   Thumb Code    74  stm32f4xx_hal_tim.o(i.HAL_TIM_Base_Init)
    HAL_TIM_Base_MspInit                     0x0800318d   Thumb Code   212  tim.o(i.HAL_TIM_Base_MspInit)
    HAL_TIM_Base_Start_IT                    0x08003275   Thumb Code   110  stm32f4xx_hal_tim.o(i.HAL_TIM_Base_Start_IT)
    HAL_TIM_ConfigClockSource                0x08003301   Thumb Code   232  stm32f4xx_hal_tim.o(i.HAL_TIM_ConfigClockSource)
    HAL_TIM_ConfigOCrefClear                 0x080033e9   Thumb Code   234  stm32f4xx_hal_tim.o(i.HAL_TIM_ConfigOCrefClear)
    HAL_TIM_IC_CaptureCallback               0x080034d3   Thumb Code     2  stm32f4xx_hal_tim.o(i.HAL_TIM_IC_CaptureCallback)
    HAL_TIM_IRQHandler                       0x080034d5   Thumb Code   312  stm32f4xx_hal_tim.o(i.HAL_TIM_IRQHandler)
    HAL_TIM_MspPostInit                      0x0800360d   Thumb Code   140  tim.o(i.HAL_TIM_MspPostInit)
    HAL_TIM_OC_DelayElapsedCallback          0x080036ad   Thumb Code     2  stm32f4xx_hal_tim.o(i.HAL_TIM_OC_DelayElapsedCallback)
    HAL_TIM_PWM_ConfigChannel                0x080036af   Thumb Code   216  stm32f4xx_hal_tim.o(i.HAL_TIM_PWM_ConfigChannel)
    HAL_TIM_PWM_Init                         0x08003787   Thumb Code    74  stm32f4xx_hal_tim.o(i.HAL_TIM_PWM_Init)
    HAL_TIM_PWM_MspInit                      0x080037d1   Thumb Code     2  stm32f4xx_hal_tim.o(i.HAL_TIM_PWM_MspInit)
    HAL_TIM_PWM_PulseFinishedCallback        0x080037d3   Thumb Code     2  stm32f4xx_hal_tim.o(i.HAL_TIM_PWM_PulseFinishedCallback)
    HAL_TIM_PeriodElapsedCallback            0x080037d5   Thumb Code     2  stm32f4xx_hal_tim.o(i.HAL_TIM_PeriodElapsedCallback)
    HAL_TIM_TriggerCallback                  0x080037d7   Thumb Code     2  stm32f4xx_hal_tim.o(i.HAL_TIM_TriggerCallback)
    HAL_UART_Init                            0x080037d9   Thumb Code   102  stm32f4xx_hal_uart.o(i.HAL_UART_Init)
    HAL_UART_MspInit                         0x08003841   Thumb Code   194  usart.o(i.HAL_UART_MspInit)
    HardFault_Handler                        0x08003919   Thumb Code     2  stm32f4xx_it.o(i.HardFault_Handler)
    MX_ADC1_Init                             0x0800391d   Thumb Code   270  adc.o(i.MX_ADC1_Init)
    MX_ADC2_Init                             0x08003a81   Thumb Code   142  adc.o(i.MX_ADC2_Init)
    MX_ADC3_Init                             0x08003b1d   Thumb Code   160  adc.o(i.MX_ADC3_Init)
    MX_CAN1_Init                             0x08003bc9   Thumb Code    60  can.o(i.MX_CAN1_Init)
    MX_CAN2_Init                             0x08003c0d   Thumb Code    60  can.o(i.MX_CAN2_Init)
    MX_DMA_Init                              0x08003c51   Thumb Code    56  dma.o(i.MX_DMA_Init)
    MX_GPIO_Init                             0x08003c8d   Thumb Code   180  gpio.o(i.MX_GPIO_Init)
    MX_SPI2_Init                             0x08003d4d   Thumb Code    66  spi.o(i.MX_SPI2_Init)
    MX_TIM1_Init                             0x08003d99   Thumb Code   280  tim.o(i.MX_TIM1_Init)
    MX_TIM7_Init                             0x08003eb9   Thumb Code    60  tim.o(i.MX_TIM7_Init)
    MX_TIM8_Init                             0x08003efd   Thumb Code   218  tim.o(i.MX_TIM8_Init)
    MX_USART2_UART_Init                      0x08003fe1   Thumb Code    48  usart.o(i.MX_USART2_UART_Init)
    MemManage_Handler                        0x08004019   Thumb Code     2  stm32f4xx_it.o(i.MemManage_Handler)
    NMI_Handler                              0x0800401b   Thumb Code     2  stm32f4xx_it.o(i.NMI_Handler)
    PI_reg                                   0x0800401d   Thumb Code   102  foc_lib.o(i.PI_reg)
    PWM_Disable                              0x08004085   Thumb Code    88  control.o(i.PWM_Disable)
    PWM_Enable                               0x0800410d   Thumb Code    44  control.o(i.PWM_Enable)
    PWM_Load                                 0x08004141   Thumb Code    50  control.o(i.PWM_Load)
    Park                                     0x0800417d   Thumb Code    92  foc_lib.o(i.Park)
    PendSV_Handler                           0x080041d9   Thumb Code     2  stm32f4xx_it.o(i.PendSV_Handler)
    SVC_Handler                              0x080041db   Thumb Code     2  stm32f4xx_it.o(i.SVC_Handler)
    SVPWM                                    0x080041dd   Thumb Code   246  foc_lib.o(i.SVPWM)
    SysTick_Handler                          0x080042d3   Thumb Code     4  stm32f4xx_it.o(i.SysTick_Handler)
    SystemClock_Config                       0x080042d9   Thumb Code   140  main.o(i.SystemClock_Config)
    SystemInit                               0x0800436d   Thumb Code    12  system_stm32f4xx.o(i.SystemInit)
    TIM1_UP_TIM10_IRQHandler                 0x0800437d   Thumb Code    16  stm32f4xx_it.o(i.TIM1_UP_TIM10_IRQHandler)
    TIM7_IRQHandler                          0x08004395   Thumb Code    18  stm32f4xx_it.o(i.TIM7_IRQHandler)
    TIM8_UP_TIM13_IRQHandler                 0x080043b1   Thumb Code    12  stm32f4xx_it.o(i.TIM8_UP_TIM13_IRQHandler)
    TIM_Base_SetConfig                       0x080043c5   Thumb Code   174  stm32f4xx_hal_tim.o(i.TIM_Base_SetConfig)
    TIM_ETR_SetConfig                        0x080044a1   Thumb Code    20  stm32f4xx_hal_tim.o(i.TIM_ETR_SetConfig)
    TIM_OC2_SetConfig                        0x0800452d   Thumb Code   106  stm32f4xx_hal_tim.o(i.TIM_OC2_SetConfig)
    USER_Init                                0x080047c1   Thumb Code    86  main.o(i.USER_Init)
    UsageFault_Handler                       0x08004835   Thumb Code     2  stm32f4xx_it.o(i.UsageFault_Handler)
    check_faults                             0x08004859   Thumb Code   176  control.o(i.check_faults)
    form_SinCos                              0x0800493d   Thumb Code    64  foc_lib.o(i.form_SinCos)
    get_speed_encoder                        0x0800497d   Thumb Code   126  control.o(i.get_speed_encoder)
    invPark                                  0x08004a21   Thumb Code    96  foc_lib.o(i.invPark)
    main                                     0x08004a81   Thumb Code    66  main.o(i.main)
    motor_control                            0x08004ac5   Thumb Code   442  control.o(i.motor_control)
    motor_control_add                        0x08004d05   Thumb Code   128  control.o(i.motor_control_add)
    mult_r                                   0x08004db5   Thumb Code     8  foc_lib.o(i.mult_r)
    _fp_init                                 0x08004dbd   Thumb Code    10  fpinit.o(x$fpl$fpinit)
    __fplib_config_fpu_vfp                   0x08004dc5   Thumb Code     0  fpinit.o(x$fpl$fpinit)
    __fplib_config_pureend_doubles           0x08004dc5   Thumb Code     0  fpinit.o(x$fpl$fpinit)
    sin_table                                0x08004dc6   Data         514  foc_lib.o(.constdata)
    AHBPrescTable                            0x08004fd0   Data          16  system_stm32f4xx.o(.constdata)
    APBPrescTable                            0x08004fe0   Data           8  system_stm32f4xx.o(.constdata)
    Region$$Table$$Base                      0x08004fe8   Number         0  anon$$obj.o(Region$$Table)
    Region$$Table$$Limit                     0x08005008   Number         0  anon$$obj.o(Region$$Table)
    delta_theta_filt                         0x20000002   Data           2  control.o(.data)
    TIM1_ADC_1_S                             0x20000004   Data           2  control.o(.data)
    TIM1_ADC_1_E                             0x20000006   Data           2  control.o(.data)
    TIM1_ADC_2_S                             0x20000008   Data           2  control.o(.data)
    TIM1_ADC_2_E                             0x2000000a   Data           2  control.o(.data)
    TIM1_ADC_1                               0x2000000c   Data           2  control.o(.data)
    TIM1_ADC_2                               0x2000000e   Data           2  control.o(.data)
    Command                                  0x20000010   Data           1  foc_lib.o(.data)
    i_Sdq_desired                            0x20000012   Data           4  foc_lib.o(.data)
    dir_step                                 0x20000016   Data           2  foc_lib.o(.data)
    theta_el_deg                             0x20000018   Data           2  foc_lib.o(.data)
    overcurrent                              0x2000001a   Data           1  foc_lib.o(.data)
    overvolt                                 0x2000001b   Data           1  foc_lib.o(.data)
    undervolt                                0x2000001c   Data           1  foc_lib.o(.data)
    status_flag                              0x2000001d   Data           1  foc_lib.o(.data)
    overload                                 0x2000001e   Data           1  foc_lib.o(.data)
    sensor_fault                             0x2000001f   Data           1  foc_lib.o(.data)
    scale_power                              0x20000020   Data           2  foc_lib.o(.data)
    power                                    0x20000022   Data           2  foc_lib.o(.data)
    power_min                                0x20000024   Data           2  foc_lib.o(.data)
    power_over                               0x20000026   Data           2  foc_lib.o(.data)
    power_max                                0x20000028   Data           2  foc_lib.o(.data)
    power_nominal                            0x2000002a   Data           2  foc_lib.o(.data)
    power_fault                              0x2000002c   Data           2  foc_lib.o(.data)
    u_Sabc                                   0x2000002e   Data           6  foc_lib.o(.data)
    u_SAlphaBeta                             0x20000034   Data           4  foc_lib.o(.data)
    u_Sdq                                    0x20000038   Data           4  foc_lib.o(.data)
    U_desired                                0x2000003c   Data           2  foc_lib.o(.data)
    i_Sabc_adc                               0x2000003e   Data           6  foc_lib.o(.data)
    i_Sabc                                   0x20000044   Data           6  foc_lib.o(.data)
    i_SAlphaBeta                             0x2000004a   Data           4  foc_lib.o(.data)
    i_Sdq                                    0x2000004e   Data           4  foc_lib.o(.data)
    i_sdq_max                                0x20000052   Data           2  foc_lib.o(.data)
    i_sdq_max_cont                           0x20000054   Data           2  foc_lib.o(.data)
    i_sd_alignment                           0x20000056   Data           2  foc_lib.o(.data)
    i_sd_fault                               0x20000058   Data           2  foc_lib.o(.data)
    scale_current                            0x2000005a   Data           2  foc_lib.o(.data)
    omega_max                                0x2000005c   Data           2  foc_lib.o(.data)
    omega_ramp                               0x2000005e   Data           2  foc_lib.o(.data)
    scale_omega                              0x20000060   Data           2  foc_lib.o(.data)
    Enc_in                                   0x20000062   Data           2  foc_lib.o(.data)
    Enc_in_old                               0x20000064   Data           2  foc_lib.o(.data)
    delta_theta                              0x20000066   Data           2  foc_lib.o(.data)
    omega_desired                            0x20000068   Data           2  foc_lib.o(.data)
    omega_actual                             0x2000006a   Data           2  foc_lib.o(.data)
    err_int_q_is                             0x2000006c   Data           4  foc_lib.o(.data)
    err_int_d_is                             0x20000070   Data           4  foc_lib.o(.data)
    pi_p_gain_is                             0x20000074   Data           2  foc_lib.o(.data)
    pi_i_gain_is                             0x20000076   Data           2  foc_lib.o(.data)
    pi_p_gain_omega                          0x20000078   Data           2  foc_lib.o(.data)
    pi_i_gain_omega                          0x2000007a   Data           2  foc_lib.o(.data)
    sector                                   0x2000007c   Data           1  foc_lib.o(.data)
    step                                     0x2000007e   Data           2  foc_lib.o(.data)
    sinCos_theta_el                          0x20000080   Data           4  foc_lib.o(.data)
    adc_init                                 0x20000084   Data           1  adc.o(.data)
    adc_event                                0x20000086   Data           2  adc.o(.data)
    adc_cnt                                  0x20000088   Data           2  adc.o(.data)
    adc                                      0x2000008a   Data           6  adc.o(.data)
    rxId                                     0x20000090   Data           4  can.o(.data)
    txMailBox                                0x20000098   Data           4  can.o(.data)
    txData                                   0x2000009c   Data           8  can.o(.data)
    rxData                                   0x200000a4   Data           8  can.o(.data)
    tim7_event                               0x200000ac   Data           2  stm32f4xx_it.o(.data)
    tim1_event                               0x200000ae   Data           2  stm32f4xx_it.o(.data)
    uwTickFreq                               0x200000b0   Data           1  stm32f4xx_hal.o(.data)
    uwTickPrio                               0x200000b4   Data           4  stm32f4xx_hal.o(.data)
    uwTick                                   0x200000b8   Data           4  stm32f4xx_hal.o(.data)
    SystemCoreClock                          0x200000bc   Data           4  system_stm32f4xx.o(.data)
    pcm_nRecTriggerMode                      0x200000c4   Data           1  pe_freemaster_rec.o(.data)
    pcm_nRecVarCount                         0x200000c5   Data           1  pe_freemaster_rec.o(.data)
    pcm_wRecTotalSmps                        0x200000c8   Data           2  pe_freemaster_rec.o(.data)
    pcm_wRecPostTrigger                      0x200000ca   Data           2  pe_freemaster_rec.o(.data)
    pcm_wRecTimeDiv                          0x200000cc   Data           2  pe_freemaster_rec.o(.data)
    pcm_wRecBuffStartIx                      0x200000ce   Data           2  pe_freemaster_rec.o(.data)
    pcm_wRecTimeDivCtr                       0x200000d0   Data           2  pe_freemaster_rec.o(.data)
    pcm_wStoprecCountDown                    0x200000d2   Data           2  pe_freemaster_rec.o(.data)
    pcm_dwRecWritePtr                        0x200000d8   Data           4  pe_freemaster_rec.o(.data)
    pcm_dwRecEndBuffPtr                      0x200000dc   Data           4  pe_freemaster_rec.o(.data)
    pcm_wRecFlags                            0x200000e0   Data           4  pe_freemaster_rec.o(.data)
    FreemasterOver                           0x2000010c   Data           1  serial.o(.data)
    PointerDataInFreemasterCAN               0x2000010d   Data           1  serial.o(.data)
    PointerDataInReadFreemasterCAN           0x2000010e   Data           1  serial.o(.data)
    PointerDataOutFreemasterCAN              0x2000010f   Data           1  serial.o(.data)
    PointerDataOutWriteFreemasterCAN         0x20000110   Data           1  serial.o(.data)
    PointerDataInFreemasterUSB               0x20000111   Data           1  serial.o(.data)
    PointerDataInReadFreemasterUSB           0x20000112   Data           1  serial.o(.data)
    PointerDataOutFreemasterUSB              0x20000113   Data           1  serial.o(.data)
    PointerDataOutWriteFreemasterUSB         0x20000114   Data           1  serial.o(.data)
    current_PI_params                        0x20000118   Data          12  foc_lib.o(.bss)
    omega_PI_params                          0x20000124   Data          12  foc_lib.o(.bss)
    hadc1                                    0x20000130   Data          72  adc.o(.bss)
    hadc2                                    0x20000178   Data          72  adc.o(.bss)
    hadc3                                    0x200001c0   Data          72  adc.o(.bss)
    txHeader                                 0x20000208   Data          24  can.o(.bss)
    rxHeader                                 0x20000220   Data          28  can.o(.bss)
    canFilterConfig                          0x2000023c   Data          40  can.o(.bss)
    hcan1                                    0x20000264   Data          40  can.o(.bss)
    hcan2                                    0x2000028c   Data          40  can.o(.bss)
    hspi2                                    0x200002b4   Data          88  spi.o(.bss)
    htim1                                    0x2000030c   Data          72  tim.o(.bss)
    htim7                                    0x20000354   Data          72  tim.o(.bss)
    htim8                                    0x2000039c   Data          72  tim.o(.bss)
    huart2                                   0x200003e4   Data          72  usart.o(.bss)
    hdma_usart2_rx                           0x2000042c   Data          96  usart.o(.bss)
    hdma_usart2_tx                           0x2000048c   Data          96  usart.o(.bss)
    pcm_pRecVarAddr                          0x200004ec   Data          32  pe_freemaster_rec.o(.bss)
    pcm_pRecVarSize                          0x2000050c   Data          16  pe_freemaster_rec.o(.bss)
    DataInFreemasterCAN                      0x2000158f   Data         256  serial.o(.bss)
    DataOutFreemasterCAN                     0x2000168f   Data         256  serial.o(.bss)
    DataInFreemasterUSB                      0x2000178f   Data         256  serial.o(.bss)
    DataOutFreemasterUSB                     0x2000188f   Data         256  serial.o(.bss)
    __libspace_start                         0x20001990   Data          96  libspace.o(.bss)
    __temporary_stack_top$libspace           0x200019f0   Data           0  libspace.o(.bss)



==============================================================================

Memory Map of the image

  Image Entry point : 0x08000189

  Load Region LR_IROM1 (Base: 0x08000000, Size: 0x00005120, Max: 0x00100000, ABSOLUTE)

    Execution Region ER_IROM1 (Exec base: 0x08000000, Load base: 0x08000000, Size: 0x00005008, Max: 0x00100000, ABSOLUTE)

    Exec Addr    Load Addr    Size         Type   Attr      Idx    E Section Name        Object

    0x08000000   0x08000000   0x00000188   Data   RO            3    RESET               startup_stm32f407xx.o
    0x08000188   0x08000188   0x00000008   Code   RO         4914  * !!!main             c_w.l(__main.o)
    0x08000190   0x08000190   0x00000034   Code   RO         5081    !!!scatter          c_w.l(__scatter.o)
    0x080001c4   0x080001c4   0x0000001a   Code   RO         5083    !!handler_copy      c_w.l(__scatter_copy.o)
    0x080001de   0x080001de   0x00000002   PAD
    0x080001e0   0x080001e0   0x0000001c   Code   RO         5085    !!handler_zi        c_w.l(__scatter_zi.o)
    0x080001fc   0x080001fc   0x00000002   Code   RO         4951    .ARM.Collect$$libinit$$00000000  c_w.l(libinit.o)
    0x080001fe   0x080001fe   0x00000004   Code   RO         4963    .ARM.Collect$$libinit$$00000001  c_w.l(libinit2.o)
    0x08000202   0x08000202   0x00000000   Code   RO         4966    .ARM.Collect$$libinit$$00000004  c_w.l(libinit2.o)
    0x08000202   0x08000202   0x00000000   Code   RO         4969    .ARM.Collect$$libinit$$0000000A  c_w.l(libinit2.o)
    0x08000202   0x08000202   0x00000000   Code   RO         4971    .ARM.Collect$$libinit$$0000000C  c_w.l(libinit2.o)
    0x08000202   0x08000202   0x00000000   Code   RO         4973    .ARM.Collect$$libinit$$0000000E  c_w.l(libinit2.o)
    0x08000202   0x08000202   0x00000000   Code   RO         4976    .ARM.Collect$$libinit$$00000011  c_w.l(libinit2.o)
    0x08000202   0x08000202   0x00000000   Code   RO         4978    .ARM.Collect$$libinit$$00000013  c_w.l(libinit2.o)
    0x08000202   0x08000202   0x00000000   Code   RO         4980    .ARM.Collect$$libinit$$00000015  c_w.l(libinit2.o)
    0x08000202   0x08000202   0x00000000   Code   RO         4982    .ARM.Collect$$libinit$$00000017  c_w.l(libinit2.o)
    0x08000202   0x08000202   0x00000000   Code   RO         4984    .ARM.Collect$$libinit$$00000019  c_w.l(libinit2.o)
    0x08000202   0x08000202   0x00000000   Code   RO         4986    .ARM.Collect$$libinit$$0000001B  c_w.l(libinit2.o)
    0x08000202   0x08000202   0x00000000   Code   RO         4988    .ARM.Collect$$libinit$$0000001D  c_w.l(libinit2.o)
    0x08000202   0x08000202   0x00000000   Code   RO         4990    .ARM.Collect$$libinit$$0000001F  c_w.l(libinit2.o)
    0x08000202   0x08000202   0x00000000   Code   RO         4992    .ARM.Collect$$libinit$$00000021  c_w.l(libinit2.o)
    0x08000202   0x08000202   0x00000000   Code   RO         4994    .ARM.Collect$$libinit$$00000023  c_w.l(libinit2.o)
    0x08000202   0x08000202   0x00000000   Code   RO         4996    .ARM.Collect$$libinit$$00000025  c_w.l(libinit2.o)
    0x08000202   0x08000202   0x00000000   Code   RO         5000    .ARM.Collect$$libinit$$0000002C  c_w.l(libinit2.o)
    0x08000202   0x08000202   0x00000000   Code   RO         5002    .ARM.Collect$$libinit$$0000002E  c_w.l(libinit2.o)
    0x08000202   0x08000202   0x00000000   Code   RO         5004    .ARM.Collect$$libinit$$00000030  c_w.l(libinit2.o)
    0x08000202   0x08000202   0x00000000   Code   RO         5006    .ARM.Collect$$libinit$$00000032  c_w.l(libinit2.o)
    0x08000202   0x08000202   0x00000002   Code   RO         5007    .ARM.Collect$$libinit$$00000033  c_w.l(libinit2.o)
    0x08000204   0x08000204   0x00000002   Code   RO         5038    .ARM.Collect$$libshutdown$$00000000  c_w.l(libshutdown.o)
    0x08000206   0x08000206   0x00000000   Code   RO         5064    .ARM.Collect$$libshutdown$$00000002  c_w.l(libshutdown2.o)
    0x08000206   0x08000206   0x00000000   Code   RO         5066    .ARM.Collect$$libshutdown$$00000004  c_w.l(libshutdown2.o)
    0x08000206   0x08000206   0x00000000   Code   RO         5069    .ARM.Collect$$libshutdown$$00000007  c_w.l(libshutdown2.o)
    0x08000206   0x08000206   0x00000000   Code   RO         5072    .ARM.Collect$$libshutdown$$0000000A  c_w.l(libshutdown2.o)
    0x08000206   0x08000206   0x00000000   Code   RO         5074    .ARM.Collect$$libshutdown$$0000000C  c_w.l(libshutdown2.o)
    0x08000206   0x08000206   0x00000000   Code   RO         5077    .ARM.Collect$$libshutdown$$0000000F  c_w.l(libshutdown2.o)
    0x08000206   0x08000206   0x00000002   Code   RO         5078    .ARM.Collect$$libshutdown$$00000010  c_w.l(libshutdown2.o)
    0x08000208   0x08000208   0x00000000   Code   RO         4916    .ARM.Collect$$rtentry$$00000000  c_w.l(__rtentry.o)
    0x08000208   0x08000208   0x00000000   Code   RO         4922    .ARM.Collect$$rtentry$$00000002  c_w.l(__rtentry2.o)
    0x08000208   0x08000208   0x00000006   Code   RO         4934    .ARM.Collect$$rtentry$$00000004  c_w.l(__rtentry4.o)
    0x0800020e   0x0800020e   0x00000000   Code   RO         4924    .ARM.Collect$$rtentry$$00000009  c_w.l(__rtentry2.o)
    0x0800020e   0x0800020e   0x00000004   Code   RO         4925    .ARM.Collect$$rtentry$$0000000A  c_w.l(__rtentry2.o)
    0x08000212   0x08000212   0x00000000   Code   RO         4927    .ARM.Collect$$rtentry$$0000000C  c_w.l(__rtentry2.o)
    0x08000212   0x08000212   0x00000008   Code   RO         4928    .ARM.Collect$$rtentry$$0000000D  c_w.l(__rtentry2.o)
    0x0800021a   0x0800021a   0x00000002   Code   RO         4955    .ARM.Collect$$rtexit$$00000000  c_w.l(rtexit.o)
    0x0800021c   0x0800021c   0x00000000   Code   RO         5011    .ARM.Collect$$rtexit$$00000002  c_w.l(rtexit2.o)
    0x0800021c   0x0800021c   0x00000004   Code   RO         5012    .ARM.Collect$$rtexit$$00000003  c_w.l(rtexit2.o)
    0x08000220   0x08000220   0x00000006   Code   RO         5013    .ARM.Collect$$rtexit$$00000004  c_w.l(rtexit2.o)
    0x08000226   0x08000226   0x00000002   PAD
    0x08000228   0x08000228   0x00000040   Code   RO            4    .text               startup_stm32f407xx.o
    0x08000268   0x08000268   0x000000ee   Code   RO         4908    .text               c_w.l(lludivv7m.o)
    0x08000356   0x08000356   0x0000004e   Code   RO         4910    .text               c_w.l(rt_memclr_w.o)
    0x080003a4   0x080003a4   0x00000006   Code   RO         4912    .text               c_w.l(heapauxi.o)
    0x080003aa   0x080003aa   0x0000004a   Code   RO         4938    .text               c_w.l(sys_stackheap_outer.o)
    0x080003f4   0x080003f4   0x00000012   Code   RO         4940    .text               c_w.l(exit.o)
    0x08000406   0x08000406   0x00000002   PAD
    0x08000408   0x08000408   0x00000008   Code   RO         4952    .text               c_w.l(libspace.o)
    0x08000410   0x08000410   0x0000000c   Code   RO         5008    .text               c_w.l(sys_exit.o)
    0x0800041c   0x0800041c   0x00000002   Code   RO         5027    .text               c_w.l(use_no_semi.o)
    0x0800041e   0x0800041e   0x00000000   Code   RO         5029    .text               c_w.l(indicate_semi.o)
    0x0800041e   0x0800041e   0x00000002   PAD
    0x08000420   0x08000420   0x0000004c   Code   RO          755    i.ADC_IRQHandler    stm32f4xx_it.o
    0x0800046c   0x0800046c   0x00000130   Code   RO          933    i.ADC_Init          stm32f4xx_hal_adc.o
    0x0800059c   0x0800059c   0x00000020   Code   RO          440    i.ADC_callback      adc.o
    0x080005bc   0x080005bc   0x0000000e   Code   RO          441    i.ADC_callback_add  adc.o
    0x080005ca   0x080005ca   0x00000002   PAD
    0x080005cc   0x080005cc   0x000000d4   Code   RO          442    i.ADC_read          adc.o
    0x080006a0   0x080006a0   0x00000002   Code   RO          756    i.BusFault_Handler  stm32f4xx_it.o
    0x080006a2   0x080006a2   0x00000002   PAD
    0x080006a4   0x080006a4   0x0000000c   Code   RO          757    i.CAN1_RX0_IRQHandler  stm32f4xx_it.o
    0x080006b0   0x080006b0   0x0000000c   Code   RO          758    i.CAN1_RX1_IRQHandler  stm32f4xx_it.o
    0x080006bc   0x080006bc   0x0000000c   Code   RO          759    i.CAN1_TX_IRQHandler  stm32f4xx_it.o
    0x080006c8   0x080006c8   0x0000000c   Code   RO          760    i.CAN2_RX0_IRQHandler  stm32f4xx_it.o
    0x080006d4   0x080006d4   0x0000000c   Code   RO          761    i.CAN2_RX1_IRQHandler  stm32f4xx_it.o
    0x080006e0   0x080006e0   0x0000000c   Code   RO          762    i.CAN2_TX_IRQHandler  stm32f4xx_it.o
    0x080006ec   0x080006ec   0x00000024   Code   RO          515    i.CAN_Transmit      can.o
    0x08000710   0x08000710   0x0000003a   Code   RO          216    i.Clarke            foc_lib.o
    0x0800074a   0x0800074a   0x00000002   PAD
    0x0800074c   0x0800074c   0x0000000c   Code   RO          763    i.DMA1_Stream5_IRQHandler  stm32f4xx_it.o
    0x08000758   0x08000758   0x0000000c   Code   RO          764    i.DMA1_Stream6_IRQHandler  stm32f4xx_it.o
    0x08000764   0x08000764   0x0000002c   Code   RO         1712    i.DMA_CalcBaseAndBitshift  stm32f4xx_hal_dma.o
    0x08000790   0x08000790   0x00000078   Code   RO         1713    i.DMA_CheckFifoParam  stm32f4xx_hal_dma.o
    0x08000808   0x08000808   0x00000002   Code   RO          765    i.DebugMon_Handler  stm32f4xx_it.o
    0x0800080a   0x0800080a   0x00000004   Code   RO          348    i.Error_Handler     main.o
    0x0800080e   0x0800080e   0x00000002   PAD
    0x08000810   0x08000810   0x0000000c   Code   RO         4554    i.FMSTR_AbortRec    pe_freemaster_rec.o
    0x0800081c   0x0800081c   0x00000030   Code   RO         4339    i.FMSTR_AddressFromBuffer  pe_freemaster_56f8xxx.o
    0x0800084c   0x0800084c   0x00000028   Code   RO         4340    i.FMSTR_AddressToBuffer  pe_freemaster_56f8xxx.o
    0x08000874   0x08000874   0x00000020   Code   RO         4555    i.FMSTR_Compare16S  pe_freemaster_rec.o
    0x08000894   0x08000894   0x0000001c   Code   RO         4556    i.FMSTR_Compare16U  pe_freemaster_rec.o
    0x080008b0   0x080008b0   0x0000001c   Code   RO         4557    i.FMSTR_Compare32S  pe_freemaster_rec.o
    0x080008cc   0x080008cc   0x0000001c   Code   RO         4558    i.FMSTR_Compare32U  pe_freemaster_rec.o
    0x080008e8   0x080008e8   0x00000020   Code   RO         4559    i.FMSTR_Compare8S   pe_freemaster_rec.o
    0x08000908   0x08000908   0x0000001c   Code   RO         4560    i.FMSTR_Compare8U   pe_freemaster_rec.o
    0x08000924   0x08000924   0x00000016   Code   RO         4341    i.FMSTR_CopyFromBuffer  pe_freemaster_56f8xxx.o
    0x0800093a   0x0800093a   0x00000022   Code   RO         4342    i.FMSTR_CopyFromBufferWithMask  pe_freemaster_56f8xxx.o
    0x0800095c   0x0800095c   0x00000012   Code   RO         4343    i.FMSTR_CopyMemory  pe_freemaster_56f8xxx.o
    0x0800096e   0x0800096e   0x00000012   Code   RO         4344    i.FMSTR_CopyToBuffer  pe_freemaster_56f8xxx.o
    0x08000980   0x08000980   0x00000074   Code   RO         4469    i.FMSTR_GetBoardInfo  pe_freemaster_protocol.o
    0x080009f4   0x080009f4   0x00000044   Code   RO         4561    i.FMSTR_GetRecBuff  pe_freemaster_rec.o
    0x08000a38   0x08000a38   0x00000006   Code   RO         4562    i.FMSTR_GetRecBuffSize  pe_freemaster_rec.o
    0x08000a3e   0x08000a3e   0x00000002   PAD
    0x08000a40   0x08000a40   0x00000028   Code   RO         4563    i.FMSTR_GetRecStatus  pe_freemaster_rec.o
    0x08000a68   0x08000a68   0x0000002c   Code   RO         4734    i.FMSTR_Listen      pe_freemaster_serial.o
    0x08000a94   0x08000a94   0x00000004   Code   RO         4735    i.FMSTR_Poll        pe_freemaster_serial.o
    0x08000a98   0x08000a98   0x0000003c   Code   RO         4736    i.FMSTR_ProcessSCI  pe_freemaster_serial.o
    0x08000ad4   0x08000ad4   0x0000013c   Code   RO         4471    i.FMSTR_ProtocolDecoder  pe_freemaster_protocol.o
    0x08000c10   0x08000c10   0x00000032   Code   RO         4472    i.FMSTR_ReadMem     pe_freemaster_protocol.o
    0x08000c42   0x08000c42   0x00000002   PAD
    0x08000c44   0x08000c44   0x00000048   Code   RO         4694    i.FMSTR_ReadScope   pe_freemaster_scope.o
    0x08000c8c   0x08000c8c   0x00000022   Code   RO         4473    i.FMSTR_ReadVar     pe_freemaster_protocol.o
    0x08000cae   0x08000cae   0x00000002   PAD
    0x08000cb0   0x08000cb0   0x00000014   Code   RO         4566    i.FMSTR_Recorder    pe_freemaster_rec.o
    0x08000cc4   0x08000cc4   0x000000bc   Code   RO         4567    i.FMSTR_Recorder2   pe_freemaster_rec.o
    0x08000d80   0x08000d80   0x000000dc   Code   RO         4737    i.FMSTR_Rx          pe_freemaster_serial.o
    0x08000e5c   0x08000e5c   0x00000044   Code   RO         4819    i.FMSTR_SCI_GETCHAR  serial.o
    0x08000ea0   0x08000ea0   0x00000044   Code   RO         4820    i.FMSTR_SCI_PUTCHAR  serial.o
    0x08000ee4   0x08000ee4   0x00000020   Code   RO         4821    i.FMSTR_SCI_RD      serial.o
    0x08000f04   0x08000f04   0x0000007c   Code   RO         4822    i.FMSTR_SCI_RDCLRSR  serial.o
    0x08000f80   0x08000f80   0x0000002c   Code   RO         4823    i.FMSTR_SCI_RE      serial.o
    0x08000fac   0x08000fac   0x00000014   Code   RO         4824    i.FMSTR_SCI_TD      serial.o
    0x08000fc0   0x08000fc0   0x0000002c   Code   RO         4825    i.FMSTR_SCI_TE      serial.o
    0x08000fec   0x08000fec   0x00000010   Code   RO         4738    i.FMSTR_SendError   pe_freemaster_serial.o
    0x08000ffc   0x08000ffc   0x0000005c   Code   RO         4739    i.FMSTR_SendResponse  pe_freemaster_serial.o
    0x08001058   0x08001058   0x0000000c   Code   RO         4346    i.FMSTR_SetExAddr   pe_freemaster_56f8xxx.o
    0x08001064   0x08001064   0x00000188   Code   RO         4568    i.FMSTR_SetUpRec    pe_freemaster_rec.o
    0x080011ec   0x080011ec   0x0000007c   Code   RO         4695    i.FMSTR_SetUpScope  pe_freemaster_scope.o
    0x08001268   0x08001268   0x00000058   Code   RO         4570    i.FMSTR_StartRec    pe_freemaster_rec.o
    0x080012c0   0x080012c0   0x00000038   Code   RO         4571    i.FMSTR_StopRec     pe_freemaster_rec.o
    0x080012f8   0x080012f8   0x0000001c   Code   RO         4572    i.FMSTR_TriggerRec  pe_freemaster_rec.o
    0x08001314   0x08001314   0x00000054   Code   RO         4740    i.FMSTR_Tx          pe_freemaster_serial.o
    0x08001368   0x08001368   0x00000024   Code   RO         4474    i.FMSTR_WriteMem    pe_freemaster_protocol.o
    0x0800138c   0x0800138c   0x00000024   Code   RO         4475    i.FMSTR_WriteMemMask  pe_freemaster_protocol.o
    0x080013b0   0x080013b0   0x000001d4   Code   RO         1103    i.HAL_ADCEx_InjectedConfigChannel  stm32f4xx_hal_adc_ex.o
    0x08001584   0x08001584   0x00000002   Code   RO         1104    i.HAL_ADCEx_InjectedConvCpltCallback  stm32f4xx_hal_adc_ex.o
    0x08001586   0x08001586   0x00000002   PAD
    0x08001588   0x08001588   0x000000f0   Code   RO         1107    i.HAL_ADCEx_InjectedStart  stm32f4xx_hal_adc_ex.o
    0x08001678   0x08001678   0x000000f8   Code   RO         1108    i.HAL_ADCEx_InjectedStart_IT  stm32f4xx_hal_adc_ex.o
    0x08001770   0x08001770   0x00000158   Code   RO          935    i.HAL_ADC_ConfigChannel  stm32f4xx_hal_adc.o
    0x080018c8   0x080018c8   0x00000002   Code   RO          936    i.HAL_ADC_ConvCpltCallback  stm32f4xx_hal_adc.o
    0x080018ca   0x080018ca   0x00000002   Code   RO          939    i.HAL_ADC_ErrorCallback  stm32f4xx_hal_adc.o
    0x080018cc   0x080018cc   0x00000132   Code   RO          943    i.HAL_ADC_IRQHandler  stm32f4xx_hal_adc.o
    0x080019fe   0x080019fe   0x00000054   Code   RO          944    i.HAL_ADC_Init      stm32f4xx_hal_adc.o
    0x08001a52   0x08001a52   0x00000002   Code   RO          945    i.HAL_ADC_LevelOutOfWindowCallback  stm32f4xx_hal_adc.o
    0x08001a54   0x08001a54   0x00000104   Code   RO          444    i.HAL_ADC_MspInit   adc.o
    0x08001b58   0x08001b58   0x00000114   Code   RO          950    i.HAL_ADC_Start     stm32f4xx_hal_adc.o
    0x08001c6c   0x08001c6c   0x000000e2   Code   RO         2393    i.HAL_CAN_AddTxMessage  stm32f4xx_hal_can.o
    0x08001d4e   0x08001d4e   0x00000002   Code   RO         2397    i.HAL_CAN_ErrorCallback  stm32f4xx_hal_can.o
    0x08001d50   0x08001d50   0x00000112   Code   RO         2400    i.HAL_CAN_GetRxMessage  stm32f4xx_hal_can.o
    0x08001e62   0x08001e62   0x0000002c   Code   RO         2402    i.HAL_CAN_GetTxMailboxesFreeLevel  stm32f4xx_hal_can.o
    0x08001e8e   0x08001e8e   0x000001fc   Code   RO         2404    i.HAL_CAN_IRQHandler  stm32f4xx_hal_can.o
    0x0800208a   0x0800208a   0x00000152   Code   RO         2405    i.HAL_CAN_Init      stm32f4xx_hal_can.o
    0x080021dc   0x080021dc   0x00000144   Code   RO          517    i.HAL_CAN_MspInit   can.o
    0x08002320   0x08002320   0x00000002   Code   RO         2412    i.HAL_CAN_RxFifo0FullCallback  stm32f4xx_hal_can.o
    0x08002322   0x08002322   0x00000002   PAD
    0x08002324   0x08002324   0x00000044   Code   RO          518    i.HAL_CAN_RxFifo0MsgPendingCallback  can.o
    0x08002368   0x08002368   0x00000002   Code   RO         2414    i.HAL_CAN_RxFifo1FullCallback  stm32f4xx_hal_can.o
    0x0800236a   0x0800236a   0x00000002   Code   RO         2415    i.HAL_CAN_RxFifo1MsgPendingCallback  stm32f4xx_hal_can.o
    0x0800236c   0x0800236c   0x00000002   Code   RO         2416    i.HAL_CAN_SleepCallback  stm32f4xx_hal_can.o
    0x0800236e   0x0800236e   0x00000002   Code   RO         2419    i.HAL_CAN_TxMailbox0AbortCallback  stm32f4xx_hal_can.o
    0x08002370   0x08002370   0x00000002   Code   RO          519    i.HAL_CAN_TxMailbox0CompleteCallback  can.o
    0x08002372   0x08002372   0x00000002   Code   RO         2421    i.HAL_CAN_TxMailbox1AbortCallback  stm32f4xx_hal_can.o
    0x08002374   0x08002374   0x00000002   Code   RO         2422    i.HAL_CAN_TxMailbox1CompleteCallback  stm32f4xx_hal_can.o
    0x08002376   0x08002376   0x00000002   Code   RO         2423    i.HAL_CAN_TxMailbox2AbortCallback  stm32f4xx_hal_can.o
    0x08002378   0x08002378   0x00000002   Code   RO         2424    i.HAL_CAN_TxMailbox2CompleteCallback  stm32f4xx_hal_can.o
    0x0800237a   0x0800237a   0x00000002   Code   RO         2426    i.HAL_CAN_WakeUpFromRxMsgCallback  stm32f4xx_hal_can.o
    0x0800237c   0x0800237c   0x000001d0   Code   RO         1720    i.HAL_DMA_IRQHandler  stm32f4xx_hal_dma.o
    0x0800254c   0x0800254c   0x000000d4   Code   RO         1721    i.HAL_DMA_Init      stm32f4xx_hal_dma.o
    0x08002620   0x08002620   0x000001d0   Code   RO         1608    i.HAL_GPIO_Init     stm32f4xx_hal_gpio.o
    0x080027f0   0x080027f0   0x0000000e   Code   RO         1612    i.HAL_GPIO_WritePin  stm32f4xx_hal_gpio.o
    0x080027fe   0x080027fe   0x00000002   PAD
    0x08002800   0x08002800   0x0000000c   Code   RO         2146    i.HAL_GetTick       stm32f4xx_hal.o
    0x0800280c   0x0800280c   0x00000010   Code   RO         2152    i.HAL_IncTick       stm32f4xx_hal.o
    0x0800281c   0x0800281c   0x00000034   Code   RO         2153    i.HAL_Init          stm32f4xx_hal.o
    0x08002850   0x08002850   0x00000044   Code   RO         2154    i.HAL_InitTick      stm32f4xx_hal.o
    0x08002894   0x08002894   0x00000030   Code   RO          906    i.HAL_MspInit       stm32f4xx_hal_msp.o
    0x080028c4   0x080028c4   0x0000001a   Code   RO         1998    i.HAL_NVIC_EnableIRQ  stm32f4xx_hal_cortex.o
    0x080028de   0x080028de   0x00000002   PAD
    0x080028e0   0x080028e0   0x00000040   Code   RO         2004    i.HAL_NVIC_SetPriority  stm32f4xx_hal_cortex.o
    0x08002920   0x08002920   0x00000024   Code   RO         2005    i.HAL_NVIC_SetPriorityGrouping  stm32f4xx_hal_cortex.o
    0x08002944   0x08002944   0x0000014c   Code   RO         1209    i.HAL_RCC_ClockConfig  stm32f4xx_hal_rcc.o
    0x08002a90   0x08002a90   0x0000000c   Code   RO         1214    i.HAL_RCC_GetHCLKFreq  stm32f4xx_hal_rcc.o
    0x08002a9c   0x08002a9c   0x00000020   Code   RO         1216    i.HAL_RCC_GetPCLK1Freq  stm32f4xx_hal_rcc.o
    0x08002abc   0x08002abc   0x00000020   Code   RO         1217    i.HAL_RCC_GetPCLK2Freq  stm32f4xx_hal_rcc.o
    0x08002adc   0x08002adc   0x00000068   Code   RO         1218    i.HAL_RCC_GetSysClockFreq  stm32f4xx_hal_rcc.o
    0x08002b44   0x08002b44   0x000003c0   Code   RO         1221    i.HAL_RCC_OscConfig  stm32f4xx_hal_rcc.o
    0x08002f04   0x08002f04   0x000000be   Code   RO         2636    i.HAL_SPI_Init      stm32f4xx_hal_spi.o
    0x08002fc2   0x08002fc2   0x00000002   PAD
    0x08002fc4   0x08002fc4   0x0000006c   Code   RO          612    i.HAL_SPI_MspInit   spi.o
    0x08003030   0x08003030   0x00000028   Code   RO         2009    i.HAL_SYSTICK_Config  stm32f4xx_hal_cortex.o
    0x08003058   0x08003058   0x00000002   Code   RO         3664    i.HAL_TIMEx_BreakCallback  stm32f4xx_hal_tim_ex.o
    0x0800305a   0x0800305a   0x00000002   Code   RO         3665    i.HAL_TIMEx_CommutCallback  stm32f4xx_hal_tim_ex.o
    0x0800305c   0x0800305c   0x00000054   Code   RO         3667    i.HAL_TIMEx_ConfigBreakDeadTime  stm32f4xx_hal_tim_ex.o
    0x080030b0   0x080030b0   0x00000090   Code   RO         3683    i.HAL_TIMEx_MasterConfigSynchronization  stm32f4xx_hal_tim_ex.o
    0x08003140   0x08003140   0x0000004a   Code   RO         2949    i.HAL_TIM_Base_Init  stm32f4xx_hal_tim.o
    0x0800318a   0x0800318a   0x00000002   PAD
    0x0800318c   0x0800318c   0x000000e8   Code   RO          654    i.HAL_TIM_Base_MspInit  tim.o
    0x08003274   0x08003274   0x0000008c   Code   RO         2954    i.HAL_TIM_Base_Start_IT  stm32f4xx_hal_tim.o
    0x08003300   0x08003300   0x000000e8   Code   RO         2958    i.HAL_TIM_ConfigClockSource  stm32f4xx_hal_tim.o
    0x080033e8   0x080033e8   0x000000ea   Code   RO         2959    i.HAL_TIM_ConfigOCrefClear  stm32f4xx_hal_tim.o
    0x080034d2   0x080034d2   0x00000002   Code   RO         2983    i.HAL_TIM_IC_CaptureCallback  stm32f4xx_hal_tim.o
    0x080034d4   0x080034d4   0x00000138   Code   RO         2997    i.HAL_TIM_IRQHandler  stm32f4xx_hal_tim.o
    0x0800360c   0x0800360c   0x000000a0   Code   RO          655    i.HAL_TIM_MspPostInit  tim.o
    0x080036ac   0x080036ac   0x00000002   Code   RO         3000    i.HAL_TIM_OC_DelayElapsedCallback  stm32f4xx_hal_tim.o
    0x080036ae   0x080036ae   0x000000d8   Code   RO         3021    i.HAL_TIM_PWM_ConfigChannel  stm32f4xx_hal_tim.o
    0x08003786   0x08003786   0x0000004a   Code   RO         3024    i.HAL_TIM_PWM_Init  stm32f4xx_hal_tim.o
    0x080037d0   0x080037d0   0x00000002   Code   RO         3026    i.HAL_TIM_PWM_MspInit  stm32f4xx_hal_tim.o
    0x080037d2   0x080037d2   0x00000002   Code   RO         3027    i.HAL_TIM_PWM_PulseFinishedCallback  stm32f4xx_hal_tim.o
    0x080037d4   0x080037d4   0x00000002   Code   RO         3035    i.HAL_TIM_PeriodElapsedCallback  stm32f4xx_hal_tim.o
    0x080037d6   0x080037d6   0x00000002   Code   RO         3040    i.HAL_TIM_TriggerCallback  stm32f4xx_hal_tim.o
    0x080037d8   0x080037d8   0x00000066   Code   RO         3961    i.HAL_UART_Init     stm32f4xx_hal_uart.o
    0x0800383e   0x0800383e   0x00000002   PAD
    0x08003840   0x08003840   0x000000d8   Code   RO          714    i.HAL_UART_MspInit  usart.o
    0x08003918   0x08003918   0x00000002   Code   RO          766    i.HardFault_Handler  stm32f4xx_it.o
    0x0800391a   0x0800391a   0x00000002   PAD
    0x0800391c   0x0800391c   0x00000164   Code   RO          445    i.MX_ADC1_Init      adc.o
    0x08003a80   0x08003a80   0x0000009c   Code   RO          446    i.MX_ADC2_Init      adc.o
    0x08003b1c   0x08003b1c   0x000000ac   Code   RO          447    i.MX_ADC3_Init      adc.o
    0x08003bc8   0x08003bc8   0x00000044   Code   RO          520    i.MX_CAN1_Init      can.o
    0x08003c0c   0x08003c0c   0x00000044   Code   RO          521    i.MX_CAN2_Init      can.o
    0x08003c50   0x08003c50   0x0000003c   Code   RO          587    i.MX_DMA_Init       dma.o
    0x08003c8c   0x08003c8c   0x000000c0   Code   RO          416    i.MX_GPIO_Init      gpio.o
    0x08003d4c   0x08003d4c   0x0000004c   Code   RO          613    i.MX_SPI2_Init      spi.o
    0x08003d98   0x08003d98   0x00000120   Code   RO          656    i.MX_TIM1_Init      tim.o
    0x08003eb8   0x08003eb8   0x00000044   Code   RO          657    i.MX_TIM7_Init      tim.o
    0x08003efc   0x08003efc   0x000000e4   Code   RO          658    i.MX_TIM8_Init      tim.o
    0x08003fe0   0x08003fe0   0x00000038   Code   RO          715    i.MX_USART2_UART_Init  usart.o
    0x08004018   0x08004018   0x00000002   Code   RO          767    i.MemManage_Handler  stm32f4xx_it.o
    0x0800401a   0x0800401a   0x00000002   Code   RO          768    i.NMI_Handler       stm32f4xx_it.o
    0x0800401c   0x0800401c   0x00000066   Code   RO          217    i.PI_reg            foc_lib.o
    0x08004082   0x08004082   0x00000002   PAD
    0x08004084   0x08004084   0x00000088   Code   RO           13    i.PWM_Disable       control.o
    0x0800410c   0x0800410c   0x00000034   Code   RO           14    i.PWM_Enable        control.o
    0x08004140   0x08004140   0x0000003c   Code   RO           15    i.PWM_Load          control.o
    0x0800417c   0x0800417c   0x0000005c   Code   RO          218    i.Park              foc_lib.o
    0x080041d8   0x080041d8   0x00000002   Code   RO          769    i.PendSV_Handler    stm32f4xx_it.o
    0x080041da   0x080041da   0x00000002   Code   RO          770    i.SVC_Handler       stm32f4xx_it.o
    0x080041dc   0x080041dc   0x000000f6   Code   RO          220    i.SVPWM             foc_lib.o
    0x080042d2   0x080042d2   0x00000004   Code   RO          771    i.SysTick_Handler   stm32f4xx_it.o
    0x080042d6   0x080042d6   0x00000002   PAD
    0x080042d8   0x080042d8   0x00000094   Code   RO          349    i.SystemClock_Config  main.o
    0x0800436c   0x0800436c   0x00000010   Code   RO         4305    i.SystemInit        system_stm32f4xx.o
    0x0800437c   0x0800437c   0x00000018   Code   RO          772    i.TIM1_UP_TIM10_IRQHandler  stm32f4xx_it.o
    0x08004394   0x08004394   0x0000001c   Code   RO          773    i.TIM7_IRQHandler   stm32f4xx_it.o
    0x080043b0   0x080043b0   0x00000014   Code   RO          774    i.TIM8_UP_TIM13_IRQHandler  stm32f4xx_it.o
    0x080043c4   0x080043c4   0x000000dc   Code   RO         3042    i.TIM_Base_SetConfig  stm32f4xx_hal_tim.o
    0x080044a0   0x080044a0   0x00000014   Code   RO         3053    i.TIM_ETR_SetConfig  stm32f4xx_hal_tim.o
    0x080044b4   0x080044b4   0x00000010   Code   RO         3054    i.TIM_ITRx_SetConfig  stm32f4xx_hal_tim.o
    0x080044c4   0x080044c4   0x00000068   Code   RO         3055    i.TIM_OC1_SetConfig  stm32f4xx_hal_tim.o
    0x0800452c   0x0800452c   0x00000074   Code   RO         3056    i.TIM_OC2_SetConfig  stm32f4xx_hal_tim.o
    0x080045a0   0x080045a0   0x00000070   Code   RO         3057    i.TIM_OC3_SetConfig  stm32f4xx_hal_tim.o
    0x08004610   0x08004610   0x00000054   Code   RO         3058    i.TIM_OC4_SetConfig  stm32f4xx_hal_tim.o
    0x08004664   0x08004664   0x00000022   Code   RO         3060    i.TIM_TI1_ConfigInputStage  stm32f4xx_hal_tim.o
    0x08004686   0x08004686   0x00000024   Code   RO         3062    i.TIM_TI2_ConfigInputStage  stm32f4xx_hal_tim.o
    0x080046aa   0x080046aa   0x00000002   PAD
    0x080046ac   0x080046ac   0x00000114   Code   RO         3988    i.UART_SetConfig    stm32f4xx_hal_uart.o
    0x080047c0   0x080047c0   0x00000074   Code   RO          350    i.USER_Init         main.o
    0x08004834   0x08004834   0x00000002   Code   RO          775    i.UsageFault_Handler  stm32f4xx_it.o
    0x08004836   0x08004836   0x00000020   Code   RO         2011    i.__NVIC_SetPriority  stm32f4xx_hal_cortex.o
    0x08004856   0x08004856   0x00000002   PAD
    0x08004858   0x08004858   0x000000e4   Code   RO           16    i.check_faults      control.o
    0x0800493c   0x0800493c   0x00000040   Code   RO          221    i.form_SinCos       foc_lib.o
    0x0800497c   0x0800497c   0x000000a4   Code   RO           17    i.get_speed_encoder  control.o
    0x08004a20   0x08004a20   0x00000060   Code   RO          222    i.invPark           foc_lib.o
    0x08004a80   0x08004a80   0x00000042   Code   RO          351    i.main              main.o
    0x08004ac2   0x08004ac2   0x00000002   PAD
    0x08004ac4   0x08004ac4   0x00000240   Code   RO           18    i.motor_control     control.o
    0x08004d04   0x08004d04   0x000000b0   Code   RO           19    i.motor_control_add  control.o
    0x08004db4   0x08004db4   0x00000008   Code   RO          223    i.mult_r            foc_lib.o
    0x08004dbc   0x08004dbc   0x0000000a   Code   RO         5023    x$fpl$fpinit        fz_wm.l(fpinit.o)
    0x08004dc6   0x08004dc6   0x00000202   Data   RO          226    .constdata          foc_lib.o
    0x08004fc8   0x08004fc8   0x00000008   Data   RO         1727    .constdata          stm32f4xx_hal_dma.o
    0x08004fd0   0x08004fd0   0x00000010   Data   RO         4306    .constdata          system_stm32f4xx.o
    0x08004fe0   0x08004fe0   0x00000008   Data   RO         4307    .constdata          system_stm32f4xx.o
    0x08004fe8   0x08004fe8   0x00000020   Data   RO         5079    Region$$Table       anon$$obj.o


    Execution Region RW_IRAM1 (Exec base: 0x20000000, Load base: 0x08005008, Size: 0x000025f0, Max: 0x0001c000, ABSOLUTE)

    Exec Addr    Load Addr    Size         Type   Attr      Idx    E Section Name        Object

    0x20000000   0x08005008   0x00000010   Data   RW           20    .data               control.o
    0x20000010   0x08005018   0x00000001   Data   RW          227    .data               foc_lib.o
    0x20000011   0x08005019   0x00000001   PAD
    0x20000012   0x0800501a   0x00000004   Data   RW          228    .data               foc_lib.o
    0x20000016   0x0800501e   0x00000002   Data   RW          230    .data               foc_lib.o
    0x20000018   0x08005020   0x00000002   Data   RW          231    .data               foc_lib.o
    0x2000001a   0x08005022   0x00000001   Data   RW          232    .data               foc_lib.o
    0x2000001b   0x08005023   0x00000001   Data   RW          233    .data               foc_lib.o
    0x2000001c   0x08005024   0x00000001   Data   RW          234    .data               foc_lib.o
    0x2000001d   0x08005025   0x00000001   Data   RW          235    .data               foc_lib.o
    0x2000001e   0x08005026   0x00000001   Data   RW          236    .data               foc_lib.o
    0x2000001f   0x08005027   0x00000001   Data   RW          237    .data               foc_lib.o
    0x20000020   0x08005028   0x00000002   Data   RW          238    .data               foc_lib.o
    0x20000022   0x0800502a   0x00000002   Data   RW          239    .data               foc_lib.o
    0x20000024   0x0800502c   0x00000002   Data   RW          240    .data               foc_lib.o
    0x20000026   0x0800502e   0x00000002   Data   RW          241    .data               foc_lib.o
    0x20000028   0x08005030   0x00000002   Data   RW          242    .data               foc_lib.o
    0x2000002a   0x08005032   0x00000002   Data   RW          243    .data               foc_lib.o
    0x2000002c   0x08005034   0x00000002   Data   RW          244    .data               foc_lib.o
    0x2000002e   0x08005036   0x00000006   Data   RW          245    .data               foc_lib.o
    0x20000034   0x0800503c   0x00000004   Data   RW          246    .data               foc_lib.o
    0x20000038   0x08005040   0x00000004   Data   RW          247    .data               foc_lib.o
    0x2000003c   0x08005044   0x00000002   Data   RW          249    .data               foc_lib.o
    0x2000003e   0x08005046   0x00000006   Data   RW          251    .data               foc_lib.o
    0x20000044   0x0800504c   0x00000006   Data   RW          252    .data               foc_lib.o
    0x2000004a   0x08005052   0x00000004   Data   RW          253    .data               foc_lib.o
    0x2000004e   0x08005056   0x00000004   Data   RW          254    .data               foc_lib.o
    0x20000052   0x0800505a   0x00000002   Data   RW          255    .data               foc_lib.o
    0x20000054   0x0800505c   0x00000002   Data   RW          256    .data               foc_lib.o
    0x20000056   0x0800505e   0x00000002   Data   RW          257    .data               foc_lib.o
    0x20000058   0x08005060   0x00000002   Data   RW          258    .data               foc_lib.o
    0x2000005a   0x08005062   0x00000002   Data   RW          259    .data               foc_lib.o
    0x2000005c   0x08005064   0x00000002   Data   RW          260    .data               foc_lib.o
    0x2000005e   0x08005066   0x00000002   Data   RW          261    .data               foc_lib.o
    0x20000060   0x08005068   0x00000002   Data   RW          262    .data               foc_lib.o
    0x20000062   0x0800506a   0x00000002   Data   RW          263    .data               foc_lib.o
    0x20000064   0x0800506c   0x00000002   Data   RW          264    .data               foc_lib.o
    0x20000066   0x0800506e   0x00000002   Data   RW          265    .data               foc_lib.o
    0x20000068   0x08005070   0x00000002   Data   RW          266    .data               foc_lib.o
    0x2000006a   0x08005072   0x00000002   Data   RW          267    .data               foc_lib.o
    0x2000006c   0x08005074   0x00000004   Data   RW          269    .data               foc_lib.o
    0x20000070   0x08005078   0x00000004   Data   RW          270    .data               foc_lib.o
    0x20000074   0x0800507c   0x00000002   Data   RW          274    .data               foc_lib.o
    0x20000076   0x0800507e   0x00000002   Data   RW          275    .data               foc_lib.o
    0x20000078   0x08005080   0x00000002   Data   RW          276    .data               foc_lib.o
    0x2000007a   0x08005082   0x00000002   Data   RW          277    .data               foc_lib.o
    0x2000007c   0x08005084   0x00000001   Data   RW          278    .data               foc_lib.o
    0x2000007d   0x08005085   0x00000001   PAD
    0x2000007e   0x08005086   0x00000002   Data   RW          279    .data               foc_lib.o
    0x20000080   0x08005088   0x00000004   Data   RW          286    .data               foc_lib.o
    0x20000084   0x0800508c   0x0000000c   Data   RW          449    .data               adc.o
    0x20000090   0x08005098   0x0000001c   Data   RW          523    .data               can.o
    0x200000ac   0x080050b4   0x00000004   Data   RW          776    .data               stm32f4xx_it.o
    0x200000b0   0x080050b8   0x0000000c   Data   RW         2160    .data               stm32f4xx_hal.o
    0x200000bc   0x080050c4   0x00000004   Data   RW         4308    .data               system_stm32f4xx.o
    0x200000c0   0x080050c8   0x00000002   Data   RW         4347    .data               pe_freemaster_56f8xxx.o
    0x200000c2   0x080050ca   0x00000002   PAD
    0x200000c4   0x080050cc   0x00000030   Data   RW         4574    .data               pe_freemaster_rec.o
    0x200000f4   0x080050fc   0x00000001   Data   RW         4697    .data               pe_freemaster_scope.o
    0x200000f5   0x080050fd   0x00000003   PAD
    0x200000f8   0x08005100   0x00000014   Data   RW         4742    .data               pe_freemaster_serial.o
    0x2000010c   0x08005114   0x00000009   Data   RW         4828    .data               serial.o
    0x20000115   0x0800511d   0x00000003   PAD
    0x20000118        -       0x0000000c   Zero   RW          224    .bss                foc_lib.o
    0x20000124        -       0x0000000c   Zero   RW          225    .bss                foc_lib.o
    0x20000130        -       0x000000d8   Zero   RW          448    .bss                adc.o
    0x20000208        -       0x000000ac   Zero   RW          522    .bss                can.o
    0x200002b4        -       0x00000058   Zero   RW          614    .bss                spi.o
    0x2000030c        -       0x000000d8   Zero   RW          659    .bss                tim.o
    0x200003e4        -       0x00000108   Zero   RW          716    .bss                usart.o
    0x200004ec        -       0x00001030   Zero   RW         4573    .bss                pe_freemaster_rec.o
    0x2000151c        -       0x00000030   Zero   RW         4696    .bss                pe_freemaster_scope.o
    0x2000154c        -       0x00000043   Zero   RW         4741    .bss                pe_freemaster_serial.o
    0x2000158f        -       0x00000400   Zero   RW         4826    .bss                serial.o
    0x2000198f   0x0800511d   0x00000001   PAD
    0x20001990        -       0x00000060   Zero   RW         4953    .bss                c_w.l(libspace.o)
    0x200019f0        -       0x00000400   Zero   RW            2    HEAP                startup_stm32f407xx.o
    0x20001df0        -       0x00000800   Zero   RW            1    STACK               startup_stm32f407xx.o


    Execution Region RW_IRAM2 (Exec base: 0x2001c000, Load base: 0x08005120, Size: 0x00000000, Max: 0x00004000, ABSOLUTE)

    **** No section assigned to this execution region ****


==============================================================================

Image component sizes


      Code (inc. data)   RO Data    RW Data    ZI Data      Debug   Object Name

      1202        170          0         12        216       6259   adc.o
       566         58          0         28        172       4517   can.o
      1392        338          0         16          0     735913   control.o
        60          4          0          0          0        790   dma.o
       666          0        514        114         24       8550   foc_lib.o
       192         12          0          0          0       1055   gpio.o
       334         38          0          0          0       2652   main.o
       192         18          0          2          0      11908   pe_freemaster_56f8xxx.o
       588         34          0          0          0      12803   pe_freemaster_protocol.o
      1074        102          0         48       4144      19609   pe_freemaster_rec.o
       196         20          0          1         48       7734   pe_freemaster_scope.o
       520         32          0         20         67      10899   pe_freemaster_serial.o
       400         84          0          9       1024       9835   serial.o
       184         24          0          0         88       1717   spi.o
        64         26        392          0       3072        848   startup_stm32f407xx.o
       148         24          0         12          0       8813   stm32f4xx_hal.o
      1320         48          0          0          0       6550   stm32f4xx_hal_adc.o
       958         46          0          0          0       4058   stm32f4xx_hal_adc_ex.o
      1412          0          0          0          0      12370   stm32f4xx_hal_can.o
       198         14          0          0          0      33951   stm32f4xx_hal_cortex.o
       840         14          8          0          0       4340   stm32f4xx_hal_dma.o
       478         44          0          0          0       2316   stm32f4xx_hal_gpio.o
        48          6          0          0          0        858   stm32f4xx_hal_msp.o
      1472         76          0          0          0       6372   stm32f4xx_hal_rcc.o
       190          0          0          0          0       1215   stm32f4xx_hal_spi.o
      2036        112          0          0          0      17191   stm32f4xx_hal_tim.o
       232         30          0          0          0       3425   stm32f4xx_hal_tim_ex.o
       378         10          0          0          0       1924   stm32f4xx_hal_uart.o
       264         96          0          4          0      10349   stm32f4xx_it.o
        16          4         24          4          0       1139   system_stm32f4xx.o
       976         66          0          0        216       4358   tim.o
       272         30          0          0        264       1908   usart.o

    ----------------------------------------------------------------------
     18908       1580        970        280       9336     956226   Object Totals
         0          0         32          0          0          0   (incl. Generated)
        40          0          0         10          1          0   (incl. Padding)

    ----------------------------------------------------------------------

      Code (inc. data)   RO Data    RW Data    ZI Data      Debug   Library Member Name

         8          0          0          0          0         68   __main.o
         0          0          0          0          0          0   __rtentry.o
        12          0          0          0          0          0   __rtentry2.o
         6          0          0          0          0          0   __rtentry4.o
        52          8          0          0          0          0   __scatter.o
        26          0          0          0          0          0   __scatter_copy.o
        28          0          0          0          0          0   __scatter_zi.o
        18          0          0          0          0         80   exit.o
         6          0          0          0          0        152   heapauxi.o
         0          0          0          0          0          0   indicate_semi.o
         2          0          0          0          0          0   libinit.o
         6          0          0          0          0          0   libinit2.o
         2          0          0          0          0          0   libshutdown.o
         2          0          0          0          0          0   libshutdown2.o
         8          4          0          0         96         68   libspace.o
       238          0          0          0          0        100   lludivv7m.o
        78          0          0          0          0         80   rt_memclr_w.o
         2          0          0          0          0          0   rtexit.o
        10          0          0          0          0          0   rtexit2.o
        12          4          0          0          0         68   sys_exit.o
        74          0          0          0          0         80   sys_stackheap_outer.o
         2          0          0          0          0         68   use_no_semi.o
        10          0          0          0          0        116   fpinit.o

    ----------------------------------------------------------------------
       610         16          0          0         96        880   Library Totals
         8          0          0          0          0          0   (incl. Padding)

    ----------------------------------------------------------------------

      Code (inc. data)   RO Data    RW Data    ZI Data      Debug   Library Name

       592         16          0          0         96        764   c_w.l
        10          0          0          0          0        116   fz_wm.l

    ----------------------------------------------------------------------
       610         16          0          0         96        880   Library Totals

    ----------------------------------------------------------------------

==============================================================================


      Code (inc. data)   RO Data    RW Data    ZI Data      Debug   

     19518       1596        970        280       9432     938746   Grand Totals
     19518       1596        970        280       9432     938746   ELF Image Totals
     19518       1596        970        280          0          0   ROM Totals

==============================================================================

    Total RO  Size (Code + RO Data)                20488 (  20.01kB)
    Total RW  Size (RW Data + ZI Data)              9712 (   9.48kB)
    Total ROM Size (Code + RO Data + RW Data)      20768 (  20.28kB)

==============================================================================

